 RobotSim_sfun

 Timestamp is 5419230b (Wed Sep 17 15:58:35 2014)

 Preferred load address is 0000000180000000

 Start         Length     Name                   Class
 0001:00000000 0004a484H .text                   CODE
 0001:0004a490 00000092H .text$x                 CODE
 0002:00000000 000004c0H .idata$5                DATA
 0002:000004c0 00000008H .CRT$XCA                DATA
 0002:000004c8 00000008H .CRT$XCZ                DATA
 0002:000004d0 00000008H .CRT$XIA                DATA
 0002:000004d8 00000008H .CRT$XIAA               DATA
 0002:000004e0 00000008H .CRT$XIZ                DATA
 0002:000004f0 00004becH .rdata                  DATA
 0002:000050e0 00000008H .rtc$IAA                DATA
 0002:000050e8 00000008H .rtc$IZZ                DATA
 0002:000050f0 00000008H .rtc$TAA                DATA
 0002:000050f8 00000008H .rtc$TZZ                DATA
 0002:00005100 000045d4H .xdata                  DATA
 0002:000096d4 000000a0H .idata$2                DATA
 0002:00009774 00000014H .idata$3                DATA
 0002:00009788 000004c0H .idata$4                DATA
 0002:00009c48 00000b2eH .idata$6                DATA
 0002:0000a780 00000053H .edata                  DATA
 0003:00000000 00007888H .data                   DATA
 0003:000078a0 00002458H .bss                    DATA
 0004:00000000 000036f0H .pdata                  DATA

  Address         Publics by Value              Rva+Base               Lib:Object

 0000:00000000       ___safe_se_handler_table   0000000000000000     <absolute>
 0000:00000000       ___safe_se_handler_count   0000000000000000     <absolute>
 0000:00000000       __ImageBase                0000000180000000     <linker-defined>
 0001:00000000       sf_c2_RobotSim_get_eml_resolved_functions_info 0000000180001000 f   c2_RobotSim.obj
 0001:00001ad0       sf_c2_RobotSim_get_check_sum 0000000180002ad0 f   c2_RobotSim.obj
 0001:00001b50       sf_c2_RobotSim_get_autoinheritance_info 0000000180002b50 f   c2_RobotSim.obj
 0001:00002200       sf_c2_RobotSim_third_party_uses_info 0000000180003200 f   c2_RobotSim.obj
 0001:00002230       sf_internal_get_sim_state_c2_RobotSim 0000000180003230 f   c2_RobotSim.obj
 0001:000025b0       sf_internal_set_sim_state_c2_RobotSim 00000001800035b0 f   c2_RobotSim.obj
 0001:00002a20       c2_RobotSim_method_dispatcher 0000000180003a20 f   c2_RobotSim.obj
 0001:000077d0       sf_c5_RobotSim_get_eml_resolved_functions_info 00000001800087d0 f   c5_RobotSim.obj
 0001:00007cf0       sf_c5_RobotSim_get_check_sum 0000000180008cf0 f   c5_RobotSim.obj
 0001:00007d70       sf_c5_RobotSim_get_autoinheritance_info 0000000180008d70 f   c5_RobotSim.obj
 0001:00008190       sf_c5_RobotSim_third_party_uses_info 0000000180009190 f   c5_RobotSim.obj
 0001:000081c0       sf_internal_get_sim_state_c5_RobotSim 00000001800091c0 f   c5_RobotSim.obj
 0001:00008510       sf_internal_set_sim_state_c5_RobotSim 0000000180009510 f   c5_RobotSim.obj
 0001:00008910       c5_RobotSim_method_dispatcher 0000000180009910 f   c5_RobotSim.obj
 0001:0000a9b0       sf_c6_RobotSim_get_eml_resolved_functions_info 000000018000b9b0 f   c6_RobotSim.obj
 0001:0000cda0       sf_c6_RobotSim_get_check_sum 000000018000dda0 f   c6_RobotSim.obj
 0001:0000ce20       sf_c6_RobotSim_get_autoinheritance_info 000000018000de20 f   c6_RobotSim.obj
 0001:0000d610       sf_c6_RobotSim_third_party_uses_info 000000018000e610 f   c6_RobotSim.obj
 0001:0000d640       sf_internal_get_sim_state_c6_RobotSim 000000018000e640 f   c6_RobotSim.obj
 0001:0000d990       sf_internal_set_sim_state_c6_RobotSim 000000018000e990 f   c6_RobotSim.obj
 0001:0000dd90       c6_RobotSim_method_dispatcher 000000018000ed90 f   c6_RobotSim.obj
 0001:00012790       sf_c7_RobotSim_get_eml_resolved_functions_info 0000000180013790 f   c7_RobotSim.obj
 0001:00013680       sf_c7_RobotSim_get_check_sum 0000000180014680 f   c7_RobotSim.obj
 0001:00013700       sf_c7_RobotSim_get_autoinheritance_info 0000000180014700 f   c7_RobotSim.obj
 0001:00013ef0       sf_c7_RobotSim_third_party_uses_info 0000000180014ef0 f   c7_RobotSim.obj
 0001:00013f20       sf_internal_get_sim_state_c7_RobotSim 0000000180014f20 f   c7_RobotSim.obj
 0001:00014270       sf_internal_set_sim_state_c7_RobotSim 0000000180015270 f   c7_RobotSim.obj
 0001:00014670       c7_RobotSim_method_dispatcher 0000000180015670 f   c7_RobotSim.obj
 0001:00018000       sf_process_check_sum_call  0000000180019000 f   RobotSim_sfun_registry.obj
 0001:00018050       sf_process_autoinheritance_call 0000000180019050 f   RobotSim_sfun_registry.obj
 0001:000181f0       sf_process_get_third_party_uses_info_call 00000001800191f0 f   RobotSim_sfun_registry.obj
 0001:00018390       sf_process_get_eml_resolved_functions_info_call 0000000180019390 f   RobotSim_sfun_registry.obj
 0001:00018510       sf_mex_unlock_call         0000000180019510 f   RobotSim_sfun_registry.obj
 0001:000185c0       sf_machine_global_initializer_called 00000001800195c0 f   RobotSim_sfun_registry.obj
 0001:000185f0       sf_machine_global_method_dispatcher 00000001800195f0 f   RobotSim_sfun_registry.obj
 0001:00018650       sf_machine_global_terminator 0000000180019650 f   RobotSim_sfun_registry.obj
 0001:000186a0       sf_register_machine_exported_symbols 00000001800196a0 f   RobotSim_sfun_registry.obj
 0001:000186c0       callCustomFcn              00000001800196c0 f   RobotSim_sfun_registry.obj
 0001:000186d0       sf_machine_global_initializer 00000001800196d0 f   RobotSim_sfun_registry.obj
 0001:00018750       _ssSetStateAbsTol          0000000180019750 f   RobotSim_sfun_registry.obj
 0001:00018830       _ssGetAbsTol               0000000180019830 f   RobotSim_sfun_registry.obj
 0001:000188a0       _ssSetInputPortMatrixDimensions 00000001800198a0 f   RobotSim_sfun_registry.obj
 0001:000189b0       _ssSetOutputPortMatrixDimensions 00000001800199b0 f   RobotSim_sfun_registry.obj
 0001:00018ac0       _ssSetInputPortVectorDimension 0000000180019ac0 f   RobotSim_sfun_registry.obj
 0001:00018b90       _ssSetOutputPortVectorDimension 0000000180019b90 f   RobotSim_sfun_registry.obj
 0001:00018c60       ssIsRunTimeParamTunable    0000000180019c60 f   RobotSim_sfun_registry.obj
 0001:00018cd0       ssGetSFuncBlockHandle      0000000180019cd0 f   RobotSim_sfun_registry.obj
 0001:00018d40       _ssGetCurrentInputPortWidth 0000000180019d40 f   RobotSim_sfun_registry.obj
 0001:00018e60       _ssGetCurrentOutputPortWidth 0000000180019e60 f   RobotSim_sfun_registry.obj
 0001:00018f80       _ssGetCallSystemNumFcnCallDestinations 0000000180019f80 f   RobotSim_sfun_registry.obj
 0001:00018ff0       ssWarning                  0000000180019ff0 f   RobotSim_sfun_registry.obj
 0001:00019100       ssGetIsZeroCrossControlDisabled 000000018001a100 f   RobotSim_sfun_registry.obj
 0001:00019170       ssSetIsInputPortUsedForContZcSignal 000000018001a170 f   RobotSim_sfun_registry.obj
 0001:000191e0       ssSetZcSignalIsZcElementDisc 000000018001a1e0 f   RobotSim_sfun_registry.obj
 0001:00019290       ssSetZcSignalName          000000018001a290 f   RobotSim_sfun_registry.obj
 0001:00019300       ssSetZcSignalWidth         000000018001a300 f   RobotSim_sfun_registry.obj
 0001:00019370       ssSetZcSignalZcEventType   000000018001a370 f   RobotSim_sfun_registry.obj
 0001:000193e0       ssSetZcSignalType          000000018001a3e0 f   RobotSim_sfun_registry.obj
 0001:00019450       ssSetZcSignalZcTol         000000018001a450 f   RobotSim_sfun_registry.obj
 0001:000194c0       ssSetZcSignalNeedsEventNotification 000000018001a4c0 f   RobotSim_sfun_registry.obj
 0001:00019530       ssCreateAndAddZcSignalInfo 000000018001a530 f   RobotSim_sfun_registry.obj
 0001:000195a0       ssCloneAndAddZcSignalInfo  000000018001a5a0 f   RobotSim_sfun_registry.obj
 0001:00019610       ssGetNumZcSignals          000000018001a610 f   RobotSim_sfun_registry.obj
 0001:00019680       ssGetZcSignalVector        000000018001a680 f   RobotSim_sfun_registry.obj
 0001:000196f0       ssGetZcSignalZcEvents      000000018001a6f0 f   RobotSim_sfun_registry.obj
 0001:00019760       ssGetZcSignalName          000000018001a760 f   RobotSim_sfun_registry.obj
 0001:000197d0       ssGetZcSignalWidth         000000018001a7d0 f   RobotSim_sfun_registry.obj
 0001:00019840       ssGetZcSignalZcEventType   000000018001a840 f   RobotSim_sfun_registry.obj
 0001:000198b0       ssGetZcSignalType          000000018001a8b0 f   RobotSim_sfun_registry.obj
 0001:00019920       ssGetZcSignalZcTol         000000018001a920 f   RobotSim_sfun_registry.obj
 0001:000199a0       ssGetZcSignalNeedsEventNotification 000000018001a9a0 f   RobotSim_sfun_registry.obj
 0001:00019a10       ssGetZcSignalIsZcElementDisc 000000018001aa10 f   RobotSim_sfun_registry.obj
 0001:00019ab0       ssGetIsInputPortElementContinuous 000000018001aab0 f   RobotSim_sfun_registry.obj
 0001:00019b50       _ssGetInputPortSignalPtrsFcn 000000018001ab50 f   RobotSim_sfun_registry.obj
 0001:00019e10       _ssGetInputPortSignalFcn   000000018001ae10 f   RobotSim_sfun_registry.obj
 0001:0001a030       _ssSetInputPortDirectFeedThroughFcn 000000018001b030 f   RobotSim_sfun_registry.obj
 0001:0001a190       _ssSetInputPortReusableFcn 000000018001b190 f   RobotSim_sfun_registry.obj
 0001:0001a280       _ssSetOutputPortReusableFcn 000000018001b280 f   RobotSim_sfun_registry.obj
 0001:0001a360       ssGetDTypeIdFromMxArray    000000018001b360 f   RobotSim_sfun_registry.obj
 0001:0001a480       ssWriteRTWStr              000000018001b480 f   RobotSim_sfun_registry.obj
 0001:0001a4e0       ssWriteRTWMxVectParam      000000018001b4e0 f   RobotSim_sfun_registry.obj
 0001:0001a540       ssWriteRTWMx2dMatParam     000000018001b540 f   RobotSim_sfun_registry.obj
 0001:0001a5c0       ssWriteRTWNameValuePair    000000018001b5c0 f   RobotSim_sfun_registry.obj
 0001:0001aab0       ssWriteRTWParameters       000000018001bab0 f   RobotSim_sfun_registry.obj
 0001:0001b0b0       ssWriteRTWParamSettings    000000018001c0b0 f   RobotSim_sfun_registry.obj
 0001:0001b780       ssWriteRTWWorkVect         000000018001c780 f   RobotSim_sfun_registry.obj
 0001:0001bc80       mexFunction                000000018001cc80 f   RobotSim_sfun_registry.obj
 0001:0001d9b0       ProcessMexSfunctionEveryCall 000000018001e9b0 f   RobotSim_sfun_registry.obj
 0001:0001db20       RobotSim_initializer       000000018001eb20 f   RobotSim_sfun.obj
 0001:0001db30       RobotSim_terminator        000000018001eb30 f   RobotSim_sfun.obj
 0001:0001db40       sf_RobotSim_method_dispatcher 000000018001eb40 f   RobotSim_sfun.obj
 0001:0001dbf0       sf_RobotSim_process_check_sum_call 000000018001ebf0 f   RobotSim_sfun.obj
 0001:0001e040       sf_RobotSim_autoinheritance_info 000000018001f040 f   RobotSim_sfun.obj
 0001:0001e2a0       sf_RobotSim_get_eml_resolved_functions_info 000000018001f2a0 f   RobotSim_sfun.obj
 0001:0001e490       sf_RobotSim_third_party_uses_info 000000018001f490 f   RobotSim_sfun.obj
 0001:0001e680       RobotSim_debug_initialize  000000018001f680 f   RobotSim_sfun.obj
 0001:0001e700       RobotSim_register_exported_symbols 000000018001f700 f   RobotSim_sfun.obj
 0001:0001e710       load_RobotSim_optimization_info 000000018001f710 f   RobotSim_sfun.obj
 0001:0001e760       unload_RobotSim_optimization_info 000000018001f760 f   RobotSim_sfun.obj
 0001:0001e880       sf_mex_mx_is_numeric       000000018001f880 f   sfc_mex:sfc_mex.obj
 0001:0001e8c0       strcmp_ignore_ws           000000018001f8c0 f   sfc_mex:sfc_mex.obj
 0001:0001ea00       sf_mex_duplicatearraysafe  000000018001fa00 f   sfc_mex:sfc_mex.obj
 0001:0001eb60       sf_set_error_debugger_context_message_fcn 000000018001fb60 f   sfc_mex:sfc_mex.obj
 0001:0001eb70       sf_set_debugger_matlab_error_fcn 000000018001fb70 f   sfc_mex:sfc_mex.obj
 0001:0001ebb0       sf_set_error_prefix_string 000000018001fbb0 f   sfc_mex:sfc_mex.obj
 0001:0001ebe0       sf_get_error_prefix_string 000000018001fbe0 f   sfc_mex:sfc_mex.obj
 0001:0001ebf0       sf_mex_enter_parallel_region 000000018001fbf0 f   sfc_mex:sfc_mex.obj
 0001:0001ec00       sf_mex_exit_parallel_region 000000018001fc00 f   sfc_mex:sfc_mex.obj
 0001:0001ec10       sf_get_current_jmp_buf_ptr 000000018001fc10 f   sfc_mex:sfc_mex.obj
 0001:0001ec20       sf_set_current_jmp_buf_ptr 000000018001fc20 f   sfc_mex:sfc_mex.obj
 0001:0001ec30       sf_mex_set_halt_simulation 000000018001fc30 f   sfc_mex:sfc_mex.obj
 0001:0001ec40       sf_mex_get_halt_simulation 000000018001fc40 f   sfc_mex:sfc_mex.obj
 0001:0001ec50       sf_mex_clear_error_message 000000018001fc50 f   sfc_mex:sfc_mex.obj
 0001:0001ec70       sf_mex_get_error_message_for_read 000000018001fc70 f   sfc_mex:sfc_mex.obj
 0001:0001ec80       sf_mex_get_error_message_buffer_length 000000018001fc80 f   sfc_mex:sfc_mex.obj
 0001:0001ed60       sf_mex_warning_message     000000018001fd60 f   sfc_mex:sfc_mex.obj
 0001:0001edd0       sf_mex_v_errbuf_createf    000000018001fdd0 f   sfc_mex:sfc_mex.obj
 0001:0001ede0       sf_mex_errbuf_createf      000000018001fde0 f   sfc_mex:sfc_mex.obj
 0001:0001ee10       sf_mex_v_errbuf_catf       000000018001fe10 f   sfc_mex:sfc_mex.obj
 0001:0001ee50       sf_mex_errbuf_catf         000000018001fe50 f   sfc_mex:sfc_mex.obj
 0001:0001eea0       sf_mex_errbuf_copy         000000018001fea0 f   sfc_mex:sfc_mex.obj
 0001:0001eeb0       sf_mex_errbuf_clear        000000018001feb0 f   sfc_mex:sfc_mex.obj
 0001:0001eec0       sf_mex_errbuf_isempty      000000018001fec0 f   sfc_mex:sfc_mex.obj
 0001:0001efc0       sf_mex_set_error_status    000000018001ffc0 f   sfc_mex:sfc_mex.obj
 0001:0001f010       sf_mex_error_direct_call   0000000180020010 f   sfc_mex:sfc_mex.obj
 0001:0001f030       sf_mex_error_message_no_long_jump 0000000180020030 f   sfc_mex:sfc_mex.obj
 0001:0001f050       sf_mex_long_jump_on_error  0000000180020050 f   sfc_mex:sfc_mex.obj
 0001:0001f080       sf_mex_call_matlab         0000000180020080 f   sfc_mex:sfc_mex.obj
 0001:0001f1a0       sf_mex_check_builtin       00000001800201a0 f   sfc_mex:sfc_mex.obj
 0001:0001f240       sf_mex_check_builtin_vs    0000000180020240 f   sfc_mex:sfc_mex.obj
 0001:0001f300       sf_mex_check_enum          0000000180020300 f   sfc_mex:sfc_mex.obj
 0001:0001f380       sf_mex_create_enum         0000000180020380 f   sfc_mex:sfc_mex.obj
 0001:0001f3f0       sf_mex_get_enum_element    00000001800203f0 f   sfc_mex:sfc_mex.obj
 0001:0001f400       sf_mex_createcellarray     0000000180020400 f   sfc_mex:sfc_mex.obj
 0001:0001f410       sf_mex_setcell             0000000180020410 f   sfc_mex:sfc_mex.obj
 0001:0001f420       sf_mex_getcell             0000000180020420 f   sfc_mex:sfc_mex.obj
 0001:0001f430       sf_mex_dup                 0000000180020430 f   sfc_mex:sfc_mex.obj
 0001:0001f450       sf_mex_assign              0000000180020450 f   sfc_mex:sfc_mex.obj
 0001:0001f4d0       sf_mex_destroy             00000001800204d0 f   sfc_mex:sfc_mex.obj
 0001:0001f500       mx_array_has_fi_type       0000000180020500 f   sfc_mex:sfc_mex.obj
 0001:0001f530       sf_mex_convert_from_fi     0000000180020530 f   sfc_mex:sfc_mex.obj
 0001:0001f660       sf_mex_convert_to_double   0000000180020660 f   sfc_mex:sfc_mex.obj
 0001:0001f780       sf_mex_import_fi_vs        0000000180020780 f   sfc_mex:sfc_mex.obj
 0001:0001f9b0       sf_matrix_matrix_index_ok  00000001800209b0 f   sfc_mex:sfc_mex.obj
 0001:0001fa40       sf_vector_vector_index_ok  0000000180020a40 f   sfc_mex:sfc_mex.obj
 0001:0001fa70       ssGetCurrentInputPortDimensions_wrapper 0000000180020a70 f   sfc_mex:sfc_mex.obj
 0001:0001fa90       ssGetCurrentOutputPortDimensions_wrapper 0000000180020a90 f   sfc_mex:sfc_mex.obj
 0001:0001fab0       sf_mex_emlrt_context_is_debug_mode 0000000180020ab0 f   sfc_mex:sfc_mex.obj
 0001:0001fac0       sf_mex_emlrt_context_set_debug_mode 0000000180020ac0 f   sfc_mex:sfc_mex.obj
 0001:0001fad0       sf_mex_emlrtNameCapturePostProcessR2012a 0000000180020ad0 f   sfc_mex:sfc_mex.obj
 0001:0001fb40       sf_clear_error_manager_info 0000000180020b40 f   sfc_mex:sfc_mex.obj
 0001:0001fba0       sf_mex_stop_simulation_abruptly_wo_error 0000000180020ba0 f   sfc_mex:sfc_mex.obj
 0001:0001fbe0       sf_mex_error_message       0000000180020be0 f   sfc_mex:sfc_mex.obj
 0001:0001fc50       sf_react_to_error_in_matlab_call 0000000180020c50 f   sfc_mex:sfc_mex.obj
 0001:0001fc80       sf_mex_addfield            0000000180020c80 f   sfc_mex:sfc_mex.obj
 0001:0001fd20       sf_mex_getfield            0000000180020d20 f   sfc_mex:sfc_mex.obj
 0001:00020020       sf_mex_check_class         0000000180021020 f   sfc_mex:sfc_mex.obj
 0001:000200c0       sf_mex_is_real             00000001800210c0 f   sfc_mex:sfc_mex.obj
 0001:00020530       sf_mex_decode_encoded_mx_struct_array 0000000180021530 f   sfc_mex:sfc_mex.obj
 0001:00020820       sf_mex_lw_bounds_check     0000000180021820 f   sfc_mex:sfc_mex.obj
 0001:00020850       sf_mex_lw_size_eq_check_1d 0000000180021850 f   sfc_mex:sfc_mex.obj
 0001:00020870       sf_mex_lw_size_eq_check_nd 0000000180021870 f   sfc_mex:sfc_mex.obj
 0001:00020a50       sf_mex_lw_dim_size_eq_check 0000000180021a50 f   sfc_mex:sfc_mex.obj
 0001:00020a80       sf_mex_lw_dim_size_geq_check 0000000180021a80 f   sfc_mex:sfc_mex.obj
 0001:00020ab0       sf_mex_lw_sub_assign_size_check_nd 0000000180021ab0 f   sfc_mex:sfc_mex.obj
 0001:00020c80       sf_mex_lw_runtime_error_msgid 0000000180021c80 f   sfc_mex:sfc_mex.obj
 0001:00020d70       sf_mex_lw_matrix_matrix_index_check 0000000180021d70 f   sfc_mex:sfc_mex.obj
 0001:00020d90       sf_mex_lw_vector_vector_index_check 0000000180021d90 f   sfc_mex:sfc_mex.obj
 0001:00020dd0       sf_mex_lw_for_loop_vector_check 0000000180021dd0 f   sfc_mex:sfc_mex.obj
 0001:00020e60       sf_mex_lw_non_negative_check 0000000180021e60 f   sfc_mex:sfc_mex.obj
 0001:00020ea0       sf_mex_overflow_error      0000000180021ea0 f   sfc_mex:sfc_mex.obj
 0001:00020eb0       sf_mex_dividebyzero_error  0000000180021eb0 f   sfc_mex:sfc_mex.obj
 0001:00020ec0       sf_mex_unsafe_enum_error   0000000180021ec0 f   sfc_mex:sfc_mex.obj
 0001:00020ed0       sf_emlrtErrHandler         0000000180021ed0 f   sfc_mex:sfc_mex.obj
 0001:00020fb0       sf_mex_size_one_check      0000000180021fb0 f   sfc_mex:sfc_mex.obj
 0001:00020fd0       sf_mex_printf              0000000180021fd0 f   sfc_mex:sfc_mex.obj
 0001:000211a0       sf_mex_check_size          00000001800221a0 f   sfc_mex:sfc_mex.obj
 0001:00021440       sf_mex_check_struct        0000000180022440 f   sfc_mex:sfc_mex.obj
 0001:000216a0       sf_mex_check_struct_vs     00000001800226a0 f   sfc_mex:sfc_mex.obj
 0001:00021730       sf_mex_check_fi            0000000180022730 f   sfc_mex:sfc_mex.obj
 0001:00021830       sf_mex_check_fi_vs         0000000180022830 f   sfc_mex:sfc_mex.obj
 0001:000218d0       sf_echo_expression         00000001800228d0 f   sfc_mex:sfc_mex.obj
 0001:00021930       sf_assertion_failed        0000000180022930 f   sfc_mex:sfc_mex.obj
 0001:00021c10       sf_mex_evalin              0000000180022c10 f   sfc_mex:sfc_mex.obj
 0001:00021e80       sf_mex_export              0000000180022e80 f   sfc_mex:sfc_mex.obj
 0001:00021f40       sf_mex_get_ml_var_no_error 0000000180022f40 f   sfc_mex:sfc_mex.obj
 0001:000220e0       sf_mex_get_ml_var          00000001800230e0 f   sfc_mex:sfc_mex.obj
 0001:00022570       ml_set_element_value_in_array 0000000180023570 f   sfc_mex:sfc_mex.obj
 0001:00023630       sf_mex_call_impl           0000000180024630 f   sfc_mex:sfc_mex.obj
 0001:00023a50       sf_mex_call_debug          0000000180024a50 f   sfc_mex:sfc_mex.obj
 0001:00023a80       sf_mex_call                0000000180024a80 f   sfc_mex:sfc_mex.obj
 0001:000240d0       sf_mex_createstruct        00000001800250d0 f   sfc_mex:sfc_mex.obj
 0001:000241e0       sf_mex_createstructarray   00000001800251e0 f   sfc_mex:sfc_mex.obj
 0001:00024260       sf_mex_get_mx_datatype_from_sf_datatype 0000000180025260 f   sfc_mex:sfc_mex.obj
 0001:00024570       sf_mex_ml_var_sub          0000000180025570 f   sfc_mex:sfc_mex.obj
 0001:00024750       sf_mex_ml_var_subsasgn     0000000180025750 f   sfc_mex:sfc_mex.obj
 0001:00024b50       sf_mex_sub                 0000000180025b50 f   sfc_mex:sfc_mex.obj
 0001:00024d60       sf_mex_subsasgn            0000000180025d60 f   sfc_mex:sfc_mex.obj
 0001:00025270       sf_mex_create              0000000180026270 f   sfc_mex:sfc_mex.obj
 0001:00025c10       sf_mex_import_named        0000000180026c10 f   sfc_mex:sfc_mex.obj
 0001:00025c70       sf_mex_import              0000000180026c70 f   sfc_mex:sfc_mex.obj
 0001:00025cc0       sf_mex_import_vs           0000000180026cc0 f   sfc_mex:sfc_mex.obj
 0001:00025dd0       sf_mex_lower_fixpt_mx_array 0000000180026dd0 f   sfc_mex:sfc_mex.obj
 0001:000260d0       sf_send_message_wrapper    00000001800270d0 f   sfc_mex:sfc_sf.obj
 0001:00026100       sf_receive_message_wrapper 0000000180027100 f   sfc_mex:sfc_sf.obj
 0001:00026140       sf_check_out_message_wrapper 0000000180027140 f   sfc_mex:sfc_sf.obj
 0001:00026180       sf_check_in_message_wrapper 0000000180027180 f   sfc_mex:sfc_sf.obj
 0001:000261c0       sf_no_message_wrapper      00000001800271c0 f   sfc_mex:sfc_sf.obj
 0001:00026550       sim_mode_is_rtw_gen        0000000180027550 f   sfc_mex:sfc_sf.obj
 0001:00026580       sim_mode_is_external       0000000180027580 f   sfc_mex:sfc_sf.obj
 0001:00026590       sim_mode_is_modelref_sim   0000000180027590 f   sfc_mex:sfc_sf.obj
 0001:000265b0       mdlInitializeSizes         00000001800275b0 f   sfc_mex:sfc_sf.obj
 0001:000265d0       mdlInitializeSampleTimes   00000001800275d0 f   sfc_mex:sfc_sf.obj
 0001:00026610       mdlZeroCrossings           0000000180027610 f   sfc_mex:sfc_sf.obj
 0001:00026700       mdlDerivatives             0000000180027700 f   sfc_mex:sfc_sf.obj
 0001:000267c0       mdl_initialize_conditions_processing 00000001800277c0 f   sfc_mex:sfc_sf.obj
 0001:000267f0       mdlInitializeConditions    00000001800277f0 f   sfc_mex:sfc_sf.obj
 0001:000268b0       mdlGetSimState             00000001800278b0 f   sfc_mex:sfc_sf.obj
 0001:000268c0       mdlSetSimState             00000001800278c0 f   sfc_mex:sfc_sf.obj
 0001:000268d0       mdl_ext_mode_exec_processing 00000001800278d0 f   sfc_mex:sfc_sf.obj
 0001:000268f0       mdlExtModeExec             00000001800278f0 f   sfc_mex:sfc_sf.obj
 0001:00026a90       mdlTerminate               0000000180027a90 f   sfc_mex:sfc_sf.obj
 0001:00026b00       mdlRTW                     0000000180027b00 f   sfc_mex:sfc_sf.obj
 0001:00026b30       mdlSetWorkWidths           0000000180027b30 f   sfc_mex:sfc_sf.obj
 0001:00026b40       mdlProcessParameters       0000000180027b40 f   sfc_mex:sfc_sf.obj
 0001:00026b50       mdl_start_processing       0000000180027b50 f   sfc_mex:sfc_sf.obj
 0001:00026bb0       mdlStart                   0000000180027bb0 f   sfc_mex:sfc_sf.obj
 0001:00026cc0       mdlEnable                  0000000180027cc0 f   sfc_mex:sfc_sf.obj
 0001:00026da0       mdlDisable                 0000000180027da0 f   sfc_mex:sfc_sf.obj
 0001:00026e60       sf_get_chart_instance_ptr  0000000180027e60 f   sfc_mex:sfc_sf.obj
 0001:00026e80       sf_load_rtw_optimization_info 0000000180027e80 f   sfc_mex:sfc_sf.obj
 0001:00026f50       sf_update_buildInfo        0000000180027f50 f   sfc_mex:sfc_sf.obj
 0001:00027050       sf_rtw_info_uint_prop      0000000180028050 f   sfc_mex:sfc_sf.obj
 0001:00027190       sf_is_chart_inlinable      0000000180028190 f   sfc_mex:sfc_sf.obj
 0001:000271b0       sf_mark_output_events_with_multiple_callers 00000001800281b0 f   sfc_mex:sfc_sf.obj
 0001:00027340       sf_mark_chart_reusable_outputs 0000000180028340 f   sfc_mex:sfc_sf.obj
 0001:000275a0       sf_mark_chart_expressionable_inputs 00000001800285a0 f   sfc_mex:sfc_sf.obj
 0001:00027800       sf_get_subchart_simstruct  0000000180028800 f   sfc_mex:sfc_sf.obj
 0001:00027850       sf_get_fixpt_data_type_id  0000000180028850 f   sfc_mex:sfc_sf.obj
 0001:00027890       sf_get_enum_data_type_id   0000000180028890 f   sfc_mex:sfc_sf.obj
 0001:000278d0       sf_get_param_data_type_id  00000001800288d0 f   sfc_mex:sfc_sf.obj
 0001:00027900       sf_mex_listen_for_ctrl_c_force 0000000180028900 f   sfc_mex:sfc_sf.obj
 0001:00027a10       sf_mex_draw_now            0000000180028a10 f   sfc_mex:sfc_sf.obj
 0001:00027a50       sf_mex_set_debugger_sim_status_listener_fcn 0000000180028a50 f   sfc_mex:sfc_sf.obj
 0001:00027a60       sf_mex_listen_for_ctrl_c   0000000180028a60 f   sfc_mex:sfc_sf.obj
 0001:00027b00       sf_mex_get_sfun_param      0000000180028b00 f   sfc_mex:sfc_sf.obj
 0001:00027b50       sf_get_runtime_param_data  0000000180028b50 f   sfc_mex:sfc_sf.obj
 0001:00027b90       sf_call_output_fcn_call    0000000180028b90 f   sfc_mex:sfc_sf.obj
 0001:00027cd0       sf_call_output_fcn_enable  0000000180028cd0 f   sfc_mex:sfc_sf.obj
 0001:00027d60       sf_call_output_fcn_disable 0000000180028d60 f   sfc_mex:sfc_sf.obj
 0001:00027df0       sf_clear_rtw_identifier    0000000180028df0 f   sfc_mex:sfc_sf.obj
 0001:00028610       sf_set_encoded_dwork_info  0000000180029610 f   sfc_mex:sfc_sf.obj
 0001:00028660       sf_get_dwork_info_from_mat_file 0000000180029660 f   sfc_mex:sfc_sf.obj
 0001:00028820       sf_set_rtw_dwork_info      0000000180029820 f   sfc_mex:sfc_sf.obj
 0001:00028990       mdlOutputs                 0000000180029990 f   sfc_mex:sfc_sf.obj
 0001:00028ab0       sf_debug_chart_instance_initialized_quick 0000000180029ab0 f   sfc_debug:sfcdebug.obj
 0001:00028b30       sf_debug_disp              0000000180029b30 f   sfc_debug:sfcdebug.obj
 0001:00028e00       sf_debug_data_runtime_size_mismatch_error_check 0000000180029e00 f   sfc_debug:sfcdebug.obj
 0001:00028eb0       sf_debug_try_loading_machine 0000000180029eb0 f   sfc_debug:sfcdebug.obj
 0001:00028fb0       sf_debug_reset_current_state_configuration 0000000180029fb0 f   sfc_debug:sfcdebug.obj
 0001:00029030       sf_debug_store_current_state_configuration 000000018002a030 f   sfc_debug:sfcdebug.obj
 0001:000290b0       sf_debug_restore_previous_state_configuration 000000018002a0b0 f   sfc_debug:sfcdebug.obj
 0001:00029130       sf_debug_restore_previous_state_configuration2 000000018002a130 f   sfc_debug:sfcdebug.obj
 0001:000291b0       sf_debug_get_event_scope   000000018002a1b0 f   sfc_debug:sfcdebug.obj
 0001:00029320       use_debugger_step_animation 000000018002a320 f   sfc_debug:sfcdebug.obj
 0001:00029340       sf_debug_get_script_id     000000018002a340 f   sfc_debug:sfcdebug.obj
 0001:000293d0       sf_debug_set_script_translation 000000018002a3d0 f   sfc_debug:sfcdebug.obj
 0001:00029550       sf_debug_extract_message_post_receive_info 000000018002a550 f   sfc_debug:sfcdebug.obj
 0001:00029710       sf_debug_get_current_machine_id 000000018002a710 f   sfc_debug:sfcdebug.obj
 0001:00029730       sf_debug_get_current_optional_integer 000000018002a730 f   sfc_debug:sfcdebug.obj
 0001:00029740       sf_debug_get_current_machine_number 000000018002a740 f   sfc_debug:sfcdebug.obj
 0001:00029760       sf_debug_get_current_machine_name 000000018002a760 f   sfc_debug:sfcdebug.obj
 0001:00029780       sf_debug_get_current_chart_id 000000018002a780 f   sfc_debug:sfcdebug.obj
 0001:000297c0       sf_debug_get_current_chart_number 000000018002a7c0 f   sfc_debug:sfcdebug.obj
 0001:000297d0       sf_debug_get_current_instance_number 000000018002a7d0 f   sfc_debug:sfcdebug.obj
 0001:000297e0       sf_debug_get_current_is_minor_time_step 000000018002a7e0 f   sfc_debug:sfcdebug.obj
 0001:00029860       sf_debug_get_current_object_type 000000018002a860 f   sfc_debug:sfcdebug.obj
 0001:00029870       sf_debug_get_current_instance_handle 000000018002a870 f   sfc_debug:sfcdebug.obj
 0001:000298d0       sf_debug_get_current_event_type 000000018002a8d0 f   sfc_debug:sfcdebug.obj
 0001:000298e0       sf_debug_get_current_object_id 000000018002a8e0 f   sfc_debug:sfcdebug.obj
 0001:00029920       sf_debug_get_current_active_event_type 000000018002a920 f   sfc_debug:sfcdebug.obj
 0001:00029930       sf_debug_get_current_active_event_id 000000018002a930 f   sfc_debug:sfcdebug.obj
 0001:00029970       sf_debug_get_current_tag_type 000000018002a970 f   sfc_debug:sfcdebug.obj
 0001:00029980       sf_debug_get_current_simulation_time 000000018002a980 f   sfc_debug:sfcdebug.obj
 0001:00029990       sf_debug_get_current_coverage_percentage 000000018002a990 f   sfc_debug:sfcdebug.obj
 0001:000299a0       sf_debug_current_statement_context 000000018002a9a0 f   sfc_debug:sfcdebug.obj
 0001:00029a20       sf_debug_get_current_statement_info 000000018002aa20 f   sfc_debug:sfcdebug.obj
 0001:00029bc0       sf_debug_terminate_instance 000000018002abc0 f   sfc_debug:sfcdebug.obj
 0001:00029ee0       sf_debug_assertion_failed  000000018002aee0 f   sfc_debug:sfcdebug.obj
 0001:0002a0b0       sf_debug_create_debug_instance_struct 000000018002b0b0 f   sfc_debug:sfcdebug.obj
 0001:0002a100       sf_debug_set_number_of_data_with_change_event_for_machine 000000018002b100 f   sfc_debug:sfcdebug.obj
 0001:0002a150       sf_debug_set_machine_event_thresholds 000000018002b150 f   sfc_debug:sfcdebug.obj
 0001:0002a170       sf_debug_set_machine_event_scope 000000018002b170 f   sfc_debug:sfcdebug.obj
 0001:0002a1c0       sf_debug_set_machine_data_thresholds 000000018002b1c0 f   sfc_debug:sfcdebug.obj
 0001:0002a210       sf_debug_set_machine_data_scope 000000018002b210 f   sfc_debug:sfcdebug.obj
 0001:0002a2b0       sf_debug_set_machine_data_name 000000018002b2b0 f   sfc_debug:sfcdebug.obj
 0001:0002a360       sf_debug_set_machine_data_size 000000018002b360 f   sfc_debug:sfcdebug.obj
 0001:0002a4b0       sf_debug_set_machine_data_type 000000018002b4b0 f   sfc_debug:sfcdebug.obj
 0001:0002a620       sf_debug_get_chart_data_number 000000018002b620 f   sfc_debug:sfcdebug.obj
 0001:0002a640       sf_debug_get_chart_event_number 000000018002b640 f   sfc_debug:sfcdebug.obj
 0001:0002a660       sf_debug_set_chart_state_info 000000018002b660 f   sfc_debug:sfcdebug.obj
 0001:0002a6f0       sf_debug_set_chart_decomposition 000000018002b6f0 f   sfc_debug:sfcdebug.obj
 0001:0002a760       sf_debug_set_chart_substate_count 000000018002b760 f   sfc_debug:sfcdebug.obj
 0001:0002a840       sf_debug_set_chart_substate_index 000000018002b840 f   sfc_debug:sfcdebug.obj
 0001:0002a8c0       sf_debug_set_chart_state_substate_count 000000018002b8c0 f   sfc_debug:sfcdebug.obj
 0001:0002a9e0       sf_debug_set_chart_state_substate_index 000000018002b9e0 f   sfc_debug:sfcdebug.obj
 0001:0002aa70       sf_debug_set_number_of_data_with_change_event_for_chart 000000018002ba70 f   sfc_debug:sfcdebug.obj
 0001:0002ab00       sf_debug_set_number_of_states_with_entry_event_for_chart 000000018002bb00 f   sfc_debug:sfcdebug.obj
 0001:0002ab80       sf_debug_set_number_of_states_with_exit_event_for_chart 000000018002bb80 f   sfc_debug:sfcdebug.obj
 0001:0002ac00       sf_debug_set_chart_disable_implicit_casting 000000018002bc00 f   sfc_debug:sfcdebug.obj
 0001:0002ac70       sf_debug_set_chart_event_thresholds 000000018002bc70 f   sfc_debug:sfcdebug.obj
 0001:0002acf0       sf_debug_set_chart_data_compiled_props 000000018002bcf0 f   sfc_debug:sfcdebug.obj
 0001:0002b030       sf_debug_set_chart_data_props 000000018002c030 f   sfc_debug:sfcdebug.obj
 0001:0002b350       sf_debug_check_fi_license  000000018002c350 f   sfc_debug:sfcdebug.obj
 0001:0002b510       sf_debug_symbol_scope_push 000000018002c510 f   sfc_debug:sfcdebug.obj
 0001:0002b550       sf_debug_symbol_scope_push_eml 000000018002c550 f   sfc_debug:sfcdebug.obj
 0001:0002b5a0       sf_debug_symbol_scope_pop  000000018002c5a0 f   sfc_debug:sfcdebug.obj
 0001:0002b5e0       sf_debug_symbol_scope_add_importable 000000018002c5e0 f   sfc_debug:sfcdebug.obj
 0001:0002b660       sf_debug_symbol_scope_add  000000018002c660 f   sfc_debug:sfcdebug.obj
 0001:0002b6e0       sf_debug_symbol_scope_add_dyn_importable 000000018002c6e0 f   sfc_debug:sfcdebug.obj
 0001:0002b7a0       sf_debug_symbol_scope_add_dyn 000000018002c7a0 f   sfc_debug:sfcdebug.obj
 0001:0002b7e0       sf_debug_symbol_scope_add_eml_importable 000000018002c7e0 f   sfc_debug:sfcdebug.obj
 0001:0002b820       sf_debug_symbol_scope_add_eml 000000018002c820 f   sfc_debug:sfcdebug.obj
 0001:0002b860       sf_debug_symbol_scope_add_eml_dyn_importable 000000018002c860 f   sfc_debug:sfcdebug.obj
 0001:0002b8c0       sf_debug_symbol_scope_add_eml_dyn 000000018002c8c0 f   sfc_debug:sfcdebug.obj
 0001:0002b920       sf_debug_symbol_switch     000000018002c920 f   sfc_debug:sfcdebug.obj
 0001:0002b940       sf_debug_symbol_scope_add_verbose 000000018002c940 f   sfc_debug:sfcdebug.obj
 0001:0002ba10       sf_debug_set_machine_data_value_ptr 000000018002ca10 f   sfc_debug:sfcdebug.obj
 0001:0002ba50       sf_debug_set_instance_data_value_ptr 000000018002ca50 f   sfc_debug:sfcdebug.obj
 0001:0002bb20       sf_debug_unset_instance_data_value_ptr 000000018002cb20 f   sfc_debug:sfcdebug.obj
 0001:0002bbd0       sf_debug_set_chart_event_scope 000000018002cbd0 f   sfc_debug:sfcdebug.obj
 0001:0002bc50       sf_debug_set_chart_transition_coverage_maps 000000018002cc50 f   sfc_debug:sfcdebug.obj
 0001:0002bd50       sf_debug_set_chart_state_coverage_maps 000000018002cd50 f   sfc_debug:sfcdebug.obj
 0001:0002be20       sf_debug_set_instance_transition_coverage_weights 000000018002ce20 f   sfc_debug:sfcdebug.obj
 0001:0002beb0       sf_debug_set_instance_state_coverage_weights 000000018002ceb0 f   sfc_debug:sfcdebug.obj
 0001:0002c100       sf_debug_unload_machine    000000018002d100 f   sfc_debug:sfcdebug.obj
 0001:0002c150       sf_debug_load_machine      000000018002d150 f   sfc_debug:sfcdebug.obj
 0001:0002c260       sf_debug_set_active_instance_in_data_dictionary 000000018002d260 f   sfc_debug:sfcdebug.obj
 0001:0002c440       sf_debug_set_active_instance 000000018002d440 f   sfc_debug:sfcdebug.obj
 0001:0002c5a0       sf_debug_chart_visiblity_change 000000018002d5a0 f   sfc_debug:sfcdebug.obj
 0001:0002c690       sf_debug_select_chart      000000018002d690 f   sfc_debug:sfcdebug.obj
 0001:0002c7f0       sf_debug_set_instance_cv_ids 000000018002d7f0 f   sfc_debug:sfcdebug.obj
 0001:0002cb20       sf_debug_select_charts     000000018002db20 f   sfc_debug:sfcdebug.obj
 0001:0002ccd0       sf_debug_initialized       000000018002dcd0 f   sfc_debug:sfcdebug.obj
 0001:0002ccf0       sf_debug_is_uninterruptible 000000018002dcf0 f   sfc_debug:sfcdebug.obj
 0001:0002cd20       sf_debug_initialize_debugger_gui 000000018002dd20 f   sfc_debug:sfcdebug.obj
 0001:0002d100       sf_debug_resume            000000018002e100 f   sfc_debug:sfcdebug.obj
 0001:0002d120       sf_debug_go                000000018002e120 f   sfc_debug:sfcdebug.obj
 0001:0002d130       sf_debug_break             000000018002e130 f   sfc_debug:sfcdebug.obj
 0001:0002d140       sf_debug_step_over         000000018002e140 f   sfc_debug:sfcdebug.obj
 0001:0002d150       sf_debug_step_out          000000018002e150 f   sfc_debug:sfcdebug.obj
 0001:0002d160       sf_debug_set_disable_all_breakpoints 000000018002e160 f   sfc_debug:sfcdebug.obj
 0001:0002d170       sf_debug_disable_all_breakpoints_and_go 000000018002e170 f   sfc_debug:sfcdebug.obj
 0001:0002d180       sf_debug_break_on_chart_entry 000000018002e180 f   sfc_debug:sfcdebug.obj
 0001:0002d190       sf_debug_break_on_event_broadcast 000000018002e190 f   sfc_debug:sfcdebug.obj
 0001:0002d1a0       sf_debug_break_on_state_entry 000000018002e1a0 f   sfc_debug:sfcdebug.obj
 0001:0002d1b0       sf_debug_break_between_times 000000018002e1b0 f   sfc_debug:sfcdebug.obj
 0001:0002d1d0       sf_debug_browse_data       000000018002e1d0 f   sfc_debug:sfcdebug.obj
 0001:0002d1e0       sf_debug_watch_data        000000018002e1e0 f   sfc_debug:sfcdebug.obj
 0001:0002d210       sf_debug_assign_data       000000018002e210 f   sfc_debug:sfcdebug.obj
 0001:0002d220       sf_debug_whos              000000018002e220 f   sfc_debug:sfcdebug.obj
 0001:0002d240       sf_debug_get_consistency_info 000000018002e240 f   sfc_debug:sfcdebug.obj
 0001:0002d250       sf_debug_browse_trace      000000018002e250 f   sfc_debug:sfcdebug.obj
 0001:0002d260       sf_debug_set_breakpoints   000000018002e260 f   sfc_debug:sfcdebug.obj
 0001:0002d3d0       sf_debug_set_eml_breakpoints 000000018002e3d0 f   sfc_debug:sfcdebug.obj
 0001:0002d530       sf_debug_set_script_breakpoints 000000018002e530 f   sfc_debug:sfcdebug.obj
 0001:0002d5b0       sf_debug_add_script_breakpoints 000000018002e5b0 f   sfc_debug:sfcdebug.obj
 0001:0002d620       sf_debug_clear_script_breakpoints 000000018002e620 f   sfc_debug:sfcdebug.obj
 0001:0002d690       sf_debug_query_script_breakpoints 000000018002e690 f   sfc_debug:sfcdebug.obj
 0001:0002d740       sf_debug_get_eml_script_id 000000018002e740 f   sfc_debug:sfcdebug.obj
 0001:0002d790       sf_debug_set_watch         000000018002e790 f   sfc_debug:sfcdebug.obj
 0001:0002d9b0       sf_debug_get_instance_handle 000000018002e9b0 f   sfc_debug:sfcdebug.obj
 0001:0002da40       sf_debug_get_active_states 000000018002ea40 f   sfc_debug:sfcdebug.obj
 0001:0002da50       sf_debug_set_honor_breakpoints 000000018002ea50 f   sfc_debug:sfcdebug.obj
 0001:0002da60       sf_debug_get_animation     000000018002ea60 f   sfc_debug:sfcdebug.obj
 0001:0002da70       sf_debug_set_animation     000000018002ea70 f   sfc_debug:sfcdebug.obj
 0001:0002da80       sf_debug_animate           000000018002ea80 f   sfc_debug:sfcdebug.obj
 0001:0002daa0       sf_debug_cycle_detection_check 000000018002eaa0 f   sfc_debug:sfcdebug.obj
 0001:0002dab0       sf_debug_data_range_check  000000018002eab0 f   sfc_debug:sfcdebug.obj
 0001:0002dac0       sf_debug_transition_conflict_check 000000018002eac0 f   sfc_debug:sfcdebug.obj
 0001:0002dad0       sf_debug_state_consistency_check 000000018002ead0 f   sfc_debug:sfcdebug.obj
 0001:0002dae0       sf_debug_data_range_check_enabled 000000018002eae0 f   sfc_debug:sfcdebug.obj
 0001:0002db00       sf_debug_transition_conflict_check_enabled 000000018002eb00 f   sfc_debug:sfcdebug.obj
 0001:0002db20       sf_debug_transition_conflict_check_begin 000000018002eb20 f   sfc_debug:sfcdebug.obj
 0001:0002db40       sf_debug_transition_conflict_check_end 000000018002eb40 f   sfc_debug:sfcdebug.obj
 0001:0002db60       sf_debug_stop_debugging    000000018002eb60 f   sfc_debug:sfcdebug.obj
 0001:0002db90       sf_debug_is_cycle_detected 000000018002eb90 f   sfc_debug:sfcdebug.obj
 0001:0002dba0       sf_debug_is_array_bounds_detected 000000018002eba0 f   sfc_debug:sfcdebug.obj
 0001:0002dbb0       sf_debug_get_state_vectors_data_size 000000018002ebb0 f   sfc_debug:sfcdebug.obj
 0001:0002dbf0       sf_debug_get_state_vectors_data 000000018002ebf0 f   sfc_debug:sfcdebug.obj
 0001:0002dd00       sf_debug_set_state_vectors_data 000000018002ed00 f   sfc_debug:sfcdebug.obj
 0001:0002df90       sf_debug_get_script_index  000000018002ef90 f   sfc_debug:sfcdebug.obj
 0001:0002e120       sf_debug_add_script        000000018002f120 f   sfc_debug:sfcdebug.obj
 0001:0002e2b0       cv_eval_point              000000018002f2b0 f   sfc_debug:sfcdebug.obj
 0001:0002e420       cv_eval_testobjective      000000018002f420 f   sfc_debug:sfcdebug.obj
 0001:0002e530       sf_debug_cv_init_state     000000018002f530 f   sfc_debug:sfcdebug.obj
 0001:0002e660       sf_debug_cv_init_chart     000000018002f660 f   sfc_debug:sfcdebug.obj
 0001:0002e750       sf_debug_cv_init_trans     000000018002f750 f   sfc_debug:sfcdebug.obj
 0001:0002e860       sf_debug_cv_init_saturation 000000018002f860 f   sfc_debug:sfcdebug.obj
 0001:0002e960       sf_debug_cv_init_testobjectives 000000018002f960 f   sfc_debug:sfcdebug.obj
 0001:0002eb40       cv_eml_init_script         000000018002fb40 f   sfc_debug:sfcdebug.obj
 0001:0002ec60       cv_eml_init_fcn            000000018002fc60 f   sfc_debug:sfcdebug.obj
 0001:0002ed70       cv_eml_init_testobjective  000000018002fd70 f   sfc_debug:sfcdebug.obj
 0001:0002ee50       cv_eml_init_saturation     000000018002fe50 f   sfc_debug:sfcdebug.obj
 0001:0002ef20       cv_eml_init_if             000000018002ff20 f   sfc_debug:sfcdebug.obj
 0001:0002f000       cv_eml_init_for            0000000180030000 f   sfc_debug:sfcdebug.obj
 0001:0002f0d0       cv_eml_init_while          00000001800300d0 f   sfc_debug:sfcdebug.obj
 0001:0002f1a0       cv_eml_init_mcdc           00000001800301a0 f   sfc_debug:sfcdebug.obj
 0001:0002f2c0       cv_eml_init_switch         00000001800302c0 f   sfc_debug:sfcdebug.obj
 0001:0002f3c0       cv_eml_eval                00000001800303c0 f   sfc_debug:sfcdebug.obj
 0001:0002f4b0       sf_debug_bm_is_a_eml_breakpoint 00000001800304b0 f   sfc_debug:sfcdebug.obj
 0001:0002f600       sf_debug_temporal_threshold 0000000180030600 f   sfc_debug:sfcdebug.obj
 0001:0002f970       sf_debug_transition_conflict_error 0000000180030970 f   sfc_debug:sfcdebug.obj
 0001:0002fcd0       sf_debug_state_inconsistency_error 0000000180030cd0 f   sfc_debug:sfcdebug.obj
 0001:0002fdf0       sf_debug_check_for_state_inconsistency 0000000180030df0 f   sfc_debug:sfcdebug.obj
 0001:0002fe30       sf_debug_cycle_detecton_error 0000000180030e30 f   sfc_debug:sfcdebug.obj
 0001:00030580       sf_debug_size_eq_check_1d  0000000180031580 f   sfc_debug:sfcdebug.obj
 0001:000305a0       sf_debug_size_eq_check_nd  00000001800315a0 f   sfc_debug:sfcdebug.obj
 0001:000307a0       sf_debug_dim_size_eq_check 00000001800317a0 f   sfc_debug:sfcdebug.obj
 0001:000307d0       sf_debug_dim_size_geq_check 00000001800317d0 f   sfc_debug:sfcdebug.obj
 0001:00030800       sf_debug_sub_assign_size_check_nd 0000000180031800 f   sfc_debug:sfcdebug.obj
 0001:000309e0       sf_debug_matrix_matrix_index_check 00000001800319e0 f   sfc_debug:sfcdebug.obj
 0001:00030a30       sf_debug_vector_vector_index_check 0000000180031a30 f   sfc_debug:sfcdebug.obj
 0001:00030a80       sf_debug_for_loop_vector_check 0000000180031a80 f   sfc_debug:sfcdebug.obj
 0001:00030b20       sf_debug_runtime_error_msgid 0000000180031b20 f   sfc_debug:sfcdebug.obj
 0001:00030bc0       sf_debug_data_array_bounds_error_check 0000000180031bc0 f   sfc_debug:sfcdebug.obj
 0001:00030cd0       sf_debug_eml_data_array_bounds_error_check 0000000180031cd0 f   sfc_debug:sfcdebug.obj
 0001:00031190       sf_debug_integer_check     0000000180032190 f   sfc_debug:sfcdebug.obj
 0001:00031280       sf_debug_not_nan_check     0000000180032280 f   sfc_debug:sfcdebug.obj
 0001:00031350       sf_debug_non_negative_check 0000000180032350 f   sfc_debug:sfcdebug.obj
 0001:00031420       sf_debug_overflow_detection 0000000180032420 f   sfc_debug:sfcdebug.obj
 0001:00031a80       sf_debug_cast_to_real32_T  0000000180032a80 f   sfc_debug:sfcdebug.obj
 0001:00031b50       sf_debug_cast_to_int8_T    0000000180032b50 f   sfc_debug:sfcdebug.obj
 0001:00031c20       sf_debug_cast_to_uint8_T   0000000180032c20 f   sfc_debug:sfcdebug.obj
 0001:00031cf0       sf_debug_cast_to_int16_T   0000000180032cf0 f   sfc_debug:sfcdebug.obj
 0001:00031dc0       sf_debug_cast_to_uint16_T  0000000180032dc0 f   sfc_debug:sfcdebug.obj
 0001:00031e90       sf_debug_cast_to_int32_T   0000000180032e90 f   sfc_debug:sfcdebug.obj
 0001:00031f60       sf_debug_cast_to_uint32_T  0000000180032f60 f   sfc_debug:sfcdebug.obj
 0001:00032030       sf_debug_data_range_error  0000000180033030 f   sfc_debug:sfcdebug.obj
 0001:00032340       sf_debug_read_before_write_check 0000000180033340 f   sfc_debug:sfcdebug.obj
 0001:00032770       sf_debug_data_range_error_wrapper_min_max 0000000180033770 f   sfc_debug:sfcdebug.obj
 0001:00032890       sf_debug_data_range_error_wrapper_min 0000000180033890 f   sfc_debug:sfcdebug.obj
 0001:000329a0       sf_debug_data_range_error_wrapper_max 00000001800339a0 f   sfc_debug:sfcdebug.obj
 0001:00032ab0       sf_debug_data_range_wrapper 0000000180033ab0 f   sfc_debug:sfcdebug.obj
 0001:00032b70       sf_debug_set_current_status_info 0000000180033b70 f   sfc_debug:sfcdebug.obj
 0001:00032f10       sf_debug_register_message_post_receive_info 0000000180033f10 f   sfc_debug:sfcdebug.obj
 0001:00033160       sf_debug_call              0000000180034160 f   sfc_debug:sfcdebug.obj
 0001:00033ac0       sf_debug_initialize_machine 0000000180034ac0 f   sfc_debug:sfcdebug.obj
 0001:00033d70       sf_debug_initialize_chart  0000000180034d70 f   sfc_debug:sfcdebug.obj
 0001:000341c0       sf_debug_ensure_script     00000001800351c0 f   sfc_debug:sfcdebug.obj
 0001:00034270       cv_eval_saturation         0000000180035270 f   sfc_debug:sfcdebug.obj
 0001:000343f0       cv_saturation_accum        00000001800353f0 f   sfc_debug:sfcdebug.obj
 0001:00034530       cv_script_init_script      0000000180035530 f   sfc_debug:sfcdebug.obj
 0001:00034620       cv_script_init_fcn         0000000180035620 f   sfc_debug:sfcdebug.obj
 0001:000346e0       cv_script_init_testobjective 00000001800356e0 f   sfc_debug:sfcdebug.obj
 0001:000347a0       cv_script_init_saturation  00000001800357a0 f   sfc_debug:sfcdebug.obj
 0001:00034850       cv_script_init_if          0000000180035850 f   sfc_debug:sfcdebug.obj
 0001:00034910       cv_script_init_for         0000000180035910 f   sfc_debug:sfcdebug.obj
 0001:000349c0       cv_script_init_while       00000001800359c0 f   sfc_debug:sfcdebug.obj
 0001:00034a70       cv_script_init_mcdc        0000000180035a70 f   sfc_debug:sfcdebug.obj
 0001:00034b70       cv_script_init_switch      0000000180035b70 f   sfc_debug:sfcdebug.obj
 0001:00034c50       cv_script_eval             0000000180035c50 f   sfc_debug:sfcdebug.obj
 0001:00034d20       eml_debug_line_call        0000000180035d20 f   sfc_debug:sfcdebug.obj
 0001:00034ef0       sf_debug_terminate         0000000180035ef0 f   sfc_debug:sfcdebug.obj
 0001:00035100       sf_debug_set_script_cv_ids 0000000180036100 f   sfc_debug:sfcdebug.obj
 0001:00035230       sf_debug_api               0000000180036230 f   sfc_debug:sfc_api.obj
 0001:00036b20       sf_debug_sm_terminate      0000000180037b20 f   sfc_debug:sfdb_animation.obj
 0001:00036cd0       sf_debug_reset_path_objects 0000000180037cd0 f   sfc_debug:sfdb_animation.obj
 0001:00036d50       sf_debug_sm_reset_object_selection_status 0000000180037d50 f   sfc_debug:sfdb_animation.obj
 0001:00036df0       sf_debug_sm_reset_state_buffer 0000000180037df0 f   sfc_debug:sfdb_animation.obj
 0001:00036ec0       sf_debug_sm_store_state_buffer 0000000180037ec0 f   sfc_debug:sfdb_animation.obj
 0001:00036f40       sf_debug_sm_restore_state_buffer1 0000000180037f40 f   sfc_debug:sfdb_animation.obj
 0001:00036fb0       sf_debug_sm_restore_state_buffer2 0000000180037fb0 f   sfc_debug:sfdb_animation.obj
 0001:00037020       sf_debug_sm_chart_active   0000000180038020 f   sfc_debug:sfdb_animation.obj
 0001:00037070       sf_debug_sm_select_active_objects 0000000180038070 f   sfc_debug:sfdb_animation.obj
 0001:00037540       sf_debug_sm_is_chart_active 0000000180038540 f   sfc_debug:sfdb_animation.obj
 0001:00037580       sf_debug_sm_is_state_active 0000000180038580 f   sfc_debug:sfdb_animation.obj
 0001:000377c0       sf_debug_sm_get_active_states 00000001800387c0 f   sfc_debug:sfdb_animation.obj
 0001:00037d70       sf_debug_sm_initialize_instance 0000000180038d70 f   sfc_debug:sfdb_animation.obj
 0001:00037f80       sf_debug_sm_change_object_selection_status 0000000180038f80 f   sfc_debug:sfdb_animation.obj
 0001:00038250       cv_create_interface        0000000180039250 f   sfc_debug:cv_sfinterface.obj
 0001:00038560       cv_init_trans              0000000180039560 f   sfc_debug:cv_sfinterface.obj
 0001:000385b0       cv_init_saturation         00000001800395b0 f   sfc_debug:cv_sfinterface.obj
 0001:000385f0       cv_init_testobjective      00000001800395f0 f   sfc_debug:cv_sfinterface.obj
 0001:00038630       cv_init_state              0000000180039630 f   sfc_debug:cv_sfinterface.obj
 0001:000386a0       cv_init_chart              00000001800396a0 f   sfc_debug:cv_sfinterface.obj
 0001:000386f0       cv_dec_update_call         00000001800396f0 f   sfc_debug:cv_sfinterface.obj
 0001:00038730       cv_cond_update_call        0000000180039730 f   sfc_debug:cv_sfinterface.obj
 0001:00038770       cv_saturation_update_call  0000000180039770 f   sfc_debug:cv_sfinterface.obj
 0001:000387b0       cv_saturation_update_accum 00000001800397b0 f   sfc_debug:cv_sfinterface.obj
 0001:000387f0       cv_testobjective_update_call 00000001800397f0 f   sfc_debug:cv_sfinterface.obj
 0001:00038830       cv_sigrange_update         0000000180039830 f   sfc_debug:cv_sfinterface.obj
 0001:00038870       cvsf_eml_eval              0000000180039870 f   sfc_debug:cv_sfinterface.obj
 0001:00038950       cvsf_eml_init_script       0000000180039950 f   sfc_debug:cv_sfinterface.obj
 0001:000389e0       cvsf_eml_init_fcn          00000001800399e0 f   sfc_debug:cv_sfinterface.obj
 0001:00038a40       cvsf_eml_init_testobjective 0000000180039a40 f   sfc_debug:cv_sfinterface.obj
 0001:00038aa0       cvsf_eml_init_saturation   0000000180039aa0 f   sfc_debug:cv_sfinterface.obj
 0001:00038af0       cvsf_eml_init_if           0000000180039af0 f   sfc_debug:cv_sfinterface.obj
 0001:00038b50       cvsf_eml_init_for          0000000180039b50 f   sfc_debug:cv_sfinterface.obj
 0001:00038ba0       cvsf_eml_init_while        0000000180039ba0 f   sfc_debug:cv_sfinterface.obj
 0001:00038bf0       cvsf_eml_init_mcdc         0000000180039bf0 f   sfc_debug:cv_sfinterface.obj
 0001:00038c80       cvsf_eml_init_switch       0000000180039c80 f   sfc_debug:cv_sfinterface.obj
 0001:00038cf0       cvsf_script_eval           0000000180039cf0 f   sfc_debug:cv_sfinterface.obj
 0001:00038dd0       cvsf_script_init_script    0000000180039dd0 f   sfc_debug:cv_sfinterface.obj
 0001:00038e60       cvsf_script_init_fcn       0000000180039e60 f   sfc_debug:cv_sfinterface.obj
 0001:00038ec0       cvsf_script_init_testobjective 0000000180039ec0 f   sfc_debug:cv_sfinterface.obj
 0001:00038f20       cvsf_script_init_saturation 0000000180039f20 f   sfc_debug:cv_sfinterface.obj
 0001:00038f70       cvsf_script_init_if        0000000180039f70 f   sfc_debug:cv_sfinterface.obj
 0001:00038fd0       cvsf_script_init_for       0000000180039fd0 f   sfc_debug:cv_sfinterface.obj
 0001:00039020       cvsf_script_init_while     000000018003a020 f   sfc_debug:cv_sfinterface.obj
 0001:00039070       cvsf_script_init_mcdc      000000018003a070 f   sfc_debug:cv_sfinterface.obj
 0001:00039100       cvsf_script_init_switch    000000018003a100 f   sfc_debug:cv_sfinterface.obj
 0001:00039170       cv_destroy_interface       000000018003a170 f   sfc_debug:cv_sfinterface.obj
 0001:00039190       cv_create_instance_objects 000000018003a190 f   sfc_debug:cv_sfinterface.obj
 0001:00039600       cv_is_enabled              000000018003a600 f   sfc_debug:cv_sfinterface.obj
 0001:00039610       sf_debug_cv_initialize_script 000000018003a610 f   sfc_debug:cv_sfinterface.obj
 0001:000397a0       sf_debug_cv_initialize_instance 000000018003a7a0 f   sfc_debug:cv_sfinterface.obj
 0001:00039b30       sf_debug_cv_terminate_chart 000000018003ab30 f   sfc_debug:cv_sfinterface.obj
 0001:00039c50       cv_call_trans_test         000000018003ac50 f   sfc_debug:cv_sfinterface.obj
 0001:00039c60       cv_call_sub_cond_test      000000018003ac60 f   sfc_debug:cv_sfinterface.obj
 0001:00039ca0       sf_debug_st_initialize_machine 000000018003aca0 f   sfc_debug:sfdb_data_browse.obj
 0001:00039d50       sf_debug_st_initialize_instance 000000018003ad50 f   sfc_debug:sfdb_data_browse.obj
 0001:00039f60       sf_debug_st_terminate      000000018003af60 f   sfc_debug:sfdb_data_browse.obj
 0001:0003a300       sf_debug_st_set_data_value_ptr_in_machine 000000018003b300 f   sfc_debug:sfdb_data_browse.obj
 0001:0003a390       sf_debug_st_set_data_value_ptr_in_instance 000000018003b390 f   sfc_debug:sfdb_data_browse.obj
 0001:0003a470       sf_debug_st_unset_data_value_ptr_in_machine 000000018003b470 f   sfc_debug:sfdb_data_browse.obj
 0001:0003a4e0       sf_debug_st_unset_data_value_ptr_in_instance 000000018003b4e0 f   sfc_debug:sfdb_data_browse.obj
 0001:0003a7a0       sf_debug_mx_value          000000018003b7a0 f   sfc_debug:sfdb_data_browse.obj
 0001:0003a800       sf_debug_mx_packed_vector  000000018003b800 f   sfc_debug:sfdb_data_browse.obj
 0001:0003a8e0       sf_debug_mx_uint_vector    000000018003b8e0 f   sfc_debug:sfdb_data_browse.obj
 0001:0003a990       sf_debug_st_get_double_value_from_void_ptr_vector 000000018003b990 f   sfc_debug:sfdb_data_browse.obj
 0001:0003b470       sf_debug_st_browse_data    000000018003c470 f   sfc_debug:sfdb_data_browse.obj
 0001:0003bcb0       sf_debug_hm_initialize_instance 000000018003ccb0 f   sfc_debug:sfdb_handle_management.obj
 0001:0003c190       sf_debug_hm_get_object_id  000000018003d190 f   sfc_debug:sfdb_handle_management.obj
 0001:0003cd40       sf_debug_hm_update_chart_visibility 000000018003dd40 f   sfc_debug:sfdb_handle_management.obj
 0001:0003df30       sf_debug_object_is_eml_function 000000018003ef30 f   sfc_debug:sfdb_handle_management.obj
 0001:0003dfa0       sf_debug_hm_initialize_ids_in_machine 000000018003efa0 f   sfc_debug:sfdb_handle_management.obj
 0001:0003e110       sf_debug_hm_initialize_ids_in_chart 000000018003f110 f   sfc_debug:sfdb_handle_management.obj
 0001:0003e210       sf_debug_hm_initialize_chart 000000018003f210 f   sfc_debug:sfdb_handle_management.obj
 0001:0003e910       sf_debug_hm_terminate      000000018003f910 f   sfc_debug:sfdb_handle_management.obj
 0001:0003e970       sf_debug_hm_initialize_machine 000000018003f970 f   sfc_debug:sfdb_handle_management.obj
 0001:0003f090       sf_debug_ss_initialize     0000000180040090 f   sfc_debug:sfdb_symbol_scope.obj
 0001:0003f0b0       sf_debug_ss_terminate      00000001800400b0 f   sfc_debug:sfdb_symbol_scope.obj
 0001:0003f140       sf_debug_ss_push_symbol_scope 0000000180040140 f   sfc_debug:sfdb_symbol_scope.obj
 0001:0003f240       sf_debug_ss_push_symbol_scope_eml 0000000180040240 f   sfc_debug:sfdb_symbol_scope.obj
 0001:0003f2a0       sf_debug_ss_pop_symbol_scope 00000001800402a0 f   sfc_debug:sfdb_symbol_scope.obj
 0001:0003f350       sf_debug_ss_add_symbol     0000000180040350 f   sfc_debug:sfdb_symbol_scope.obj
 0001:0003f4c0       sf_debug_ss_add_symbol_eml 00000001800404c0 f   sfc_debug:sfdb_symbol_scope.obj
 0001:000403c0       sf_debug_ss_set_data_value 00000001800413c0 f   sfc_debug:sfdb_symbol_scope.obj
 0001:00040810       getInstanceNumber          0000000180041810 f   sfc_debug:sfdb_symbol_scope.obj
 0001:000408e0       sf_debug_ss_watch_data     00000001800418e0 f   sfc_debug:sfdb_symbol_scope.obj
 0001:00040ad0       sf_debug_ss_assign_data    0000000180041ad0 f   sfc_debug:sfdb_symbol_scope.obj
 0001:000414e0       get_data_entry_name        00000001800424e0 f   sfc_debug:sfdb_symbol_scope.obj
 0001:00041530       sf_debug_ss_whos           0000000180042530 f   sfc_debug:sfdb_symbol_scope.obj
 0001:00041b80       sf_debug_cc_initialize_chart 0000000180042b80 f   sfc_debug:sfdb_coverage.obj
 0001:00042570       sf_debug_cc_initialize_instance 0000000180043570 f   sfc_debug:sfdb_coverage.obj
 0001:000432b0       sf_debug_cc_terminate      00000001800442b0 f   sfc_debug:sfdb_coverage.obj
 0001:000433a0       sf_debug_cc_set_transition_maps 00000001800443a0 f   sfc_debug:sfdb_coverage.obj
 0001:000434d0       sf_debug_cc_set_state_maps 00000001800444d0 f   sfc_debug:sfdb_coverage.obj
 0001:000435b0       sf_debug_cc_set_transition_weights 00000001800445b0 f   sfc_debug:sfdb_coverage.obj
 0001:00043870       sf_debug_cc_set_state_weights 0000000180044870 f   sfc_debug:sfdb_coverage.obj
 0001:00043b40       sf_debug_cc_mark_transition_guard 0000000180044b40 f   sfc_debug:sfdb_coverage.obj
 0001:00043bd0       sf_debug_cc_mark_transition_trigger 0000000180044bd0 f   sfc_debug:sfdb_coverage.obj
 0001:00043c60       sf_debug_cc_mark_transition_decision 0000000180044c60 f   sfc_debug:sfdb_coverage.obj
 0001:00043cd0       sf_debug_cc_mark_transition_condition_action 0000000180044cd0 f   sfc_debug:sfdb_coverage.obj
 0001:00043d20       sf_debug_cc_mark_transition_transition_action 0000000180044d20 f   sfc_debug:sfdb_coverage.obj
 0001:00043d70       sf_debug_cc_mark_state_entry 0000000180044d70 f   sfc_debug:sfdb_coverage.obj
 0001:00043dc0       sf_debug_cc_mark_state_during 0000000180044dc0 f   sfc_debug:sfdb_coverage.obj
 0001:00043e10       sf_debug_cc_mark_state_exit 0000000180044e10 f   sfc_debug:sfdb_coverage.obj
 0001:00043e60       sf_debug_bm_clear_script_breakpoints 0000000180044e60 f   sfc_debug:sfdb_breakpoints.obj
 0001:00043e90       sf_debug_bm_set_script_breakpoint 0000000180044e90 f   sfc_debug:sfdb_breakpoints.obj
 0001:00043f10       sf_debug_bm_clear_single_script_breakpoint 0000000180044f10 f   sfc_debug:sfdb_breakpoints.obj
 0001:00043f90       sf_debug_bm_query_script_breakpoint 0000000180044f90 f   sfc_debug:sfdb_breakpoints.obj
 0001:00043fe0       sf_debug_bm_initialize_scripts 0000000180044fe0 f   sfc_debug:sfdb_breakpoints.obj
 0001:00044670       sf_debug_bm_terminate      0000000180045670 f   sfc_debug:sfdb_breakpoints.obj
 0001:00044950       sf_debug_bm_remove_all_breakpoints_in_machine 0000000180045950 f   sfc_debug:sfdb_breakpoints.obj
 0001:000449b0       sf_debug_bm_remove_all_breakpoints_in_chart 00000001800459b0 f   sfc_debug:sfdb_breakpoints.obj
 0001:00044b00       sf_debug_bm_initialize_global_breakpoints 0000000180045b00 f   sfc_debug:sfdb_breakpoints.obj
 0001:00044c80       sf_debug_bm_set_breakpoint 0000000180045c80 f   sfc_debug:sfdb_breakpoints.obj
 0001:00045240       sf_debug_bm_set_eml_breakpoint 0000000180046240 f   sfc_debug:sfdb_breakpoints.obj
 0001:000452d0       sf_debug_bm_initialize_machine_breakpoint_map 00000001800462d0 f   sfc_debug:sfdb_breakpoints.obj
 0001:000456f0       sf_debug_bm_is_a_breakpoint 00000001800466f0 f   sfc_debug:sfdb_breakpoints.obj
 0001:00045c10       sf_debug_bm_get_all_breakpoints_in_machine 0000000180046c10 f   sfc_debug:sfdb_breakpoints.obj
 0001:00045f10       sf_debug_bm_get_all_breakpoints_in_chart 0000000180046f10 f   sfc_debug:sfdb_breakpoints.obj
 0001:00046aa0       sf_debug_bm_initialize_machine 0000000180047aa0 f   sfc_debug:sfdb_breakpoints.obj
 0001:00046b70       sf_debug_bm_initialize_chart 0000000180047b70 f   sfc_debug:sfdb_breakpoints.obj
 0001:00046f60       sf_debug_sc_terminate      0000000180047f60 f   sfc_debug:sfdb_state_consistency.obj
 0001:00047280       sf_debug_sc_is_chart_consistent 0000000180048280 f   sfc_debug:sfdb_state_consistency.obj
 0001:00047530       sf_debug_sc_get_consistency_error_info 0000000180048530 f   sfc_debug:sfdb_state_consistency.obj
 0001:00047940       sf_debug_tm_terminate      0000000180048940 f   sfc_debug:sfdb_call_stack.obj
 0001:000479f0       sf_debug_tm_push_chart_instance 00000001800489f0 f   sfc_debug:sfdb_call_stack.obj
 0001:00047b30       sf_debug_tm_pop_chart_instance 0000000180048b30 f   sfc_debug:sfdb_call_stack.obj
 0001:00047b90       sf_debug_tm_push_trace_node 0000000180048b90 f   sfc_debug:sfdb_call_stack.obj
 0001:00047d10       sf_debug_tm_pop_trace_node 0000000180048d10 f   sfc_debug:sfdb_call_stack.obj
 0001:00047d90       sf_debug_tm_get_current_global_trace_index 0000000180048d90 f   sfc_debug:sfdb_call_stack.obj
 0001:00047da0       sf_debug_tm_get_current_local_trace_index 0000000180048da0 f   sfc_debug:sfdb_call_stack.obj
 0001:00047dd0       sf_debug_tm_set_cycle_detected_flag 0000000180048dd0 f   sfc_debug:sfdb_call_stack.obj
 0001:00047e10       sf_debug_tm_set_cycle_started_flag 0000000180048e10 f   sfc_debug:sfdb_call_stack.obj
 0001:00047e50       sf_debug_tm_get_chart_number_from_stack 0000000180048e50 f   sfc_debug:sfdb_call_stack.obj
 0001:00048050       sf_debug_tm_browse_trace   0000000180049050 f   sfc_debug:sfdb_call_stack.obj
 0001:00048360       sf_debug_cd_initialize_instance 0000000180049360 f   sfc_debug:sfdb_cycle_detection.obj
 0001:00048610       sf_debug_cd_mark_processed_transition_in_instance 0000000180049610 f   sfc_debug:sfdb_cycle_detection.obj
 0001:000486b0       sf_debug_cd_checksum_push  00000001800496b0 f   sfc_debug:sfdb_cycle_detection.obj
 0001:00048960       sf_debug_cd_checksum_pop   0000000180049960 f   sfc_debug:sfdb_cycle_detection.obj
 0001:000489d0       sf_debug_cd_turn_off_cycle_detection 00000001800499d0 f   sfc_debug:sfdb_cycle_detection.obj
 0001:00048a20       sf_debug_cd_terminate      0000000180049a20 f   sfc_debug:sfdb_cycle_detection.obj
 0001:00048c50       md5_initialize_state       0000000180049c50 f   sfc_debug:ckmd5.obj
 0001:000496e0       md5_update_state           000000018004a6e0 f   sfc_debug:ckmd5.obj
 0001:00049700       md5_get_hash               000000018004a700 f   sfc_debug:ckmd5.obj
 0001:00049730       md5_get_hash_for_a_single_string 000000018004a730 f   sfc_debug:ckmd5.obj
 0001:00049790       mxGetPr                    000000018004a790 f   libmx:libmx.dll
 0001:00049796       mxCreateDoubleScalar       000000018004a796 f   libmx:libmx.dll
 0001:0004979c       mxCreateDoubleMatrix_730   000000018004a79c f   libmx:libmx.dll
 0001:000497a2       mxSetField_730             000000018004a7a2 f   libmx:libmx.dll
 0001:000497a8       mxCreateString             000000018004a7a8 f   libmx:libmx.dll
 0001:000497ae       mxCreateStructMatrix_730   000000018004a7ae f   libmx:libmx.dll
 0001:000497b4       mxCreateCellMatrix_730     000000018004a7b4 f   libmx:libmx.dll
 0001:000497ba       mxDestroyArray             000000018004a7ba f   libmx:libmx.dll
 0001:000497c0       mxDuplicateArray           000000018004a7c0 f   libmx:libmx.dll
 0001:000497c6       mxGetString_730            000000018004a7c6 f   libmx:libmx.dll
 0001:000497cc       mxIsChar                   000000018004a7cc f   libmx:libmx.dll
 0001:000497d2       mxGetClassID               000000018004a7d2 f   libmx:libmx.dll
 0001:000497d8       mxIsNumeric                000000018004a7d8 f   libmx:libmx.dll
 0001:000497de       mxIsComplex                000000018004a7de f   libmx:libmx.dll
 0001:000497e4       mxGetN                     000000018004a7e4 f   libmx:libmx.dll
 0001:000497ea       mxGetM                     000000018004a7ea f   libmx:libmx.dll
 0001:000497f0       mxCalloc                   000000018004a7f0 f   libmx:libmx.dll
 0001:000497f6       mxGetScalar                000000018004a7f6 f   libmx:libmx.dll
 0001:000497fc       mxIsLogical                000000018004a7fc f   libmx:libmx.dll
 0001:00049802       mxCreateDoubleMatrix_700   000000018004a802 f   libmx:libmx.dll
 0001:00049808       mxFree                     000000018004a808 f   libmx:libmx.dll
 0001:0004980e       mxArrayToString            000000018004a80e f   libmx:libmx.dll
 0001:00049814       mxCreateCellMatrix_700     000000018004a814 f   libmx:libmx.dll
 0001:0004981a       mxSetCell_700              000000018004a81a f   libmx:libmx.dll
 0001:00049820       mxGetCell_700              000000018004a820 f   libmx:libmx.dll
 0001:00049826       mxGetClassName             000000018004a826 f   libmx:libmx.dll
 0001:0004982c       mxSetField_700             000000018004a82c f   libmx:libmx.dll
 0001:00049832       mxAddField                 000000018004a832 f   libmx:libmx.dll
 0001:00049838       mxGetField_700             000000018004a838 f   libmx:libmx.dll
 0001:0004983e       mxGetNumberOfElements      000000018004a83e f   libmx:libmx.dll
 0001:00049844       mxIsStruct                 000000018004a844 f   libmx:libmx.dll
 0001:0004984a       mxIsA                      000000018004a84a f   libmx:libmx.dll
 0001:00049850       mxIsClass                  000000018004a850 f   libmx:libmx.dll
 0001:00049856       mxGetLogicals              000000018004a856 f   libmx:libmx.dll
 0001:0004985c       mxIsSparse                 000000018004a85c f   libmx:libmx.dll
 0001:00049862       mxSetFieldByNumber_700     000000018004a862 f   libmx:libmx.dll
 0001:00049868       mxGetFieldByNumber_700     000000018004a868 f   libmx:libmx.dll
 0001:0004986e       mxGetFieldNameByNumber     000000018004a86e f   libmx:libmx.dll
 0001:00049874       mxGetNumberOfFields        000000018004a874 f   libmx:libmx.dll
 0001:0004987a       mxCreateStructMatrix_700   000000018004a87a f   libmx:libmx.dll
 0001:00049880       mxGetFieldNumber           000000018004a880 f   libmx:libmx.dll
 0001:00049886       mxIsNaN                    000000018004a886 f   libmx:libmx.dll
 0001:0004988c       mxIsEmpty                  000000018004a88c f   libmx:libmx.dll
 0001:00049892       mxGetData                  000000018004a892 f   libmx:libmx.dll
 0001:00049898       mxGetImagData              000000018004a898 f   libmx:libmx.dll
 0001:0004989e       mxArrayClassIDName         000000018004a89e f   libmx:libmx.dll
 0001:000498a4       mxCreateNumericMatrix_700  000000018004a8a4 f   libmx:libmx.dll
 0001:000498aa       mxCreateStructArray_700    000000018004a8aa f   libmx:libmx.dll
 0001:000498b0       mxCalcSingleSubscript_700  000000018004a8b0 f   libmx:libmx.dll
 0001:000498b6       mxGetDimensions_700        000000018004a8b6 f   libmx:libmx.dll
 0001:000498bc       mxGetNumberOfDimensions_700 000000018004a8bc f   libmx:libmx.dll
 0001:000498c2       mxCreateNumericArray_700   000000018004a8c2 f   libmx:libmx.dll
 0001:000498c8       mxGetElementSize           000000018004a8c8 f   libmx:libmx.dll
 0001:000498ce       mxCreateStringFromNChars_700 000000018004a8ce f   libmx:libmx.dll
 0001:000498d4       mxGetString_700            000000018004a8d4 f   libmx:libmx.dll
 0001:000498da       mxIsLogicalScalarTrue      000000018004a8da f   libmx:libmx.dll
 0001:000498e0       mxCreateLogicalScalar      000000018004a8e0 f   libmx:libmx.dll
 0001:000498e6       mexUnlock                  000000018004a8e6 f   libmex:libmex.dll
 0001:000498ec       mexIsLocked                000000018004a8ec f   libmex:libmex.dll
 0001:000498f2       mexWarnMsgTxt              000000018004a8f2 f   libmex:libmex.dll
 0001:000498f8       mexCallMATLAB              000000018004a8f8 f   libmex:libmex.dll
 0001:000498fe       mexErrMsgTxt               000000018004a8fe f   libmex:libmex.dll
 0001:00049904       mexMakeArrayPersistent     000000018004a904 f   libmex:libmex.dll
 0001:0004990a       mexSetTrapFlag             000000018004a90a f   libmex:libmex.dll
 0001:00049910       mexPutVariable             000000018004a910 f   libmex:libmex.dll
 0001:00049916       mexGetVariable             000000018004a916 f   libmex:libmex.dll
 0001:0004991c       mexLock                    000000018004a91c f   libmex:libmex.dll
 0001:00049922       mexMakeMemoryPersistent    000000018004a922 f   libmex:libmex.dll
 0001:00049928       mexFunctionName            000000018004a928 f   libmex:libmex.dll
 0001:0004992e       ssRegisterDataTypeFxpFSlopeFixExpBias 000000018004a92e f   libfixedpoint:libfixedpoint.dll
 0001:00049934       ssRegisterDataTypeFxpScaledDouble 000000018004a934 f   libfixedpoint:libfixedpoint.dll
 0001:0004993a       utMalloc                   000000018004a93a f   libut:libut.dll
 0001:00049940       utFree                     000000018004a940 f   libut:libut.dll
 0001:00049946       utVSNprintf                000000018004a946 f   libut:libut.dll
 0001:0004994c       utCPUtime                  000000018004a94c f   libut:libut.dll
 0001:00049952       utCalloc                   000000018004a952 f   libut:libut.dll
 0001:00049958       utRealloc                  000000018004a958 f   libut:libut.dll
 0001:0004995e       muDoubleScalarAbs          000000018004a95e f   libmwmathutil:libmwmathutil.dll
 0001:00049964       muDoubleScalarSin          000000018004a964 f   libmwmathutil:libmwmathutil.dll
 0001:0004996a       muDoubleScalarCos          000000018004a96a f   libmwmathutil:libmwmathutil.dll
 0001:00049970       muDoubleScalarFloor        000000018004a970 f   libmwmathutil:libmwmathutil.dll
 0001:00049976       muDoubleScalarRound        000000018004a976 f   libmwmathutil:libmwmathutil.dll
 0001:0004997c       muDoubleScalarPower        000000018004a97c f   libmwmathutil:libmwmathutil.dll
 0001:00049982       emlrtCreateRootTLS         000000018004a982 f   libemlrt:libemlrt.dll
 0001:00049988       emlrtDestroyRootTLS        000000018004a988 f   libemlrt:libemlrt.dll
 0001:0004998e       emlrtCheckBuiltInR2012b    000000018004a98e f   libemlrt:libemlrt.dll
 0001:00049994       emlrtCheckVsBuiltInR2012b  000000018004a994 f   libemlrt:libemlrt.dll
 0001:0004999a       emlrtCheckEnumR2012b       000000018004a99a f   libemlrt:libemlrt.dll
 0001:000499a0       emlrtCreateEnumR2012b      000000018004a9a0 f   libemlrt:libemlrt.dll
 0001:000499a6       emlrtGetEnumElementR2009a  000000018004a9a6 f   libemlrt:libemlrt.dll
 0001:000499ac       emlrtCreateReference       000000018004a9ac f   libemlrt:libemlrt.dll
 0001:000499b2       emlrtImportVsFiArrayR2009b 000000018004a9b2 f   libemlrt:libemlrt.dll
 0001:000499b8       emlrtNameCapturePostProcessR2012a 000000018004a9b8 f   libemlrt:libemlrt.dll
 0001:000499be       emlrtExtractMessageId      000000018004a9be f   libemlrt:libemlrt.dll
 0001:000499c4       emlrtTranslateMessageIDtoLCPstring 000000018004a9c4 f   libemlrt:libemlrt.dll
 0001:000499ca       emlrtForLoopVectorIsValidR2011b 000000018004a9ca f   libemlrt:libemlrt.dll
 0001:000499d0       emlrtTranslateUTF16MessagetoLCPstring 000000018004a9d0 f   libemlrt:libemlrt.dll
 0001:000499d6       emlrtGetEnumUnderlyingArrayR2009a 000000018004a9d6 f   libemlrt:libemlrt.dll
 0001:000499dc       emlrtIsEnumR2009a          000000018004a9dc f   libemlrt:libemlrt.dll
 0001:000499e4       __GSHandlerCheckCommon     000000018004a9e4 f   MSVCRT:gshandler.obj
 0001:00049a48       __GSHandlerCheck           000000018004aa48 f   MSVCRT:gshandler.obj
 0001:00049a66       strlen                     000000018004aa66 f   MSVCRT:MSVCR100.dll
 0001:00049a80       __security_check_cookie    000000018004aa80 f   MSVCRT:amdsecgs.obj
 0001:00049aa0       memset                     000000018004aaa0 f   MSVCRT:MSVCR100.dll
 0001:00049aa6       strcmp                     000000018004aaa6 f   MSVCRT:MSVCR100.dll
 0001:00049aac       free                       000000018004aaac f   MSVCRT:MSVCR100.dll
 0001:00049ab2       sprintf                    000000018004aab2 f   MSVCRT:MSVCR100.dll
 0001:00049ab8       malloc                     000000018004aab8 f   MSVCRT:MSVCR100.dll
 0001:00049abe       strcat                     000000018004aabe f   MSVCRT:MSVCR100.dll
 0001:00049ac4       memcpy                     000000018004aac4 f   MSVCRT:MSVCR100.dll
 0001:00049acc       NtCurrentTeb               000000018004aacc f i MSVCRT:crtdll.obj
 0001:00049b38       _CRT_INIT                  000000018004ab38 f   MSVCRT:crtdll.obj
 0001:00049ed0       _DllMainCRTStartup         000000018004aed0 f   MSVCRT:crtdll.obj
 0001:00049f0e       strncpy                    000000018004af0e f   MSVCRT:MSVCR100.dll
 0001:00049f30       __chkstk                   000000018004af30 f   MSVCRT:chkstk.obj
 0001:00049f30       _alloca_probe              000000018004af30     MSVCRT:chkstk.obj
 0001:00049f7e       longjmp                    000000018004af7e f   MSVCRT:MSVCR100.dll
 0001:00049f84       strncmp                    000000018004af84 f   MSVCRT:MSVCR100.dll
 0001:00049f8a       ceil                       000000018004af8a f   MSVCRT:MSVCR100.dll
 0001:00049f90       strrchr                    000000018004af90 f   MSVCRT:MSVCR100.dll
 0001:00049f96       _setjmp                    000000018004af96 f   MSVCRT:MSVCR100.dll
 0001:00049f9c       ldexp                      000000018004af9c f   MSVCRT:MSVCR100.dll
 0001:00049fa4       __report_gsfailure         000000018004afa4 f   MSVCRT:gs_report.obj
 0001:0004a0f0       __clean_type_info_names    000000018004b0f0 f   MSVCRT:tncleanup.obj
 0001:0004a0fc       _onexit                    000000018004b0fc f   MSVCRT:atonexit.obj
 0001:0004a1ac       atexit                     000000018004b1ac f   MSVCRT:atonexit.obj
 0001:0004a1c4       _RTC_Initialize            000000018004b1c4 f   MSVCRT:_initsect_.obj
 0001:0004a1fc       _RTC_Terminate             000000018004b1fc f   MSVCRT:_initsect_.obj
 0001:0004a234       _malloc_crt                000000018004b234 f   MSVCRT:MSVCR100.dll
 0001:0004a240       _ValidateImageBase         000000018004b240 f   MSVCRT:pesect.obj
 0001:0004a270       _FindPESection             000000018004b270 f   MSVCRT:pesect.obj
 0001:0004a2c0       _IsNonwritableInCurrentImage 000000018004b2c0 f   MSVCRT:pesect.obj
 0001:0004a302       _initterm                  000000018004b302 f   MSVCRT:MSVCR100.dll
 0001:0004a308       _initterm_e                000000018004b308 f   MSVCRT:MSVCR100.dll
 0001:0004a30e       _encoded_null              000000018004b30e f   MSVCRT:MSVCR100.dll
 0001:0004a314       _amsg_exit                 000000018004b314 f   MSVCRT:MSVCR100.dll
 0001:0004a31a       __C_specific_handler       000000018004b31a f   MSVCRT:MSVCR100.dll
 0001:0004a320       __CppXcptFilter            000000018004b320 f   MSVCRT:MSVCR100.dll
 0001:0004a328       DllMain                    000000018004b328 f   MSVCRT:dllmain.obj
 0001:0004a34c       __security_init_cookie     000000018004b34c f   MSVCRT:gs_support.obj
 0001:0004a400       __crt_debugger_hook        000000018004b400 f   MSVCRT:MSVCR100.dll
 0001:0004a406       __clean_type_info_names_internal 000000018004b406 f   MSVCRT:MSVCR100.dll
 0001:0004a40c       _unlock                    000000018004b40c f   MSVCRT:MSVCR100.dll
 0001:0004a412       __dllonexit                000000018004b412 f   MSVCRT:MSVCR100.dll
 0001:0004a418       _lock                      000000018004b418 f   MSVCRT:MSVCR100.dll
 0001:0004a41e       EncodePointer              000000018004b41e f   kernel32:KERNEL32.dll
 0001:0004a424       DecodePointer              000000018004b424 f   kernel32:KERNEL32.dll
 0001:0004a42a       Sleep                      000000018004b42a f   kernel32:KERNEL32.dll
 0001:0004a430       TerminateProcess           000000018004b430 f   kernel32:KERNEL32.dll
 0001:0004a436       GetCurrentProcess          000000018004b436 f   kernel32:KERNEL32.dll
 0001:0004a43c       UnhandledExceptionFilter   000000018004b43c f   kernel32:KERNEL32.dll
 0001:0004a442       SetUnhandledExceptionFilter 000000018004b442 f   kernel32:KERNEL32.dll
 0001:0004a448       IsDebuggerPresent          000000018004b448 f   kernel32:KERNEL32.dll
 0001:0004a44e       RtlVirtualUnwind           000000018004b44e f   kernel32:KERNEL32.dll
 0001:0004a454       RtlLookupFunctionEntry     000000018004b454 f   kernel32:KERNEL32.dll
 0001:0004a45a       RtlCaptureContext          000000018004b45a f   kernel32:KERNEL32.dll
 0001:0004a460       DisableThreadLibraryCalls  000000018004b460 f   kernel32:KERNEL32.dll
 0001:0004a466       QueryPerformanceCounter    000000018004b466 f   kernel32:KERNEL32.dll
 0001:0004a46c       GetTickCount               000000018004b46c f   kernel32:KERNEL32.dll
 0001:0004a472       GetCurrentThreadId         000000018004b472 f   kernel32:KERNEL32.dll
 0001:0004a478       GetCurrentProcessId        000000018004b478 f   kernel32:KERNEL32.dll
 0001:0004a47e       GetSystemTimeAsFileTime    000000018004b47e f   kernel32:KERNEL32.dll
 0002:00000000       __imp_RtlLookupFunctionEntry 000000018004c000     kernel32:KERNEL32.dll
 0002:00000008       __imp_RtlVirtualUnwind     000000018004c008     kernel32:KERNEL32.dll
 0002:00000010       __imp_IsDebuggerPresent    000000018004c010     kernel32:KERNEL32.dll
 0002:00000018       __imp_SetUnhandledExceptionFilter 000000018004c018     kernel32:KERNEL32.dll
 0002:00000020       __imp_UnhandledExceptionFilter 000000018004c020     kernel32:KERNEL32.dll
 0002:00000028       __imp_GetCurrentProcess    000000018004c028     kernel32:KERNEL32.dll
 0002:00000030       __imp_TerminateProcess     000000018004c030     kernel32:KERNEL32.dll
 0002:00000038       __imp_Sleep                000000018004c038     kernel32:KERNEL32.dll
 0002:00000040       __imp_DecodePointer        000000018004c040     kernel32:KERNEL32.dll
 0002:00000048       __imp_EncodePointer        000000018004c048     kernel32:KERNEL32.dll
 0002:00000050       __imp_DisableThreadLibraryCalls 000000018004c050     kernel32:KERNEL32.dll
 0002:00000058       __imp_QueryPerformanceCounter 000000018004c058     kernel32:KERNEL32.dll
 0002:00000060       __imp_GetTickCount         000000018004c060     kernel32:KERNEL32.dll
 0002:00000068       __imp_GetCurrentThreadId   000000018004c068     kernel32:KERNEL32.dll
 0002:00000070       __imp_GetCurrentProcessId  000000018004c070     kernel32:KERNEL32.dll
 0002:00000078       __imp_GetSystemTimeAsFileTime 000000018004c078     kernel32:KERNEL32.dll
 0002:00000080       __imp_RtlCaptureContext    000000018004c080     kernel32:KERNEL32.dll
 0002:00000088       \177KERNEL32_NULL_THUNK_DATA 000000018004c088     kernel32:KERNEL32.dll
 0002:00000090       __imp_ldexp                000000018004c090     MSVCRT:MSVCR100.dll
 0002:00000098       __imp__onexit              000000018004c098     MSVCRT:MSVCR100.dll
 0002:000000a0       __imp__lock                000000018004c0a0     MSVCRT:MSVCR100.dll
 0002:000000a8       __imp___dllonexit          000000018004c0a8     MSVCRT:MSVCR100.dll
 0002:000000b0       __imp__unlock              000000018004c0b0     MSVCRT:MSVCR100.dll
 0002:000000b8       __imp___clean_type_info_names_internal 000000018004c0b8     MSVCRT:MSVCR100.dll
 0002:000000c0       __imp___crt_debugger_hook  000000018004c0c0     MSVCRT:MSVCR100.dll
 0002:000000c8       __imp___CppXcptFilter      000000018004c0c8     MSVCRT:MSVCR100.dll
 0002:000000d0       __imp___C_specific_handler 000000018004c0d0     MSVCRT:MSVCR100.dll
 0002:000000d8       __imp__amsg_exit           000000018004c0d8     MSVCRT:MSVCR100.dll
 0002:000000e0       __imp__encoded_null        000000018004c0e0     MSVCRT:MSVCR100.dll
 0002:000000e8       __imp__initterm_e          000000018004c0e8     MSVCRT:MSVCR100.dll
 0002:000000f0       __imp__initterm            000000018004c0f0     MSVCRT:MSVCR100.dll
 0002:000000f8       __imp__malloc_crt          000000018004c0f8     MSVCRT:MSVCR100.dll
 0002:00000100       __imp_strlen               000000018004c100     MSVCRT:MSVCR100.dll
 0002:00000108       __imp__setjmp              000000018004c108     MSVCRT:MSVCR100.dll
 0002:00000110       __imp_strrchr              000000018004c110     MSVCRT:MSVCR100.dll
 0002:00000118       __imp_ceil                 000000018004c118     MSVCRT:MSVCR100.dll
 0002:00000120       __imp_strncmp              000000018004c120     MSVCRT:MSVCR100.dll
 0002:00000128       __imp_longjmp              000000018004c128     MSVCRT:MSVCR100.dll
 0002:00000130       __imp_strncpy              000000018004c130     MSVCRT:MSVCR100.dll
 0002:00000138       __imp_memcpy               000000018004c138     MSVCRT:MSVCR100.dll
 0002:00000140       __imp_strcat               000000018004c140     MSVCRT:MSVCR100.dll
 0002:00000148       __imp_malloc               000000018004c148     MSVCRT:MSVCR100.dll
 0002:00000150       __imp_sprintf              000000018004c150     MSVCRT:MSVCR100.dll
 0002:00000158       __imp_free                 000000018004c158     MSVCRT:MSVCR100.dll
 0002:00000160       __imp_strcmp               000000018004c160     MSVCRT:MSVCR100.dll
 0002:00000168       __imp_memset               000000018004c168     MSVCRT:MSVCR100.dll
 0002:00000170       \177MSVCR100_NULL_THUNK_DATA 000000018004c170     MSVCRT:MSVCR100.dll
 0002:00000178       __imp_emlrtIsEnumR2009a    000000018004c178     libemlrt:libemlrt.dll
 0002:00000180       __imp_emlrtCreateRootTLS   000000018004c180     libemlrt:libemlrt.dll
 0002:00000188       __imp_emlrtGetEnumUnderlyingArrayR2009a 000000018004c188     libemlrt:libemlrt.dll
 0002:00000190       __imp_emlrtTranslateUTF16MessagetoLCPstring 000000018004c190     libemlrt:libemlrt.dll
 0002:00000198       __imp_emlrtForLoopVectorIsValidR2011b 000000018004c198     libemlrt:libemlrt.dll
[...]
 0001:00020120       sf_mex_check_complex       0000000180021120 f   sfc_mex:sfc_mex.obj
 0001:000201b0       sf_mex_check_sparse        00000001800211b0 f   sfc_mex:sfc_mex.obj
 0001:00020210       sf_mex_check_numerictype   0000000180021210 f   sfc_mex:sfc_mex.obj
 0001:000203a0       sf_mex_check_fimath        00000001800213a0 f   sfc_mex:sfc_mex.obj
 0001:00020f00       size_mismatch_error        0000000180021f00 f   sfc_mex:sfc_mex.obj
 0001:00021970       check_array_dimensions     0000000180022970 f   sfc_mex:sfc_mex.obj
 0001:000219e0       check_input_mxarray        00000001800229e0 f   sfc_mex:sfc_mex.obj
 0001:00022120       sf_numeric_value_to_double 0000000180023120 f   sfc_mex:sfc_mex.obj
 0001:00022170       ml_generic_out_of_bounds_check 0000000180023170 f   sfc_mex:sfc_mex.obj
 0001:00022330       ml_get_element_value_from_array 0000000180023330 f   sfc_mex:sfc_mex.obj
 0001:000226d0       _ml_generic_castability_check 00000001800236d0 f   sfc_mex:sfc_mex.obj
 0001:00022e20       ml_generic_castability_check 0000000180023e20 f   sfc_mex:sfc_mex.obj
 0001:00022ec0       ml_check_mx_array_for_single_castability 0000000180023ec0 f   sfc_mex:sfc_mex.obj
 0001:00022f60       ml_check_mx_array_for_logical_castability 0000000180023f60 f   sfc_mex:sfc_mex.obj
 0001:00023000       ml_check_mx_array_for_int8_castability 0000000180024000 f   sfc_mex:sfc_mex.obj
 0001:000230b0       ml_check_mx_array_for_uint8_castability 00000001800240b0 f   sfc_mex:sfc_mex.obj
 0001:00023110       ml_check_mx_array_for_int16_castability 0000000180024110 f   sfc_mex:sfc_mex.obj
 0001:00023170       ml_check_mx_array_for_uint16_castability 0000000180024170 f   sfc_mex:sfc_mex.obj
 0001:000231d0       ml_check_mx_array_for_int32_castability 00000001800241d0 f   sfc_mex:sfc_mex.obj
 0001:00023230       ml_check_mx_array_for_uint32_castability 0000000180024230 f   sfc_mex:sfc_mex.obj
 0001:00023290       ml_check_mx_array_for_castability 0000000180024290 f   sfc_mex:sfc_mex.obj
 0001:00023ab0       set_data_value             0000000180024ab0 f   sfc_mex:sfc_mex.obj
 0001:00023e20       get_data_value             0000000180024e20 f   sfc_mex:sfc_mex.obj
 0001:00023f30       get_next_element_address   0000000180024f30 f   sfc_mex:sfc_mex.obj
 0001:00024000       sf_normalize_index         0000000180025000 f   sfc_mex:sfc_mex.obj
 0001:000243b0       ml_array_index_bound_check 00000001800253b0 f   sfc_mex:sfc_mex.obj
 0001:00024f30       mx_value                   0000000180025f30 f   sfc_mex:sfc_mex.obj
 0001:00024f80       sf_create_numeric_array    0000000180025f80 f   sfc_mex:sfc_mex.obj
 0001:00025020       sf_mex_assign_to_mx_array  0000000180026020 f   sfc_mex:sfc_mex.obj
 0001:00025390       assign_from_mx_array       0000000180026390 f   sfc_mex:sfc_mex.obj
 0001:00025af0       sf_mex_import_v            0000000180026af0 f   sfc_mex:sfc_mex.obj
 0001:00026200       get_machine_and_chart_file_number 0000000180027200 f   sfc_mex:sfc_sf.obj
 0001:000262f0       get_sfun_block_specialization 00000001800272f0 f   sfc_mex:sfc_sf.obj
 0001:000263a0       call_sf_machine_global_method_dispatcher 00000001800273a0 f   sfc_mex:sfc_sf.obj
 0001:000265f0       mdl_zeroCrossings_processing 00000001800275f0 f   sfc_mex:sfc_sf.obj
 0001:000266d0       mdl_derivatives_processing 00000001800276d0 f   sfc_mex:sfc_sf.obj
 0001:000269b0       mdl_outputs_continuous_legacy 00000001800279b0 f   sfc_mex:sfc_sf.obj
 0001:00026a30       mdl_outputs_processing     0000000180027a30 f   sfc_mex:sfc_sf.obj
 0001:00026ca0       mdl_enable_processing      0000000180027ca0 f   sfc_mex:sfc_sf.obj
 0001:00026d80       mdl_disable_processing     0000000180027d80 f   sfc_mex:sfc_sf.obj
 0001:00027c10       sf_call_output_fcn_enable_disable 0000000180028c10 f   sfc_mex:sfc_sf.obj
 0001:00027e90       set_dwork_information_from_mx_array 0000000180028e90 f   sfc_mex:sfc_sf.obj
 0001:00028780       ptr2mxStruct               0000000180029780 f   sfc_mex:sfc_sf.obj
 0001:00028a90       SNPRINTF_WRAPPER           0000000180029a90 f   sfc_debug:sfcdebug.obj
 0001:00028ac0       sf_debug_chart_instance_initialized 0000000180029ac0 f   sfc_debug:sfcdebug.obj
 0001:00028c60       sfrtAddSize                0000000180029c60 f   sfc_debug:sfcdebug.obj
 0001:00028d20       sfrtGenSizeString          0000000180029d20 f   sfc_debug:sfcdebug.obj
 0001:00029470       fill_single_message_info   000000018002a470 f   sfc_debug:sfcdebug.obj
 0001:000296f0       sf_debug_sim_status_listener 000000018002a6f0 f   sfc_debug:sfcdebug.obj
 0001:00029c80       sf_debug_form_mask_bits    000000018002ac80 f   sfc_debug:sfcdebug.obj
 0001:00029ca0       sf_debug_form_sf_data_type_offsets 000000018002aca0 f   sfc_debug:sfcdebug.obj
 0001:00029d60       sf_debug_free_all          000000018002ad60 f   sfc_debug:sfcdebug.obj
 0001:00029ef0       sf_debug_append_debugger_context 000000018002aef0 f   sfc_debug:sfcdebug.obj
 0001:0002a260       local_strdup               000000018002b260 f   sfc_debug:sfcdebug.obj
 0001:0002b1e0       sf_debug_em_terminate      000000018002c1e0 f   sfc_debug:sfcdebug.obj
 0001:0002b220       sf_debug_push_eml_function 000000018002c220 f   sfc_debug:sfcdebug.obj
 0001:0002b2c0       sf_debug_pop_eml_function  000000018002c2c0 f   sfc_debug:sfcdebug.obj
 0001:0002bf60       sf_debug_get_machine_number_from_id_or_name 000000018002cf60 f   sfc_debug:sfcdebug.obj
 0001:0002c0b0       sf_debug_get_chart_number_from_id 000000018002d0b0 f   sfc_debug:sfcdebug.obj
 0001:0002ce90       sf_debug_transfer_control_to_debugger_GUI 000000018002de90 f   sfc_debug:sfcdebug.obj
 0001:0002de00       sf_debug_scripts_rehash    000000018002ee00 f   sfc_debug:sfcdebug.obj
 0001:0002e010       sf_debug_get_script_line_count 000000018002f010 f   sfc_debug:sfcdebug.obj
 0001:0002ea60       cv_eml_state_cvId          000000018002fa60 f   sfc_debug:sfcdebug.obj
 0001:0002ead0       cv_eml_trans_cvId          000000018002fad0 f   sfc_debug:sfcdebug.obj
 0001:0002ff50       sf_debug_data_array_bounds_error 0000000180030f50 f   sfc_debug:sfcdebug.obj
 0001:00030300       eml_debug_runtime_error_doclink 0000000180031300 f   sfc_debug:sfcdebug.obj
 0001:00030470       sf_debug_runtime_error     0000000180031470 f   sfc_debug:sfcdebug.obj
 0001:000304e0       sf_debug_matlab_error      00000001800314e0 f   sfc_debug:sfcdebug.obj
 0001:00030e50       sf_debug_data_value_error  0000000180031e50 f   sfc_debug:sfcdebug.obj
 0001:00031720       sf_debug_data_loss_error   0000000180032720 f   sfc_debug:sfcdebug.obj
 0001:00032640       call_cv_range_check        0000000180033640 f   sfc_debug:sfcdebug.obj
 0001:00032ea0       sf_debug_invoke_cycle_detection_code 0000000180033ea0 f   sfc_debug:sfcdebug.obj
 0001:00033a10       sf_reset_debug_info_struct 0000000180034a10 f   sfc_debug:sfcdebug.obj
 0001:00034200       cv_script_cvId             0000000180035200 f   sfc_debug:sfcdebug.obj
 0001:000353c0       sfc_api_chart_visible      00000001800363c0 f   sfc_debug:sfc_api.obj
 0001:00035450       sfc_api_active_instance    0000000180036450 f   sfc_debug:sfc_api.obj
 0001:000354e0       sfc_api_machine_load       00000001800364e0 f   sfc_debug:sfc_api.obj
 0001:000355d0       sfc_api_debugger_alive     00000001800365d0 f   sfc_debug:sfc_api.obj
 0001:000355e0       sfc_api_go                 00000001800365e0 f   sfc_debug:sfc_api.obj
 0001:000355f0       sfc_api_step_over          00000001800365f0 f   sfc_debug:sfc_api.obj
 0001:00035600       sfc_api_step_out           0000000180036600 f   sfc_debug:sfc_api.obj
 0001:00035610       sfc_api_resume             0000000180036610 f   sfc_debug:sfc_api.obj
 0001:00035620       sfc_api_break              0000000180036620 f   sfc_debug:sfc_api.obj
 0001:00035630       sfc_api_stop_debugging     0000000180036630 f   sfc_debug:sfc_api.obj
 0001:00035690       sfc_api_is_cycle_detected  0000000180036690 f   sfc_debug:sfc_api.obj
 0001:000356f0       sfc_api_is_array_bounds_detected 00000001800366f0 f   sfc_debug:sfc_api.obj
 0001:00035750       sfc_api_set_disable_all_breakpoints 0000000180036750 f   sfc_debug:sfc_api.obj
 0001:000357d0       sfc_api_disable_all_breakpoints_and_go 00000001800367d0 f   sfc_debug:sfc_api.obj
 0001:000357e0       sfc_api_close              00000001800367e0 f   sfc_debug:sfc_api.obj
 0001:000357f0       sfc_api_browse_data        00000001800367f0 f   sfc_debug:sfc_api.obj
 0001:00035870       sfc_api_watch_data         0000000180036870 f   sfc_debug:sfc_api.obj
 0001:00035980       sfc_api_extract_message_post_receive_info 0000000180036980 f   sfc_debug:sfc_api.obj
 0001:000359a0       sfc_api_assign_data        00000001800369a0 f   sfc_debug:sfc_api.obj
 0001:00035a50       sfc_api_whos               0000000180036a50 f   sfc_debug:sfc_api.obj
 0001:00035ae0       sfc_api_get_consistency_info 0000000180036ae0 f   sfc_debug:sfc_api.obj
 0001:00035af0       sfc_api_browse_trace       0000000180036af0 f   sfc_debug:sfc_api.obj
 0001:00035b00       sfc_api_break_on_chart_entry 0000000180036b00 f   sfc_debug:sfc_api.obj
 0001:00035b30       sfc_api_break_on_event_broadcast 0000000180036b30 f   sfc_debug:sfc_api.obj
 0001:00035b60       sfc_api_break_on_state_entry 0000000180036b60 f   sfc_debug:sfc_api.obj
 0001:00035b90       sfc_api_set_watch          0000000180036b90 f   sfc_debug:sfc_api.obj
 0001:00035c40       sfc_api_set_breakpoints    0000000180036c40 f   sfc_debug:sfc_api.obj
 0001:00035d00       sfc_api_set_eml_breakpoints 0000000180036d00 f   sfc_debug:sfc_api.obj
 0001:00035da0       sfc_api_set_script_breakpoints 0000000180036da0 f   sfc_debug:sfc_api.obj
 0001:00035e00       sfc_api_add_script_breakpoints 0000000180036e00 f   sfc_debug:sfc_api.obj
 0001:00035e60       sfc_api_clear_script_breakpoints 0000000180036e60 f   sfc_debug:sfc_api.obj
 0001:00035ec0       sfc_api_query_script_breakpoints 0000000180036ec0 f   sfc_debug:sfc_api.obj
 0001:00035f30       sfc_api_get_script_id      0000000180036f30 f   sfc_debug:sfc_api.obj
 0001:00035ff0       sfc_api_get_active_states  0000000180036ff0 f   sfc_debug:sfc_api.obj
 0001:00036080       sfc_api_break_between_times 0000000180037080 f   sfc_debug:sfc_api.obj
 0001:000360f0       sfc_api_get_instance_handle 00000001800370f0 f   sfc_debug:sfc_api.obj
 0001:000361c0       sfc_api_set_animation      00000001800371c0 f   sfc_debug:sfc_api.obj
 0001:00036210       sfc_api_select_chart       0000000180037210 f   sfc_debug:sfc_api.obj
 0001:00036280       sfc_api_select_charts      0000000180037280 f   sfc_debug:sfc_api.obj
 0001:000362b0       sfc_api_cycle_detection_check 00000001800372b0 f   sfc_debug:sfc_api.obj
 0001:00036300       sfc_api_data_range_check   0000000180037300 f   sfc_debug:sfc_api.obj
 0001:00036350       sfc_api_transition_conflict_check 0000000180037350 f   sfc_debug:sfc_api.obj
 0001:000363a0       sfc_api_state_consistency_check 00000001800373a0 f   sfc_debug:sfc_api.obj
 0001:000363f0       sfc_api_set_instance_cv_ids 00000001800373f0 f   sfc_debug:sfc_api.obj
 0001:00036520       sfc_api_set_script_cv_ids  0000000180037520 f   sfc_debug:sfc_api.obj
 0001:000365f0       sfc_api_get_current_machine_id 00000001800375f0 f   sfc_debug:sfc_api.obj
 0001:00036620       sfc_api_get_current_machine_number 0000000180037620 f   sfc_debug:sfc_api.obj
 0001:00036650       sfc_api_get_current_chart_number 0000000180037650 f   sfc_debug:sfc_api.obj
 0001:00036680       sfc_api_get_current_instance_number 0000000180037680 f   sfc_debug:sfc_api.obj
 0001:000366b0       sfc_api_get_current_instance_handle 00000001800376b0 f   sfc_debug:sfc_api.obj
 0001:000366d0       sfc_api_get_current_is_minor_time_step 00000001800376d0 f   sfc_debug:sfc_api.obj
 0001:00036700       sfc_api_get_current_machine_name 0000000180037700 f   sfc_debug:sfc_api.obj
 0001:00036720       sfc_api_get_current_chart_id 0000000180037720 f   sfc_debug:sfc_api.obj
 0001:00036750       sfc_api_get_current_object_type 0000000180037750 f   sfc_debug:sfc_api.obj
 0001:00036780       sfc_api_get_current_event_type 0000000180037780 f   sfc_debug:sfc_api.obj
 0001:000367b0       sfc_api_get_current_object_id 00000001800377b0 f   sfc_debug:sfc_api.obj
 0001:000367e0       sfc_get_current_active_event_type 00000001800377e0 f   sfc_debug:sfc_api.obj
 0001:00036810       sfc_api_get_current_active_event_id 0000000180037810 f   sfc_debug:sfc_api.obj
 0001:00036840       sfc_api_get_current_simulation_time 0000000180037840 f   sfc_debug:sfc_api.obj
 0001:00036860       sfc_get_current_tag_type   0000000180037860 f   sfc_debug:sfc_api.obj
 0001:00036890       sfc_get_current_coverage_percentage 0000000180037890 f   sfc_debug:sfc_api.obj
 0001:000368b0       sfc_get_current_statement_context 00000001800378b0 f   sfc_debug:sfc_api.obj
 0001:000368d0       sfc_get_current_optional_integer 00000001800378d0 f   sfc_debug:sfc_api.obj
 0001:00036900       sfc_get_current_statement_info 0000000180037900 f   sfc_debug:sfc_api.obj
 0001:000369a0       sfc_api_get                00000001800379a0 f   sfc_debug:sfc_api.obj
 0001:00037600       sf_debug_sm_fill_state_activity_data 0000000180038600 f   sfc_debug:sfdb_animation.obj
 0001:00039e40       void_ptr_stack_vector_free_total 000000018003ae40 f   sfc_debug:sfdb_data_browse.obj
 0001:00039ec0       sf_debug_st_terminate_machine 000000018003aec0 f   sfc_debug:sfdb_data_browse.obj
 0001:00039f00       sf_debug_st_terminate_instance 000000018003af00 f   sfc_debug:sfdb_data_browse.obj
 0001:0003a2b0       push_on_to_void_ptr_stack  000000018003b2b0 f   sfc_debug:sfdb_data_browse.obj
 0001:0003a440       pop_from_void_ptr_stack    000000018003b440 f   sfc_debug:sfdb_data_browse.obj
 0001:0003a570       sf_debug_st_get_data_value 000000018003b570 f   sfc_debug:sfdb_data_browse.obj
 0001:0003aaa0       mx_value                   000000018003baa0 f   sfc_debug:sfdb_data_browse.obj
 0001:0003aae0       sf_debug_st_fill_data_struct 000000018003bae0 f   sfc_debug:sfdb_data_browse.obj
 0001:0003ae20       data_type_format_strings   000000018003be20 f   sfc_debug:sfdb_data_browse.obj
 0001:0003aed0       sf_debug_st_fill_data      000000018003bed0 f   sfc_debug:sfdb_data_browse.obj
 0001:0003bbc0       sf_debug_hm_get_simulink_handle 000000018003cbc0 f   sfc_debug:sfdb_handle_management.obj
 0001:0003c670       sf_debug_hm_initialize_globals 000000018003d670 f   sfc_debug:sfdb_handle_management.obj
 0001:0003c770       sf_debug_hm_get_machine_debug_flag 000000018003d770 f   sfc_debug:sfdb_handle_management.obj
 0001:0003c8e0       sf_debug_hm_get_machine_id 000000018003d8e0 f   sfc_debug:sfdb_handle_management.obj
 0001:0003ca00       sf_debug_hm_get_chart_id   000000018003da00 f   sfc_debug:sfdb_handle_management.obj
 0001:0003cba0       sf_debug_hm_register_executing_SFunction 000000018003dba0 f   sfc_debug:sfdb_handle_management.obj
 0001:0003cf30       sf_debug_hm_form_object_boolean_properties 000000018003df30 f   sfc_debug:sfdb_handle_management.obj
 0001:0003d200       sf_debug_hm_form_object_properties 000000018003e200 f   sfc_debug:sfdb_handle_management.obj
 0001:0003d440       sf_debug_hm_terminate_charts 000000018003e440 f   sfc_debug:sfdb_handle_management.obj
 0001:0003db20       sf_debug_hm_terminate_machines 000000018003eb20 f   sfc_debug:sfdb_handle_management.obj
 0001:0003f590       sf_debug_ss_copy_dimension 0000000180040590 f   sfc_debug:sfdb_symbol_scope.obj
 0001:0003f650       sf_debug_ss_get_number_elements 0000000180040650 f   sfc_debug:sfdb_symbol_scope.obj
 0001:0003f670       sf_debug_ss_fill_data_struct 0000000180040670 f   sfc_debug:sfdb_symbol_scope.obj
 0001:0003f9c0       sf_debug_ss_reset_data_info 00000001800409c0 f   sfc_debug:sfdb_symbol_scope.obj
 0001:0003fa20       sf_debug_fill_data_info_by_symbol_scope_entry 0000000180040a20 f   sfc_debug:sfdb_symbol_scope.obj
 0001:0003fae0       sf_debug_fill_data_info_by_data_vector 0000000180040ae0 f   sfc_debug:sfdb_symbol_scope.obj
 0001:0003fd30       get_data_info_helper       0000000180040d30 f   sfc_debug:sfdb_symbol_scope.obj
 0001:00040020       sf_debug_ss_get_data_info  0000000180041020 f   sfc_debug:sfdb_symbol_scope.obj
 0001:00040240       sf_debug_select_mex_function 0000000180041240 f   sfc_debug:sfdb_symbol_scope.obj
 0001:00040270       sf_debug_is_dyn_matrix_initialized 0000000180041270 f   sfc_debug:sfdb_symbol_scope.obj
 0001:00040290       sf_debug_ss_set_data_value_try 0000000180041290 f   sfc_debug:sfdb_symbol_scope.obj
 0001:00040480       sf_debug_ss_get_data_value 0000000180041480 f   sfc_debug:sfdb_symbol_scope.obj
 0001:00040be0       sf_debug_ss_data_bytes_string 0000000180041be0 f   sfc_debug:sfdb_symbol_scope.obj
 0001:00040c70       sf_debug_ss_data_class_string 0000000180041c70 f   sfc_debug:sfdb_symbol_scope.obj
 0001:00040ff0       sf_debug_ss_data_size_string 0000000180041ff0 f   sfc_debug:sfdb_symbol_scope.obj
 0001:000410d0       sf_debug_ss_data_create_data_info_struct 00000001800420d0 f   sfc_debug:sfdb_symbol_scope.obj
 0001:00041380       sf_debug_ss_data_create_name_value_pair 0000000180042380 f   sfc_debug:sfdb_symbol_scope.obj
 0001:00041420       sf_debug_ss_data_get_whos_info 0000000180042420 f   sfc_debug:sfdb_symbol_scope.obj
 0001:00041430       same_named_data_in_data_array 0000000180042430 f   sfc_debug:sfdb_symbol_scope.obj
 0001:00042bc0       sf_debug_cc_terminate_chart 0000000180043bc0 f   sfc_debug:sfdb_coverage.obj
 0001:00042ed0       sf_debug_cc_terminate_instance 0000000180043ed0 f   sfc_debug:sfdb_coverage.obj
 0001:00043aa0       sf_debug_cc_mark_object_if_needed 0000000180044aa0 f   sfc_debug:sfdb_coverage.obj
 0001:00044320       sf_debug_bm_initialize_eml 0000000180045320 f   sfc_debug:sfdb_breakpoints.obj
 0001:000453e0       sf_debug_bm_map_debug_tag_to_breakpoint_tag 00000001800463e0 f   sfc_debug:sfdb_breakpoints.obj
 0001:000454c0       sf_debug_bm_is_a_eml_breakpoint_impl 00000001800464c0 f   sfc_debug:sfdb_breakpoints.obj
 0001:00046df0       sf_debug_sc_push_on_error_stack 0000000180047df0 f   sfc_debug:sfdb_state_consistency.obj
 0001:00046f10       sf_debug_sc_reset_error_stack 0000000180047f10 f   sfc_debug:sfdb_state_consistency.obj
 0001:000470a0       sf_debug_sc_is_state_inconsistent 00000001800480a0 f   sfc_debug:sfdb_state_consistency.obj
 0001:00047390       sf_debug_sc_fill_consistency_info 0000000180048390 f   sfc_debug:sfdb_state_consistency.obj
 0001:00047930       void_assertion_fcn         0000000180048930 f   sfc_debug:sfdb_call_stack.obj
 0001:00047e80       sf_debug_tm_fill_local_trace 0000000180048e80 f   sfc_debug:sfdb_call_stack.obj
 0001:00048420       sf_debug_cd_terminate_instance 0000000180049420 f   sfc_debug:sfdb_cycle_detection.obj
 0001:00048480       sf_debug_cd_free_checksum_stack 0000000180049480 f   sfc_debug:sfdb_cycle_detection.obj
 0001:000484d0       sf_debug_cd_reset_pack_strings 00000001800494d0 f   sfc_debug:sfdb_cycle_detection.obj
 0001:00048b70       md5file_clear              0000000180049b70 f   sfc_debug:ckmd5.obj
 0001:00048ba0       Encode                     0000000180049ba0 f   sfc_debug:ckmd5.obj
 0001:00048bf0       Decode                     0000000180049bf0 f   sfc_debug:ckmd5.obj
 0001:00048c90       MD5Transform               0000000180049c90 f   sfc_debug:ckmd5.obj
 0001:000494f0       md5file_addn               000000018004a4f0 f   sfc_debug:ckmd5.obj
 0001:000495c0       md5file_hash               000000018004a5c0 f   sfc_debug:ckmd5.obj
 0001:00049ad8       pre_c_init                 000000018004aad8 f   MSVCRT:crtdll.obj
 0001:00049d94       __DllMainCRTStartup        000000018004ad94 f   MSVCRT:crtdll.obj
 0001:0004a490       __DllMainCRTStartup$filt$0 000000018004b490 f   MSVCRT:crtdll.obj
 0001:0004a4c0       __DllMainCRTStartup$fin$1  000000018004b4c0 f   MSVCRT:crtdll.obj
 0001:0004a4da       _onexit$fin$0              000000018004b4da f   MSVCRT:atonexit.obj
 0001:0004a500       _IsNonwritableInCurrentImage$filt$0 000000018004b500 f   MSVCRT:pesect.obj
