 compassGaitSim_sfun

 Timestamp is 5405afd9 (Tue Sep 02 21:54:01 2014)

 Preferred load address is 0000000180000000

 Start         Length     Name                   Class
 0001:00000000 0004e244H .text                   CODE
 0001:0004e250 00000092H .text$x                 CODE
 0002:00000000 000004c0H .idata$5                DATA
 0002:000004c0 00000008H .CRT$XCA                DATA
 0002:000004c8 00000008H .CRT$XCZ                DATA
 0002:000004d0 00000008H .CRT$XIA                DATA
 0002:000004d8 00000008H .CRT$XIAA               DATA
 0002:000004e0 00000008H .CRT$XIZ                DATA
 0002:000004f0 00004bccH .rdata                  DATA
 0002:000050c0 00000008H .rtc$IAA                DATA
 0002:000050c8 00000008H .rtc$IZZ                DATA
 0002:000050d0 00000008H .rtc$TAA                DATA
 0002:000050d8 00000008H .rtc$TZZ                DATA
 0002:000050e0 00004434H .xdata                  DATA
 0002:00009514 000000a0H .idata$2                DATA
 0002:000095b4 00000014H .idata$3                DATA
 0002:000095c8 000004c0H .idata$4                DATA
 0002:00009a88 00000b2eH .idata$6                DATA
 0002:0000a5c0 00000059H .edata                  DATA
 0003:00000000 00006308H .data                   DATA
 0003:00006320 00002438H .bss                    DATA
 0004:00000000 000034e0H .pdata                  DATA

  Address         Publics by Value              Rva+Base               Lib:Object

 0000:00000000       ___safe_se_handler_count   0000000000000000     <absolute>
 0000:00000000       ___safe_se_handler_table   0000000000000000     <absolute>
 0000:00000000       __ImageBase                0000000180000000     <linker-defined>
 0001:00000000       sf_c1_compassGaitSim_get_eml_resolved_functions_info 0000000180001000 f   c1_compassGaitSim.obj
 0001:00002040       sf_c1_compassGaitSim_get_check_sum 0000000180003040 f   c1_compassGaitSim.obj
 0001:000020c0       sf_c1_compassGaitSim_get_autoinheritance_info 00000001800030c0 f   c1_compassGaitSim.obj
 0001:000032e0       sf_c1_compassGaitSim_third_party_uses_info 00000001800042e0 f   c1_compassGaitSim.obj
 0001:00003310       sf_internal_get_sim_state_c1_compassGaitSim 0000000180004310 f   c1_compassGaitSim.obj
 0001:00003730       sf_internal_set_sim_state_c1_compassGaitSim 0000000180004730 f   c1_compassGaitSim.obj
 0001:00003b70       c1_compassGaitSim_method_dispatcher 0000000180004b70 f   c1_compassGaitSim.obj
 0001:0000a820       sf_c2_compassGaitSim_get_eml_resolved_functions_info 000000018000b820 f   c2_compassGaitSim.obj
 0001:0000b5b0       sf_c2_compassGaitSim_get_check_sum 000000018000c5b0 f   c2_compassGaitSim.obj
 0001:0000b630       sf_c2_compassGaitSim_get_autoinheritance_info 000000018000c630 f   c2_compassGaitSim.obj
 0001:0000cad0       sf_c2_compassGaitSim_third_party_uses_info 000000018000dad0 f   c2_compassGaitSim.obj
 0001:0000cb00       sf_internal_get_sim_state_c2_compassGaitSim 000000018000db00 f   c2_compassGaitSim.obj
 0001:0000cf20       sf_internal_set_sim_state_c2_compassGaitSim 000000018000df20 f   c2_compassGaitSim.obj
 0001:0000d360       c2_compassGaitSim_method_dispatcher 000000018000e360 f   c2_compassGaitSim.obj
 0001:00015000       sf_c4_compassGaitSim_get_eml_resolved_functions_info 0000000180016000 f   c4_compassGaitSim.obj
 0001:00015ed0       sf_c4_compassGaitSim_get_check_sum 0000000180016ed0 f   c4_compassGaitSim.obj
 0001:00015f50       sf_c4_compassGaitSim_get_autoinheritance_info 0000000180016f50 f   c4_compassGaitSim.obj
 0001:00016da0       sf_c4_compassGaitSim_third_party_uses_info 0000000180017da0 f   c4_compassGaitSim.obj
 0001:00016dd0       sf_internal_get_sim_state_c4_compassGaitSim 0000000180017dd0 f   c4_compassGaitSim.obj
 0001:000171e0       sf_internal_set_sim_state_c4_compassGaitSim 00000001800181e0 f   c4_compassGaitSim.obj
 0001:00017710       c4_compassGaitSim_method_dispatcher 0000000180018710 f   c4_compassGaitSim.obj
 0001:0001bec0       sf_process_check_sum_call  000000018001cec0 f   compassGaitSim_sfun_registry.obj
 0001:0001bf10       sf_process_autoinheritance_call 000000018001cf10 f   compassGaitSim_sfun_registry.obj
 0001:0001c0b0       sf_process_get_third_party_uses_info_call 000000018001d0b0 f   compassGaitSim_sfun_registry.obj
 0001:0001c250       sf_process_get_eml_resolved_functions_info_call 000000018001d250 f   compassGaitSim_sfun_registry.obj
 0001:0001c3d0       sf_mex_unlock_call         000000018001d3d0 f   compassGaitSim_sfun_registry.obj
 0001:0001c480       sf_machine_global_initializer_called 000000018001d480 f   compassGaitSim_sfun_registry.obj
 0001:0001c4b0       sf_machine_global_method_dispatcher 000000018001d4b0 f   compassGaitSim_sfun_registry.obj
 0001:0001c510       sf_machine_global_terminator 000000018001d510 f   compassGaitSim_sfun_registry.obj
 0001:0001c560       sf_register_machine_exported_symbols 000000018001d560 f   compassGaitSim_sfun_registry.obj
 0001:0001c580       callCustomFcn              000000018001d580 f   compassGaitSim_sfun_registry.obj
 0001:0001c590       sf_machine_global_initializer 000000018001d590 f   compassGaitSim_sfun_registry.obj
 0001:0001c610       _ssSetStateAbsTol          000000018001d610 f   compassGaitSim_sfun_registry.obj
 0001:0001c6f0       _ssGetAbsTol               000000018001d6f0 f   compassGaitSim_sfun_registry.obj
 0001:0001c760       _ssSetInputPortMatrixDimensions 000000018001d760 f   compassGaitSim_sfun_registry.obj
 0001:0001c870       _ssSetOutputPortMatrixDimensions 000000018001d870 f   compassGaitSim_sfun_registry.obj
 0001:0001c980       _ssSetInputPortVectorDimension 000000018001d980 f   compassGaitSim_sfun_registry.obj
 0001:0001ca50       _ssSetOutputPortVectorDimension 000000018001da50 f   compassGaitSim_sfun_registry.obj
 0001:0001cb20       ssIsRunTimeParamTunable    000000018001db20 f   compassGaitSim_sfun_registry.obj
 0001:0001cb90       ssGetSFuncBlockHandle      000000018001db90 f   compassGaitSim_sfun_registry.obj
 0001:0001cc00       _ssGetCurrentInputPortWidth 000000018001dc00 f   compassGaitSim_sfun_registry.obj
 0001:0001cd20       _ssGetCurrentOutputPortWidth 000000018001dd20 f   compassGaitSim_sfun_registry.obj
 0001:0001ce40       _ssGetCallSystemNumFcnCallDestinations 000000018001de40 f   compassGaitSim_sfun_registry.obj
 0001:0001ceb0       ssWarning                  000000018001deb0 f   compassGaitSim_sfun_registry.obj
 0001:0001cfc0       ssGetIsZeroCrossControlDisabled 000000018001dfc0 f   compassGaitSim_sfun_registry.obj
 0001:0001d030       ssSetIsInputPortUsedForContZcSignal 000000018001e030 f   compassGaitSim_sfun_registry.obj
 0001:0001d0a0       ssSetZcSignalIsZcElementDisc 000000018001e0a0 f   compassGaitSim_sfun_registry.obj
 0001:0001d150       ssSetZcSignalName          000000018001e150 f   compassGaitSim_sfun_registry.obj
 0001:0001d1c0       ssSetZcSignalWidth         000000018001e1c0 f   compassGaitSim_sfun_registry.obj
 0001:0001d230       ssSetZcSignalZcEventType   000000018001e230 f   compassGaitSim_sfun_registry.obj
 0001:0001d2a0       ssSetZcSignalType          000000018001e2a0 f   compassGaitSim_sfun_registry.obj
 0001:0001d310       ssSetZcSignalZcTol         000000018001e310 f   compassGaitSim_sfun_registry.obj
 0001:0001d380       ssSetZcSignalNeedsEventNotification 000000018001e380 f   compassGaitSim_sfun_registry.obj
 0001:0001d3f0       ssCreateAndAddZcSignalInfo 000000018001e3f0 f   compassGaitSim_sfun_registry.obj
 0001:0001d460       ssCloneAndAddZcSignalInfo  000000018001e460 f   compassGaitSim_sfun_registry.obj
 0001:0001d4d0       ssGetNumZcSignals          000000018001e4d0 f   compassGaitSim_sfun_registry.obj
 0001:0001d540       ssGetZcSignalVector        000000018001e540 f   compassGaitSim_sfun_registry.obj
 0001:0001d5b0       ssGetZcSignalZcEvents      000000018001e5b0 f   compassGaitSim_sfun_registry.obj
 0001:0001d620       ssGetZcSignalName          000000018001e620 f   compassGaitSim_sfun_registry.obj
 0001:0001d690       ssGetZcSignalWidth         000000018001e690 f   compassGaitSim_sfun_registry.obj
 0001:0001d700       ssGetZcSignalZcEventType   000000018001e700 f   compassGaitSim_sfun_registry.obj
 0001:0001d770       ssGetZcSignalType          000000018001e770 f   compassGaitSim_sfun_registry.obj
 0001:0001d7e0       ssGetZcSignalZcTol         000000018001e7e0 f   compassGaitSim_sfun_registry.obj
 0001:0001d860       ssGetZcSignalNeedsEventNotification 000000018001e860 f   compassGaitSim_sfun_registry.obj
 0001:0001d8d0       ssGetZcSignalIsZcElementDisc 000000018001e8d0 f   compassGaitSim_sfun_registry.obj
 0001:0001d970       ssGetIsInputPortElementContinuous 000000018001e970 f   compassGaitSim_sfun_registry.obj
 0001:0001da10       _ssGetInputPortSignalPtrsFcn 000000018001ea10 f   compassGaitSim_sfun_registry.obj
 0001:0001dcd0       _ssGetInputPortSignalFcn   000000018001ecd0 f   compassGaitSim_sfun_registry.obj
 0001:0001def0       _ssSetInputPortDirectFeedThroughFcn 000000018001eef0 f   compassGaitSim_sfun_registry.obj
 0001:0001e050       _ssSetInputPortReusableFcn 000000018001f050 f   compassGaitSim_sfun_registry.obj
 0001:0001e140       _ssSetOutputPortReusableFcn 000000018001f140 f   compassGaitSim_sfun_registry.obj
 0001:0001e220       ssGetDTypeIdFromMxArray    000000018001f220 f   compassGaitSim_sfun_registry.obj
 0001:0001e340       ssWriteRTWStr              000000018001f340 f   compassGaitSim_sfun_registry.obj
 0001:0001e3a0       ssWriteRTWMxVectParam      000000018001f3a0 f   compassGaitSim_sfun_registry.obj
 0001:0001e400       ssWriteRTWMx2dMatParam     000000018001f400 f   compassGaitSim_sfun_registry.obj
 0001:0001e480       ssWriteRTWNameValuePair    000000018001f480 f   compassGaitSim_sfun_registry.obj
 0001:0001e970       ssWriteRTWParameters       000000018001f970 f   compassGaitSim_sfun_registry.obj
 0001:0001ef70       ssWriteRTWParamSettings    000000018001ff70 f   compassGaitSim_sfun_registry.obj
 0001:0001f640       ssWriteRTWWorkVect         0000000180020640 f   compassGaitSim_sfun_registry.obj
 0001:0001fb40       mexFunction                0000000180020b40 f   compassGaitSim_sfun_registry.obj
 0001:00021870       ProcessMexSfunctionEveryCall 0000000180022870 f   compassGaitSim_sfun_registry.obj
 0001:000219e0       compassGaitSim_initializer 00000001800229e0 f   compassGaitSim_sfun.obj
 0001:000219f0       compassGaitSim_terminator  00000001800229f0 f   compassGaitSim_sfun.obj
 0001:00021a00       sf_compassGaitSim_method_dispatcher 0000000180022a00 f   compassGaitSim_sfun.obj
 0001:00021a90       sf_compassGaitSim_process_check_sum_call 0000000180022a90 f   compassGaitSim_sfun.obj
 0001:00021ed0       sf_compassGaitSim_autoinheritance_info 0000000180022ed0 f   compassGaitSim_sfun.obj
 0001:000220e0       sf_compassGaitSim_get_eml_resolved_functions_info 00000001800230e0 f   compassGaitSim_sfun.obj
 0001:00022290       sf_compassGaitSim_third_party_uses_info 0000000180023290 f   compassGaitSim_sfun.obj
 0001:00022440       compassGaitSim_debug_initialize 0000000180023440 f   compassGaitSim_sfun.obj
 0001:000224c0       compassGaitSim_register_exported_symbols 00000001800234c0 f   compassGaitSim_sfun.obj
 0001:000224d0       load_compassGaitSim_optimization_info 00000001800234d0 f   compassGaitSim_sfun.obj
 0001:00022520       unload_compassGaitSim_optimization_info 0000000180023520 f   compassGaitSim_sfun.obj
 0001:00022640       sf_mex_mx_is_numeric       0000000180023640 f   sfc_mex:sfc_mex.obj
 0001:00022680       strcmp_ignore_ws           0000000180023680 f   sfc_mex:sfc_mex.obj
 0001:000227c0       sf_mex_duplicatearraysafe  00000001800237c0 f   sfc_mex:sfc_mex.obj
 0001:00022920       sf_set_error_debugger_context_message_fcn 0000000180023920 f   sfc_mex:sfc_mex.obj
 0001:00022930       sf_set_debugger_matlab_error_fcn 0000000180023930 f   sfc_mex:sfc_mex.obj
 0001:00022970       sf_set_error_prefix_string 0000000180023970 f   sfc_mex:sfc_mex.obj
 0001:000229a0       sf_get_error_prefix_string 00000001800239a0 f   sfc_mex:sfc_mex.obj
 0001:000229b0       sf_mex_enter_parallel_region 00000001800239b0 f   sfc_mex:sfc_mex.obj
 0001:000229c0       sf_mex_exit_parallel_region 00000001800239c0 f   sfc_mex:sfc_mex.obj
 0001:000229d0       sf_get_current_jmp_buf_ptr 00000001800239d0 f   sfc_mex:sfc_mex.obj
 0001:000229e0       sf_set_current_jmp_buf_ptr 00000001800239e0 f   sfc_mex:sfc_mex.obj
 0001:000229f0       sf_mex_set_halt_simulation 00000001800239f0 f   sfc_mex:sfc_mex.obj
 0001:00022a00       sf_mex_get_halt_simulation 0000000180023a00 f   sfc_mex:sfc_mex.obj
 0001:00022a10       sf_mex_clear_error_message 0000000180023a10 f   sfc_mex:sfc_mex.obj
 0001:00022a30       sf_mex_get_error_message_for_read 0000000180023a30 f   sfc_mex:sfc_mex.obj
 0001:00022a40       sf_mex_get_error_message_buffer_length 0000000180023a40 f   sfc_mex:sfc_mex.obj
 0001:00022b20       sf_mex_warning_message     0000000180023b20 f   sfc_mex:sfc_mex.obj
 0001:00022b90       sf_mex_v_errbuf_createf    0000000180023b90 f   sfc_mex:sfc_mex.obj
 0001:00022ba0       sf_mex_errbuf_createf      0000000180023ba0 f   sfc_mex:sfc_mex.obj
 0001:00022bd0       sf_mex_v_errbuf_catf       0000000180023bd0 f   sfc_mex:sfc_mex.obj
 0001:00022c10       sf_mex_errbuf_catf         0000000180023c10 f   sfc_mex:sfc_mex.obj
 0001:00022c60       sf_mex_errbuf_copy         0000000180023c60 f   sfc_mex:sfc_mex.obj
 0001:00022c70       sf_mex_errbuf_clear        0000000180023c70 f   sfc_mex:sfc_mex.obj
 0001:00022c80       sf_mex_errbuf_isempty      0000000180023c80 f   sfc_mex:sfc_mex.obj
 0001:00022d80       sf_mex_set_error_status    0000000180023d80 f   sfc_mex:sfc_mex.obj
 0001:00022dd0       sf_mex_error_direct_call   0000000180023dd0 f   sfc_mex:sfc_mex.obj
 0001:00022df0       sf_mex_error_message_no_long_jump 0000000180023df0 f   sfc_mex:sfc_mex.obj
 0001:00022e10       sf_mex_long_jump_on_error  0000000180023e10 f   sfc_mex:sfc_mex.obj
 0001:00022e40       sf_mex_call_matlab         0000000180023e40 f   sfc_mex:sfc_mex.obj
 0001:00022f60       sf_mex_check_builtin       0000000180023f60 f   sfc_mex:sfc_mex.obj
 0001:00023000       sf_mex_check_builtin_vs    0000000180024000 f   sfc_mex:sfc_mex.obj
 0001:000230c0       sf_mex_check_enum          00000001800240c0 f   sfc_mex:sfc_mex.obj
 0001:00023140       sf_mex_create_enum         0000000180024140 f   sfc_mex:sfc_mex.obj
 0001:000231b0       sf_mex_get_enum_element    00000001800241b0 f   sfc_mex:sfc_mex.obj
 0001:000231c0       sf_mex_createcellarray     00000001800241c0 f   sfc_mex:sfc_mex.obj
 0001:000231d0       sf_mex_setcell             00000001800241d0 f   sfc_mex:sfc_mex.obj
 0001:000231e0       sf_mex_getcell             00000001800241e0 f   sfc_mex:sfc_mex.obj
 0001:000231f0       sf_mex_dup                 00000001800241f0 f   sfc_mex:sfc_mex.obj
 0001:00023210       sf_mex_assign              0000000180024210 f   sfc_mex:sfc_mex.obj
 0001:00023290       sf_mex_destroy             0000000180024290 f   sfc_mex:sfc_mex.obj
 0001:000232c0       mx_array_has_fi_type       00000001800242c0 f   sfc_mex:sfc_mex.obj
 0001:000232f0       sf_mex_convert_from_fi     00000001800242f0 f   sfc_mex:sfc_mex.obj
 0001:00023420       sf_mex_convert_to_double   0000000180024420 f   sfc_mex:sfc_mex.obj
 0001:00023540       sf_mex_import_fi_vs        0000000180024540 f   sfc_mex:sfc_mex.obj
 0001:00023770       sf_matrix_matrix_index_ok  0000000180024770 f   sfc_mex:sfc_mex.obj
 0001:00023800       sf_vector_vector_index_ok  0000000180024800 f   sfc_mex:sfc_mex.obj
 0001:00023830       ssGetCurrentInputPortDimensions_wrapper 0000000180024830 f   sfc_mex:sfc_mex.obj
 0001:00023850       ssGetCurrentOutputPortDimensions_wrapper 0000000180024850 f   sfc_mex:sfc_mex.obj
 0001:00023870       sf_mex_emlrt_context_is_debug_mode 0000000180024870 f   sfc_mex:sfc_mex.obj
 0001:00023880       sf_mex_emlrt_context_set_debug_mode 0000000180024880 f   sfc_mex:sfc_mex.obj
 0001:00023890       sf_mex_emlrtNameCapturePostProcessR2012a 0000000180024890 f   sfc_mex:sfc_mex.obj
 0001:00023900       sf_clear_error_manager_info 0000000180024900 f   sfc_mex:sfc_mex.obj
 0001:00023960       sf_mex_stop_simulation_abruptly_wo_error 0000000180024960 f   sfc_mex:sfc_mex.obj
 0001:000239a0       sf_mex_error_message       00000001800249a0 f   sfc_mex:sfc_mex.obj
 0001:00023a10       sf_react_to_error_in_matlab_call 0000000180024a10 f   sfc_mex:sfc_mex.obj
 0001:00023a40       sf_mex_addfield            0000000180024a40 f   sfc_mex:sfc_mex.obj
 0001:00023ae0       sf_mex_getfield            0000000180024ae0 f   sfc_mex:sfc_mex.obj
 0001:00023de0       sf_mex_check_class         0000000180024de0 f   sfc_mex:sfc_mex.obj
 0001:00023e80       sf_mex_is_real             0000000180024e80 f   sfc_mex:sfc_mex.obj
 0001:000242f0       sf_mex_decode_encoded_mx_struct_array 00000001800252f0 f   sfc_mex:sfc_mex.obj
 0001:000245e0       sf_mex_lw_bounds_check     00000001800255e0 f   sfc_mex:sfc_mex.obj
 0001:00024610       sf_mex_lw_size_eq_check_1d 0000000180025610 f   sfc_mex:sfc_mex.obj
 0001:00024630       sf_mex_lw_size_eq_check_nd 0000000180025630 f   sfc_mex:sfc_mex.obj
 0001:00024810       sf_mex_lw_dim_size_eq_check 0000000180025810 f   sfc_mex:sfc_mex.obj
 0001:00024840       sf_mex_lw_dim_size_geq_check 0000000180025840 f   sfc_mex:sfc_mex.obj
 0001:00024870       sf_mex_lw_sub_assign_size_check_nd 0000000180025870 f   sfc_mex:sfc_mex.obj
 0001:00024a40       sf_mex_lw_runtime_error_msgid 0000000180025a40 f   sfc_mex:sfc_mex.obj
 0001:00024b30       sf_mex_lw_matrix_matrix_index_check 0000000180025b30 f   sfc_mex:sfc_mex.obj
 0001:00024b50       sf_mex_lw_vector_vector_index_check 0000000180025b50 f   sfc_mex:sfc_mex.obj
 0001:00024b90       sf_mex_lw_for_loop_vector_check 0000000180025b90 f   sfc_mex:sfc_mex.obj
 0001:00024c20       sf_mex_lw_non_negative_check 0000000180025c20 f   sfc_mex:sfc_mex.obj
 0001:00024c60       sf_mex_overflow_error      0000000180025c60 f   sfc_mex:sfc_mex.obj
 0001:00024c70       sf_mex_dividebyzero_error  0000000180025c70 f   sfc_mex:sfc_mex.obj
 0001:00024c80       sf_mex_unsafe_enum_error   0000000180025c80 f   sfc_mex:sfc_mex.obj
 0001:00024c90       sf_emlrtErrHandler         0000000180025c90 f   sfc_mex:sfc_mex.obj
 0001:00024d70       sf_mex_size_one_check      0000000180025d70 f   sfc_mex:sfc_mex.obj
 0001:00024d90       sf_mex_printf              0000000180025d90 f   sfc_mex:sfc_mex.obj
 0001:00024f60       sf_mex_check_size          0000000180025f60 f   sfc_mex:sfc_mex.obj
 0001:00025200       sf_mex_check_struct        0000000180026200 f   sfc_mex:sfc_mex.obj
 0001:00025460       sf_mex_check_struct_vs     0000000180026460 f   sfc_mex:sfc_mex.obj
 0001:000254f0       sf_mex_check_fi            00000001800264f0 f   sfc_mex:sfc_mex.obj
 0001:000255f0       sf_mex_check_fi_vs         00000001800265f0 f   sfc_mex:sfc_mex.obj
 0001:00025690       sf_echo_expression         0000000180026690 f   sfc_mex:sfc_mex.obj
 0001:000256f0       sf_assertion_failed        00000001800266f0 f   sfc_mex:sfc_mex.obj
 0001:000259d0       sf_mex_evalin              00000001800269d0 f   sfc_mex:sfc_mex.obj
 0001:00025c40       sf_mex_export              0000000180026c40 f   sfc_mex:sfc_mex.obj
 0001:00025d00       sf_mex_get_ml_var_no_error 0000000180026d00 f   sfc_mex:sfc_mex.obj
 0001:00025ea0       sf_mex_get_ml_var          0000000180026ea0 f   sfc_mex:sfc_mex.obj
 0001:00026330       ml_set_element_value_in_array 0000000180027330 f   sfc_mex:sfc_mex.obj
 0001:000273f0       sf_mex_call_impl           00000001800283f0 f   sfc_mex:sfc_mex.obj
 0001:00027810       sf_mex_call_debug          0000000180028810 f   sfc_mex:sfc_mex.obj
 0001:00027840       sf_mex_call                0000000180028840 f   sfc_mex:sfc_mex.obj
 0001:00027e90       sf_mex_createstruct        0000000180028e90 f   sfc_mex:sfc_mex.obj
 0001:00027fa0       sf_mex_createstructarray   0000000180028fa0 f   sfc_mex:sfc_mex.obj
 0001:00028020       sf_mex_get_mx_datatype_from_sf_datatype 0000000180029020 f   sfc_mex:sfc_mex.obj
 0001:00028330       sf_mex_ml_var_sub          0000000180029330 f   sfc_mex:sfc_mex.obj
 0001:00028510       sf_mex_ml_var_subsasgn     0000000180029510 f   sfc_mex:sfc_mex.obj
 0001:00028910       sf_mex_sub                 0000000180029910 f   sfc_mex:sfc_mex.obj
 0001:00028b20       sf_mex_subsasgn            0000000180029b20 f   sfc_mex:sfc_mex.obj
 0001:00029030       sf_mex_create              000000018002a030 f   sfc_mex:sfc_mex.obj
 0001:000299d0       sf_mex_import_named        000000018002a9d0 f   sfc_mex:sfc_mex.obj
 0001:00029a30       sf_mex_import              000000018002aa30 f   sfc_mex:sfc_mex.obj
 0001:00029a80       sf_mex_import_vs           000000018002aa80 f   sfc_mex:sfc_mex.obj
 0001:00029b90       sf_mex_lower_fixpt_mx_array 000000018002ab90 f   sfc_mex:sfc_mex.obj
 0001:00029e90       sf_send_message_wrapper    000000018002ae90 f   sfc_mex:sfc_sf.obj
 0001:00029ec0       sf_receive_message_wrapper 000000018002aec0 f   sfc_mex:sfc_sf.obj
 0001:00029f00       sf_check_out_message_wrapper 000000018002af00 f   sfc_mex:sfc_sf.obj
 0001:00029f40       sf_check_in_message_wrapper 000000018002af40 f   sfc_mex:sfc_sf.obj
 0001:00029f80       sf_no_message_wrapper      000000018002af80 f   sfc_mex:sfc_sf.obj
 0001:0002a310       sim_mode_is_rtw_gen        000000018002b310 f   sfc_mex:sfc_sf.obj
 0001:0002a340       sim_mode_is_external       000000018002b340 f   sfc_mex:sfc_sf.obj
 0001:0002a350       sim_mode_is_modelref_sim   000000018002b350 f   sfc_mex:sfc_sf.obj
 0001:0002a370       mdlInitializeSizes         000000018002b370 f   sfc_mex:sfc_sf.obj
 0001:0002a390       mdlInitializeSampleTimes   000000018002b390 f   sfc_mex:sfc_sf.obj
 0001:0002a3d0       mdlZeroCrossings           000000018002b3d0 f   sfc_mex:sfc_sf.obj
 0001:0002a4c0       mdlDerivatives             000000018002b4c0 f   sfc_mex:sfc_sf.obj
 0001:0002a580       mdl_initialize_conditions_processing 000000018002b580 f   sfc_mex:sfc_sf.obj
 0001:0002a5b0       mdlInitializeConditions    000000018002b5b0 f   sfc_mex:sfc_sf.obj
 0001:0002a670       mdlGetSimState             000000018002b670 f   sfc_mex:sfc_sf.obj
 0001:0002a680       mdlSetSimState             000000018002b680 f   sfc_mex:sfc_sf.obj
 0001:0002a690       mdl_ext_mode_exec_processing 000000018002b690 f   sfc_mex:sfc_sf.obj
 0001:0002a6b0       mdlExtModeExec             000000018002b6b0 f   sfc_mex:sfc_sf.obj
 0001:0002a850       mdlTerminate               000000018002b850 f   sfc_mex:sfc_sf.obj
 0001:0002a8c0       mdlRTW                     000000018002b8c0 f   sfc_mex:sfc_sf.obj
 0001:0002a8f0       mdlSetWorkWidths           000000018002b8f0 f   sfc_mex:sfc_sf.obj
 0001:0002a900       mdlProcessParameters       000000018002b900 f   sfc_mex:sfc_sf.obj
 0001:0002a910       mdl_start_processing       000000018002b910 f   sfc_mex:sfc_sf.obj
 0001:0002a970       mdlStart                   000000018002b970 f   sfc_mex:sfc_sf.obj
 0001:0002aa80       mdlEnable                  000000018002ba80 f   sfc_mex:sfc_sf.obj
 0001:0002ab60       mdlDisable                 000000018002bb60 f   sfc_mex:sfc_sf.obj
 0001:0002ac20       sf_get_chart_instance_ptr  000000018002bc20 f   sfc_mex:sfc_sf.obj
 0001:0002ac40       sf_load_rtw_optimization_info 000000018002bc40 f   sfc_mex:sfc_sf.obj
 0001:0002ad10       sf_update_buildInfo        000000018002bd10 f   sfc_mex:sfc_sf.obj
 0001:0002ae10       sf_rtw_info_uint_prop      000000018002be10 f   sfc_mex:sfc_sf.obj
 0001:0002af50       sf_is_chart_inlinable      000000018002bf50 f   sfc_mex:sfc_sf.obj
 0001:0002af70       sf_mark_output_events_with_multiple_callers 000000018002bf70 f   sfc_mex:sfc_sf.obj
 0001:0002b100       sf_mark_chart_reusable_outputs 000000018002c100 f   sfc_mex:sfc_sf.obj
 0001:0002b360       sf_mark_chart_expressionable_inputs 000000018002c360 f   sfc_mex:sfc_sf.obj
 0001:0002b5c0       sf_get_subchart_simstruct  000000018002c5c0 f   sfc_mex:sfc_sf.obj
 0001:0002b610       sf_get_fixpt_data_type_id  000000018002c610 f   sfc_mex:sfc_sf.obj
 0001:0002b650       sf_get_enum_data_type_id   000000018002c650 f   sfc_mex:sfc_sf.obj
 0001:0002b690       sf_get_param_data_type_id  000000018002c690 f   sfc_mex:sfc_sf.obj
 0001:0002b6c0       sf_mex_listen_for_ctrl_c_force 000000018002c6c0 f   sfc_mex:sfc_sf.obj
 0001:0002b7d0       sf_mex_draw_now            000000018002c7d0 f   sfc_mex:sfc_sf.obj
 0001:0002b810       sf_mex_set_debugger_sim_status_listener_fcn 000000018002c810 f   sfc_mex:sfc_sf.obj
 0001:0002b820       sf_mex_listen_for_ctrl_c   000000018002c820 f   sfc_mex:sfc_sf.obj
 0001:0002b8c0       sf_mex_get_sfun_param      000000018002c8c0 f   sfc_mex:sfc_sf.obj
 0001:0002b910       sf_get_runtime_param_data  000000018002c910 f   sfc_mex:sfc_sf.obj
 0001:0002b950       sf_call_output_fcn_call    000000018002c950 f   sfc_mex:sfc_sf.obj
 0001:0002ba90       sf_call_output_fcn_enable  000000018002ca90 f   sfc_mex:sfc_sf.obj
 0001:0002bb20       sf_call_output_fcn_disable 000000018002cb20 f   sfc_mex:sfc_sf.obj
 0001:0002bbb0       sf_clear_rtw_identifier    000000018002cbb0 f   sfc_mex:sfc_sf.obj
 0001:0002c3d0       sf_set_encoded_dwork_info  000000018002d3d0 f   sfc_mex:sfc_sf.obj
 0001:0002c420       sf_get_dwork_info_from_mat_file 000000018002d420 f   sfc_mex:sfc_sf.obj
 0001:0002c5e0       sf_set_rtw_dwork_info      000000018002d5e0 f   sfc_mex:sfc_sf.obj
 0001:0002c750       mdlOutputs                 000000018002d750 f   sfc_mex:sfc_sf.obj
 0001:0002c870       sf_debug_chart_instance_initialized_quick 000000018002d870 f   sfc_debug:sfcdebug.obj
 0001:0002c8f0       sf_debug_disp              000000018002d8f0 f   sfc_debug:sfcdebug.obj
 0001:0002cbc0       sf_debug_data_runtime_size_mismatch_error_check 000000018002dbc0 f   sfc_debug:sfcdebug.obj
 0001:0002cc70       sf_debug_try_loading_machine 000000018002dc70 f   sfc_debug:sfcdebug.obj
 0001:0002cd70       sf_debug_reset_current_state_configuration 000000018002dd70 f   sfc_debug:sfcdebug.obj
 0001:0002cdf0       sf_debug_store_current_state_configuration 000000018002ddf0 f   sfc_debug:sfcdebug.obj
 0001:0002ce70       sf_debug_restore_previous_state_configuration 000000018002de70 f   sfc_debug:sfcdebug.obj
 0001:0002cef0       sf_debug_restore_previous_state_configuration2 000000018002def0 f   sfc_debug:sfcdebug.obj
 0001:0002cf70       sf_debug_get_event_scope   000000018002df70 f   sfc_debug:sfcdebug.obj
 0001:0002d0e0       use_debugger_step_animation 000000018002e0e0 f   sfc_debug:sfcdebug.obj
 0001:0002d100       sf_debug_get_script_id     000000018002e100 f   sfc_debug:sfcdebug.obj
 0001:0002d190       sf_debug_set_script_translation 000000018002e190 f   sfc_debug:sfcdebug.obj
 0001:0002d310       sf_debug_extract_message_post_receive_info 000000018002e310 f   sfc_debug:sfcdebug.obj
 0001:0002d4d0       sf_debug_get_current_machine_id 000000018002e4d0 f   sfc_debug:sfcdebug.obj
 0001:0002d4f0       sf_debug_get_current_optional_integer 000000018002e4f0 f   sfc_debug:sfcdebug.obj
 0001:0002d500       sf_debug_get_current_machine_number 000000018002e500 f   sfc_debug:sfcdebug.obj
 0001:0002d520       sf_debug_get_current_machine_name 000000018002e520 f   sfc_debug:sfcdebug.obj
 0001:0002d540       sf_debug_get_current_chart_id 000000018002e540 f   sfc_debug:sfcdebug.obj
 0001:0002d580       sf_debug_get_current_chart_number 000000018002e580 f   sfc_debug:sfcdebug.obj
 0001:0002d590       sf_debug_get_current_instance_number 000000018002e590 f   sfc_debug:sfcdebug.obj
 0001:0002d5a0       sf_debug_get_current_is_minor_time_step 000000018002e5a0 f   sfc_debug:sfcdebug.obj
 0001:0002d620       sf_debug_get_current_object_type 000000018002e620 f   sfc_debug:sfcdebug.obj
 0001:0002d630       sf_debug_get_current_instance_handle 000000018002e630 f   sfc_debug:sfcdebug.obj
 0001:0002d690       sf_debug_get_current_event_type 000000018002e690 f   sfc_debug:sfcdebug.obj
 0001:0002d6a0       sf_debug_get_current_object_id 000000018002e6a0 f   sfc_debug:sfcdebug.obj
 0001:0002d6e0       sf_debug_get_current_active_event_type 000000018002e6e0 f   sfc_debug:sfcdebug.obj
 0001:0002d6f0       sf_debug_get_current_active_event_id 000000018002e6f0 f   sfc_debug:sfcdebug.obj
 0001:0002d730       sf_debug_get_current_tag_type 000000018002e730 f   sfc_debug:sfcdebug.obj
 0001:0002d740       sf_debug_get_current_simulation_time 000000018002e740 f   sfc_debug:sfcdebug.obj
 0001:0002d750       sf_debug_get_current_coverage_percentage 000000018002e750 f   sfc_debug:sfcdebug.obj
 0001:0002d760       sf_debug_current_statement_context 000000018002e760 f   sfc_debug:sfcdebug.obj
 0001:0002d7e0       sf_debug_get_current_statement_info 000000018002e7e0 f   sfc_debug:sfcdebug.obj
 0001:0002d980       sf_debug_terminate_instance 000000018002e980 f   sfc_debug:sfcdebug.obj
 0001:0002dca0       sf_debug_assertion_failed  000000018002eca0 f   sfc_debug:sfcdebug.obj
 0001:0002de70       sf_debug_create_debug_instance_struct 000000018002ee70 f   sfc_debug:sfcdebug.obj
 0001:0002dec0       sf_debug_set_number_of_data_with_change_event_for_machine 000000018002eec0 f   sfc_debug:sfcdebug.obj
 0001:0002df10       sf_debug_set_machine_event_thresholds 000000018002ef10 f   sfc_debug:sfcdebug.obj
 0001:0002df30       sf_debug_set_machine_event_scope 000000018002ef30 f   sfc_debug:sfcdebug.obj
 0001:0002df80       sf_debug_set_machine_data_thresholds 000000018002ef80 f   sfc_debug:sfcdebug.obj
 0001:0002dfd0       sf_debug_set_machine_data_scope 000000018002efd0 f   sfc_debug:sfcdebug.obj
 0001:0002e070       sf_debug_set_machine_data_name 000000018002f070 f   sfc_debug:sfcdebug.obj
 0001:0002e120       sf_debug_set_machine_data_size 000000018002f120 f   sfc_debug:sfcdebug.obj
 0001:0002e270       sf_debug_set_machine_data_type 000000018002f270 f   sfc_debug:sfcdebug.obj
 0001:0002e3e0       sf_debug_get_chart_data_number 000000018002f3e0 f   sfc_debug:sfcdebug.obj
 0001:0002e400       sf_debug_get_chart_event_number 000000018002f400 f   sfc_debug:sfcdebug.obj
 0001:0002e420       sf_debug_set_chart_state_info 000000018002f420 f   sfc_debug:sfcdebug.obj
 0001:0002e4b0       sf_debug_set_chart_decomposition 000000018002f4b0 f   sfc_debug:sfcdebug.obj
 0001:0002e520       sf_debug_set_chart_substate_count 000000018002f520 f   sfc_debug:sfcdebug.obj
 0001:0002e600       sf_debug_set_chart_substate_index 000000018002f600 f   sfc_debug:sfcdebug.obj
 0001:0002e680       sf_debug_set_chart_state_substate_count 000000018002f680 f   sfc_debug:sfcdebug.obj
 0001:0002e7a0       sf_debug_set_chart_state_substate_index 000000018002f7a0 f   sfc_debug:sfcdebug.obj
 0001:0002e830       sf_debug_set_number_of_data_with_change_event_for_chart 000000018002f830 f   sfc_debug:sfcdebug.obj
 0001:0002e8c0       sf_debug_set_number_of_states_with_entry_event_for_chart 000000018002f8c0 f   sfc_debug:sfcdebug.obj
 0001:0002e940       sf_debug_set_number_of_states_with_exit_event_for_chart 000000018002f940 f   sfc_debug:sfcdebug.obj
 0001:0002e9c0       sf_debug_set_chart_disable_implicit_casting 000000018002f9c0 f   sfc_debug:sfcdebug.obj
 0001:0002ea30       sf_debug_set_chart_event_thresholds 000000018002fa30 f   sfc_debug:sfcdebug.obj
 0001:0002eab0       sf_debug_set_chart_data_compiled_props 000000018002fab0 f   sfc_debug:sfcdebug.obj
 0001:0002edf0       sf_debug_set_chart_data_props 000000018002fdf0 f   sfc_debug:sfcdebug.obj
 0001:0002f110       sf_debug_check_fi_license  0000000180030110 f   sfc_debug:sfcdebug.obj
 0001:0002f2d0       sf_debug_symbol_scope_push 00000001800302d0 f   sfc_debug:sfcdebug.obj
 0001:0002f310       sf_debug_symbol_scope_push_eml 0000000180030310 f   sfc_debug:sfcdebug.obj
 0001:0002f360       sf_debug_symbol_scope_pop  0000000180030360 f   sfc_debug:sfcdebug.obj
 0001:0002f3a0       sf_debug_symbol_scope_add_importable 00000001800303a0 f   sfc_debug:sfcdebug.obj
 0001:0002f420       sf_debug_symbol_scope_add  0000000180030420 f   sfc_debug:sfcdebug.obj
 0001:0002f4a0       sf_debug_symbol_scope_add_dyn_importable 00000001800304a0 f   sfc_debug:sfcdebug.obj
 0001:0002f560       sf_debug_symbol_scope_add_dyn 0000000180030560 f   sfc_debug:sfcdebug.obj
 0001:0002f5a0       sf_debug_symbol_scope_add_eml_importable 00000001800305a0 f   sfc_debug:sfcdebug.obj
 0001:0002f5e0       sf_debug_symbol_scope_add_eml 00000001800305e0 f   sfc_debug:sfcdebug.obj
 0001:0002f620       sf_debug_symbol_scope_add_eml_dyn_importable 0000000180030620 f   sfc_debug:sfcdebug.obj
 0001:0002f680       sf_debug_symbol_scope_add_eml_dyn 0000000180030680 f   sfc_debug:sfcdebug.obj
 0001:0002f6e0       sf_debug_symbol_switch     00000001800306e0 f   sfc_debug:sfcdebug.obj
 0001:0002f700       sf_debug_symbol_scope_add_verbose 0000000180030700 f   sfc_debug:sfcdebug.obj
 0001:0002f7d0       sf_debug_set_machine_data_value_ptr 00000001800307d0 f   sfc_debug:sfcdebug.obj
 0001:0002f810       sf_debug_set_instance_data_value_ptr 0000000180030810 f   sfc_debug:sfcdebug.obj
 0001:0002f8e0       sf_debug_unset_instance_data_value_ptr 00000001800308e0 f   sfc_debug:sfcdebug.obj
 0001:0002f990       sf_debug_set_chart_event_scope 0000000180030990 f   sfc_debug:sfcdebug.obj
 0001:0002fa10       sf_debug_set_chart_transition_coverage_maps 0000000180030a10 f   sfc_debug:sfcdebug.obj
 0001:0002fb10       sf_debug_set_chart_state_coverage_maps 0000000180030b10 f   sfc_debug:sfcdebug.obj
 0001:0002fbe0       sf_debug_set_instance_transition_coverage_weights 0000000180030be0 f   sfc_debug:sfcdebug.obj
 0001:0002fc70       sf_debug_set_instance_state_coverage_weights 0000000180030c70 f   sfc_debug:sfcdebug.obj
 0001:0002fec0       sf_debug_unload_machine    0000000180030ec0 f   sfc_debug:sfcdebug.obj
 0001:0002ff10       sf_debug_load_machine      0000000180030f10 f   sfc_debug:sfcdebug.obj
 0001:00030020       sf_debug_set_active_instance_in_data_dictionary 0000000180031020 f   sfc_debug:sfcdebug.obj
 0001:00030200       sf_debug_set_active_instance 0000000180031200 f   sfc_debug:sfcdebug.obj
 0001:00030360       sf_debug_chart_visiblity_change 0000000180031360 f   sfc_debug:sfcdebug.obj
 0001:00030450       sf_debug_select_chart      0000000180031450 f   sfc_debug:sfcdebug.obj
 0001:000305b0       sf_debug_set_instance_cv_ids 00000001800315b0 f   sfc_debug:sfcdebug.obj
 0001:000308e0       sf_debug_select_charts     00000001800318e0 f   sfc_debug:sfcdebug.obj
 0001:00030a90       sf_debug_initialized       0000000180031a90 f   sfc_debug:sfcdebug.obj
 0001:00030ab0       sf_debug_is_uninterruptible 0000000180031ab0 f   sfc_debug:sfcdebug.obj
 0001:00030ae0       sf_debug_initialize_debugger_gui 0000000180031ae0 f   sfc_debug:sfcdebug.obj
 0001:00030ec0       sf_debug_resume            0000000180031ec0 f   sfc_debug:sfcdebug.obj
 0001:00030ee0       sf_debug_go                0000000180031ee0 f   sfc_debug:sfcdebug.obj
 0001:00030ef0       sf_debug_break             0000000180031ef0 f   sfc_debug:sfcdebug.obj
 0001:00030f00       sf_debug_step_over         0000000180031f00 f   sfc_debug:sfcdebug.obj
 0001:00030f10       sf_debug_step_out          0000000180031f10 f   sfc_debug:sfcdebug.obj
 0001:00030f20       sf_debug_set_disable_all_breakpoints 0000000180031f20 f   sfc_debug:sfcdebug.obj
 0001:00030f30       sf_debug_disable_all_breakpoints_and_go 0000000180031f30 f   sfc_debug:sfcdebug.obj
 0001:00030f40       sf_debug_break_on_chart_entry 0000000180031f40 f   sfc_debug:sfcdebug.obj
 0001:00030f50       sf_debug_break_on_event_broadcast 0000000180031f50 f   sfc_debug:sfcdebug.obj
 0001:00030f60       sf_debug_break_on_state_entry 0000000180031f60 f   sfc_debug:sfcdebug.obj
 0001:00030f70       sf_debug_break_between_times 0000000180031f70 f   sfc_debug:sfcdebug.obj
 0001:00030f90       sf_debug_browse_data       0000000180031f90 f   sfc_debug:sfcdebug.obj
 0001:00030fa0       sf_debug_watch_data        0000000180031fa0 f   sfc_debug:sfcdebug.obj
 0001:00030fd0       sf_debug_assign_data       0000000180031fd0 f   sfc_debug:sfcdebug.obj
 0001:00030fe0       sf_debug_whos              0000000180031fe0 f   sfc_debug:sfcdebug.obj
 0001:00031000       sf_debug_get_consistency_info 0000000180032000 f   sfc_debug:sfcdebug.obj
 0001:00031010       sf_debug_browse_trace      0000000180032010 f   sfc_debug:sfcdebug.obj
 0001:00031020       sf_debug_set_breakpoints   0000000180032020 f   sfc_debug:sfcdebug.obj
 0001:00031190       sf_debug_set_eml_breakpoints 0000000180032190 f   sfc_debug:sfcdebug.obj
 0001:000312f0       sf_debug_set_script_breakpoints 00000001800322f0 f   sfc_debug:sfcdebug.obj
 0001:00031370       sf_debug_add_script_breakpoints 0000000180032370 f   sfc_debug:sfcdebug.obj
 0001:000313e0       sf_debug_clear_script_breakpoints 00000001800323e0 f   sfc_debug:sfcdebug.obj
 0001:00031450       sf_debug_query_script_breakpoints 0000000180032450 f   sfc_debug:sfcdebug.obj
 0001:00031500       sf_debug_get_eml_script_id 0000000180032500 f   sfc_debug:sfcdebug.obj
 0001:00031550       sf_debug_set_watch         0000000180032550 f   sfc_debug:sfcdebug.obj
 0001:00031770       sf_debug_get_instance_handle 0000000180032770 f   sfc_debug:sfcdebug.obj
 0001:00031800       sf_debug_get_active_states 0000000180032800 f   sfc_debug:sfcdebug.obj
 0001:00031810       sf_debug_set_honor_breakpoints 0000000180032810 f   sfc_debug:sfcdebug.obj
 0001:00031820       sf_debug_get_animation     0000000180032820 f   sfc_debug:sfcdebug.obj
 0001:00031830       sf_debug_set_animation     0000000180032830 f   sfc_debug:sfcdebug.obj
 0001:00031840       sf_debug_animate           0000000180032840 f   sfc_debug:sfcdebug.obj
 0001:00031860       sf_debug_cycle_detection_check 0000000180032860 f   sfc_debug:sfcdebug.obj
 0001:00031870       sf_debug_data_range_check  0000000180032870 f   sfc_debug:sfcdebug.obj
 0001:00031880       sf_debug_transition_conflict_check 0000000180032880 f   sfc_debug:sfcdebug.obj
 0001:00031890       sf_debug_state_consistency_check 0000000180032890 f   sfc_debug:sfcdebug.obj
 0001:000318a0       sf_debug_data_range_check_enabled 00000001800328a0 f   sfc_debug:sfcdebug.obj
 0001:000318c0       sf_debug_transition_conflict_check_enabled 00000001800328c0 f   sfc_debug:sfcdebug.obj
 0001:000318e0       sf_debug_transition_conflict_check_begin 00000001800328e0 f   sfc_debug:sfcdebug.obj
 0001:00031900       sf_debug_transition_conflict_check_end 0000000180032900 f   sfc_debug:sfcdebug.obj
 0001:00031920       sf_debug_stop_debugging    0000000180032920 f   sfc_debug:sfcdebug.obj
 0001:00031950       sf_debug_is_cycle_detected 0000000180032950 f   sfc_debug:sfcdebug.obj
 0001:00031960       sf_debug_is_array_bounds_detected 0000000180032960 f   sfc_debug:sfcdebug.obj
 0001:00031970       sf_debug_get_state_vectors_data_size 0000000180032970 f   sfc_debug:sfcdebug.obj
 0001:000319b0       sf_debug_get_state_vectors_data 00000001800329b0 f   sfc_debug:sfcdebug.obj
 0001:00031ac0       sf_debug_set_state_vectors_data 0000000180032ac0 f   sfc_debug:sfcdebug.obj
 0001:00031d50       sf_debug_get_script_index  0000000180032d50 f   sfc_debug:sfcdebug.obj
 0001:00031ee0       sf_debug_add_script        0000000180032ee0 f   sfc_debug:sfcdebug.obj
 0001:00032070       cv_eval_point              0000000180033070 f   sfc_debug:sfcdebug.obj
 0001:000321e0       cv_eval_testobjective      00000001800331e0 f   sfc_debug:sfcdebug.obj
 0001:000322f0       sf_debug_cv_init_state     00000001800332f0 f   sfc_debug:sfcdebug.obj
 0001:00032420       sf_debug_cv_init_chart     0000000180033420 f   sfc_debug:sfcdebug.obj
 0001:00032510       sf_debug_cv_init_trans     0000000180033510 f   sfc_debug:sfcdebug.obj
 0001:00032620       sf_debug_cv_init_saturation 0000000180033620 f   sfc_debug:sfcdebug.obj
 0001:00032720       sf_debug_cv_init_testobjectives 0000000180033720 f   sfc_debug:sfcdebug.obj
 0001:00032900       cv_eml_init_script         0000000180033900 f   sfc_debug:sfcdebug.obj
 0001:00032a20       cv_eml_init_fcn            0000000180033a20 f   sfc_debug:sfcdebug.obj
 0001:00032b30       cv_eml_init_testobjective  0000000180033b30 f   sfc_debug:sfcdebug.obj
 0001:00032c10       cv_eml_init_saturation     0000000180033c10 f   sfc_debug:sfcdebug.obj
 0001:00032ce0       cv_eml_init_if             0000000180033ce0 f   sfc_debug:sfcdebug.obj
 0001:00032dc0       cv_eml_init_for            0000000180033dc0 f   sfc_debug:sfcdebug.obj
 0001:00032e90       cv_eml_init_while          0000000180033e90 f   sfc_debug:sfcdebug.obj
 0001:00032f60       cv_eml_init_mcdc           0000000180033f60 f   sfc_debug:sfcdebug.obj
 0001:00033080       cv_eml_init_switch         0000000180034080 f   sfc_debug:sfcdebug.obj
 0001:00033180       cv_eml_eval                0000000180034180 f   sfc_debug:sfcdebug.obj
 0001:00033270       sf_debug_bm_is_a_eml_breakpoint 0000000180034270 f   sfc_debug:sfcdebug.obj
 0001:000333c0       sf_debug_temporal_threshold 00000001800343c0 f   sfc_debug:sfcdebug.obj
 0001:00033730       sf_debug_transition_conflict_error 0000000180034730 f   sfc_debug:sfcdebug.obj
 0001:00033a90       sf_debug_state_inconsistency_error 0000000180034a90 f   sfc_debug:sfcdebug.obj
 0001:00033bb0       sf_debug_check_for_state_inconsistency 0000000180034bb0 f   sfc_debug:sfcdebug.obj
 0001:00033bf0       sf_debug_cycle_detecton_error 0000000180034bf0 f   sfc_debug:sfcdebug.obj
 0001:00034340       sf_debug_size_eq_check_1d  0000000180035340 f   sfc_debug:sfcdebug.obj
 0001:00034360       sf_debug_size_eq_check_nd  0000000180035360 f   sfc_debug:sfcdebug.obj
 0001:00034560       sf_debug_dim_size_eq_check 0000000180035560 f   sfc_debug:sfcdebug.obj
 0001:00034590       sf_debug_dim_size_geq_check 0000000180035590 f   sfc_debug:sfcdebug.obj
 0001:000345c0       sf_debug_sub_assign_size_check_nd 00000001800355c0 f   sfc_debug:sfcdebug.obj
 0001:000347a0       sf_debug_matrix_matrix_index_check 00000001800357a0 f   sfc_debug:sfcdebug.obj
 0001:000347f0       sf_debug_vector_vector_index_check 00000001800357f0 f   sfc_debug:sfcdebug.obj
 0001:00034840       sf_debug_for_loop_vector_check 0000000180035840 f   sfc_debug:sfcdebug.obj
 0001:000348e0       sf_debug_runtime_error_msgid 00000001800358e0 f   sfc_debug:sfcdebug.obj
 0001:00034980       sf_debug_data_array_bounds_error_check 0000000180035980 f   sfc_debug:sfcdebug.obj
 0001:00034a90       sf_debug_eml_data_array_bounds_error_check 0000000180035a90 f   sfc_debug:sfcdebug.obj
 0001:00034f50       sf_debug_integer_check     0000000180035f50 f   sfc_debug:sfcdebug.obj
 0001:00035040       sf_debug_not_nan_check     0000000180036040 f   sfc_debug:sfcdebug.obj
 0001:00035110       sf_debug_non_negative_check 0000000180036110 f   sfc_debug:sfcdebug.obj
 0001:000351e0       sf_debug_overflow_detection 00000001800361e0 f   sfc_debug:sfcdebug.obj
 0001:00035840       sf_debug_cast_to_real32_T  0000000180036840 f   sfc_debug:sfcdebug.obj
 0001:00035910       sf_debug_cast_to_int8_T    0000000180036910 f   sfc_debug:sfcdebug.obj
 0001:000359e0       sf_debug_cast_to_uint8_T   00000001800369e0 f   sfc_debug:sfcdebug.obj
 0001:00035ab0       sf_debug_cast_to_int16_T   0000000180036ab0 f   sfc_debug:sfcdebug.obj
 0001:00035b80       sf_debug_cast_to_uint16_T  0000000180036b80 f   sfc_debug:sfcdebug.obj
 0001:00035c50       sf_debug_cast_to_int32_T   0000000180036c50 f   sfc_debug:sfcdebug.obj
 0001:00035d20       sf_debug_cast_to_uint32_T  0000000180036d20 f   sfc_debug:sfcdebug.obj
 0001:00035df0       sf_debug_data_range_error  0000000180036df0 f   sfc_debug:sfcdebug.obj
 0001:00036100       sf_debug_read_before_write_check 0000000180037100 f   sfc_debug:sfcdebug.obj
 0001:00036530       sf_debug_data_range_error_wrapper_min_max 0000000180037530 f   sfc_debug:sfcdebug.obj
 0001:00036650       sf_debug_data_range_error_wrapper_min 0000000180037650 f   sfc_debug:sfcdebug.obj
 0001:00036760       sf_debug_data_range_error_wrapper_max 0000000180037760 f   sfc_debug:sfcdebug.obj
 0001:00036870       sf_debug_data_range_wrapper 0000000180037870 f   sfc_debug:sfcdebug.obj
 0001:00036930       sf_debug_set_current_status_info 0000000180037930 f   sfc_debug:sfcdebug.obj
 0001:00036cd0       sf_debug_register_message_post_receive_info 0000000180037cd0 f   sfc_debug:sfcdebug.obj
 0001:00036f20       sf_debug_call              0000000180037f20 f   sfc_debug:sfcdebug.obj
 0001:00037880       sf_debug_initialize_machine 0000000180038880 f   sfc_debug:sfcdebug.obj
 0001:00037b30       sf_debug_initialize_chart  0000000180038b30 f   sfc_debug:sfcdebug.obj
 0001:00037f80       sf_debug_ensure_script     0000000180038f80 f   sfc_debug:sfcdebug.obj
 0001:00038030       cv_eval_saturation         0000000180039030 f   sfc_debug:sfcdebug.obj
 0001:000381b0       cv_saturation_accum        00000001800391b0 f   sfc_debug:sfcdebug.obj
 0001:000382f0       cv_script_init_script      00000001800392f0 f   sfc_debug:sfcdebug.obj
 0001:000383e0       cv_script_init_fcn         00000001800393e0 f   sfc_debug:sfcdebug.obj
 0001:000384a0       cv_script_init_testobjective 00000001800394a0 f   sfc_debug:sfcdebug.obj
 0001:00038560       cv_script_init_saturation  0000000180039560 f   sfc_debug:sfcdebug.obj
 0001:00038610       cv_script_init_if          0000000180039610 f   sfc_debug:sfcdebug.obj
 0001:000386d0       cv_script_init_for         00000001800396d0 f   sfc_debug:sfcdebug.obj
 0001:00038780       cv_script_init_while       0000000180039780 f   sfc_debug:sfcdebug.obj
 0001:00038830       cv_script_init_mcdc        0000000180039830 f   sfc_debug:sfcdebug.obj
 0001:00038930       cv_script_init_switch      0000000180039930 f   sfc_debug:sfcdebug.obj
 0001:00038a10       cv_script_eval             0000000180039a10 f   sfc_debug:sfcdebug.obj
 0001:00038ae0       eml_debug_line_call        0000000180039ae0 f   sfc_debug:sfcdebug.obj
 0001:00038cb0       sf_debug_terminate         0000000180039cb0 f   sfc_debug:sfcdebug.obj
 0001:00038ec0       sf_debug_set_script_cv_ids 0000000180039ec0 f   sfc_debug:sfcdebug.obj
 0001:00038ff0       sf_debug_api               0000000180039ff0 f   sfc_debug:sfc_api.obj
 0001:0003a8e0       sf_debug_sm_terminate      000000018003b8e0 f   sfc_debug:sfdb_animation.obj
 0001:0003aa90       sf_debug_reset_path_objects 000000018003ba90 f   sfc_debug:sfdb_animation.obj
 0001:0003ab10       sf_debug_sm_reset_object_selection_status 000000018003bb10 f   sfc_debug:sfdb_animation.obj
 0001:0003abb0       sf_debug_sm_reset_state_buffer 000000018003bbb0 f   sfc_debug:sfdb_animation.obj
 0001:0003ac80       sf_debug_sm_store_state_buffer 000000018003bc80 f   sfc_debug:sfdb_animation.obj
 0001:0003ad00       sf_debug_sm_restore_state_buffer1 000000018003bd00 f   sfc_debug:sfdb_animation.obj
 0001:0003ad70       sf_debug_sm_restore_state_buffer2 000000018003bd70 f   sfc_debug:sfdb_animation.obj
 0001:0003ade0       sf_debug_sm_chart_active   000000018003bde0 f   sfc_debug:sfdb_animation.obj
 0001:0003ae30       sf_debug_sm_select_active_objects 000000018003be30 f   sfc_debug:sfdb_animation.obj
 0001:0003b300       sf_debug_sm_is_chart_active 000000018003c300 f   sfc_debug:sfdb_animation.obj
 0001:0003b340       sf_debug_sm_is_state_active 000000018003c340 f   sfc_debug:sfdb_animation.obj
 0001:0003b580       sf_debug_sm_get_active_states 000000018003c580 f   sfc_debug:sfdb_animation.obj
 0001:0003bb30       sf_debug_sm_initialize_instance 000000018003cb30 f   sfc_debug:sfdb_animation.obj
 0001:0003bd40       sf_debug_sm_change_object_selection_status 000000018003cd40 f   sfc_debug:sfdb_animation.obj
 0001:0003c010       cv_create_interface        000000018003d010 f   sfc_debug:cv_sfinterface.obj
 0001:0003c320       cv_init_trans              000000018003d320 f   sfc_debug:cv_sfinterface.obj
 0001:0003c370       cv_init_saturation         000000018003d370 f   sfc_debug:cv_sfinterface.obj
 0001:0003c3b0       cv_init_testobjective      000000018003d3b0 f   sfc_debug:cv_sfinterface.obj
 0001:0003c3f0       cv_init_state              000000018003d3f0 f   sfc_debug:cv_sfinterface.obj
 0001:0003c460       cv_init_chart              000000018003d460 f   sfc_debug:cv_sfinterface.obj
 0001:0003c4b0       cv_dec_update_call         000000018003d4b0 f   sfc_debug:cv_sfinterface.obj
 0001:0003c4f0       cv_cond_update_call        000000018003d4f0 f   sfc_debug:cv_sfinterface.obj
 0001:0003c530       cv_saturation_update_call  000000018003d530 f   sfc_debug:cv_sfinterface.obj
 0001:0003c570       cv_saturation_update_accum 000000018003d570 f   sfc_debug:cv_sfinterface.obj
 0001:0003c5b0       cv_testobjective_update_call 000000018003d5b0 f   sfc_debug:cv_sfinterface.obj
 0001:0003c5f0       cv_sigrange_update         000000018003d5f0 f   sfc_debug:cv_sfinterface.obj
 0001:0003c630       cvsf_eml_eval              000000018003d630 f   sfc_debug:cv_sfinterface.obj
 0001:0003c710       cvsf_eml_init_script       000000018003d710 f   sfc_debug:cv_sfinterface.obj
 0001:0003c7a0       cvsf_eml_init_fcn          000000018003d7a0 f   sfc_debug:cv_sfinterface.obj
 0001:0003c800       cvsf_eml_init_testobjective 000000018003d800 f   sfc_debug:cv_sfinterface.obj
 0001:0003c860       cvsf_eml_init_saturation   000000018003d860 f   sfc_debug:cv_sfinterface.obj
 0001:0003c8b0       cvsf_eml_init_if           000000018003d8b0 f   sfc_debug:cv_sfinterface.obj
 0001:0003c910       cvsf_eml_init_for          000000018003d910 f   sfc_debug:cv_sfinterface.obj
 0001:0003c960       cvsf_eml_init_while        000000018003d960 f   sfc_debug:cv_sfinterface.obj
 0001:0003c9b0       cvsf_eml_init_mcdc         000000018003d9b0 f   sfc_debug:cv_sfinterface.obj
 0001:0003ca40       cvsf_eml_init_switch       000000018003da40 f   sfc_debug:cv_sfinterface.obj
 0001:0003cab0       cvsf_script_eval           000000018003dab0 f   sfc_debug:cv_sfinterface.obj
 0001:0003cb90       cvsf_script_init_script    000000018003db90 f   sfc_debug:cv_sfinterface.obj
 0001:0003cc20       cvsf_script_init_fcn       000000018003dc20 f   sfc_debug:cv_sfinterface.obj
 0001:0003cc80       cvsf_script_init_testobjective 000000018003dc80 f   sfc_debug:cv_sfinterface.obj
 0001:0003cce0       cvsf_script_init_saturation 000000018003dce0 f   sfc_debug:cv_sfinterface.obj
 0001:0003cd30       cvsf_script_init_if        000000018003dd30 f   sfc_debug:cv_sfinterface.obj
 0001:0003cd90       cvsf_script_init_for       000000018003dd90 f   sfc_debug:cv_sfinterface.obj
 0001:0003cde0       cvsf_script_init_while     000000018003dde0 f   sfc_debug:cv_sfinterface.obj
 0001:0003ce30       cvsf_script_init_mcdc      000000018003de30 f   sfc_debug:cv_sfinterface.obj
 0001:0003cec0       cvsf_script_init_switch    000000018003dec0 f   sfc_debug:cv_sfinterface.obj
 0001:0003cf30       cv_destroy_interface       000000018003df30 f   sfc_debug:cv_sfinterface.obj
 0001:0003cf50       cv_create_instance_objects 000000018003df50 f   sfc_debug:cv_sfinterface.obj
 0001:0003d3c0       cv_is_enabled              000000018003e3c0 f   sfc_debug:cv_sfinterface.obj
 0001:0003d3d0       sf_debug_cv_initialize_script 000000018003e3d0 f   sfc_debug:cv_sfinterface.obj
 0001:0003d560       sf_debug_cv_initialize_instance 000000018003e560 f   sfc_debug:cv_sfinterface.obj
 0001:0003d8f0       sf_debug_cv_terminate_chart 000000018003e8f0 f   sfc_debug:cv_sfinterface.obj
 0001:0003da10       cv_call_trans_test         000000018003ea10 f   sfc_debug:cv_sfinterface.obj
 0001:0003da20       cv_call_sub_cond_test      000000018003ea20 f   sfc_debug:cv_sfinterface.obj
 0001:0003da60       sf_debug_st_initialize_machine 000000018003ea60 f   sfc_debug:sfdb_data_browse.obj
 0001:0003db10       sf_debug_st_initialize_instance 000000018003eb10 f   sfc_debug:sfdb_data_browse.obj
 0001:0003dd20       sf_debug_st_terminate      000000018003ed20 f   sfc_debug:sfdb_data_browse.obj
 0001:0003e0c0       sf_debug_st_set_data_value_ptr_in_machine 000000018003f0c0 f   sfc_debug:sfdb_data_browse.obj
 0001:0003e150       sf_debug_st_set_data_value_ptr_in_instance 000000018003f150 f   sfc_debug:sfdb_data_browse.obj
 0001:0003e230       sf_debug_st_unset_data_value_ptr_in_machine 000000018003f230 f   sfc_debug:sfdb_data_browse.obj
 0001:0003e2a0       sf_debug_st_unset_data_value_ptr_in_instance 000000018003f2a0 f   sfc_debug:sfdb_data_browse.obj
 0001:0003e560       sf_debug_mx_value          000000018003f560 f   sfc_debug:sfdb_data_browse.obj
 0001:0003e5c0       sf_debug_mx_packed_vector  000000018003f5c0 f   sfc_debug:sfdb_data_browse.obj
 0001:0003e6a0       sf_debug_mx_uint_vector    000000018003f6a0 f   sfc_debug:sfdb_data_browse.obj
 0001:0003e750       sf_debug_st_get_double_value_from_void_ptr_vector 000000018003f750 f   sfc_debug:sfdb_data_browse.obj
 0001:0003f230       sf_debug_st_browse_data    0000000180040230 f   sfc_debug:sfdb_data_browse.obj
 0001:0003fa70       sf_debug_hm_initialize_instance 0000000180040a70 f   sfc_debug:sfdb_handle_management.obj
 0001:0003ff50       sf_debug_hm_get_object_id  0000000180040f50 f   sfc_debug:sfdb_handle_management.obj
 0001:00040b00       sf_debug_hm_update_chart_visibility 0000000180041b00 f   sfc_debug:sfdb_handle_management.obj
 0001:00041cf0       sf_debug_object_is_eml_function 0000000180042cf0 f   sfc_debug:sfdb_handle_management.obj
 0001:00041d60       sf_debug_hm_initialize_ids_in_machine 0000000180042d60 f   sfc_debug:sfdb_handle_management.obj
 0001:00041ed0       sf_debug_hm_initialize_ids_in_chart 0000000180042ed0 f   sfc_debug:sfdb_handle_management.obj
 0001:00041fd0       sf_debug_hm_initialize_chart 0000000180042fd0 f   sfc_debug:sfdb_handle_management.obj
 0001:000426d0       sf_debug_hm_terminate      00000001800436d0 f   sfc_debug:sfdb_handle_management.obj
 0001:00042730       sf_debug_hm_initialize_machine 0000000180043730 f   sfc_debug:sfdb_handle_management.obj
 0001:00042e50       sf_debug_ss_initialize     0000000180043e50 f   sfc_debug:sfdb_symbol_scope.obj
 0001:00042e70       sf_debug_ss_terminate      0000000180043e70 f   sfc_debug:sfdb_symbol_scope.obj
 0001:00042f00       sf_debug_ss_push_symbol_scope 0000000180043f00 f   sfc_debug:sfdb_symbol_scope.obj
 0001:00043000       sf_debug_ss_push_symbol_scope_eml 0000000180044000 f   sfc_debug:sfdb_symbol_scope.obj
 0001:00043060       sf_debug_ss_pop_symbol_scope 0000000180044060 f   sfc_debug:sfdb_symbol_scope.obj
 0001:00043110       sf_debug_ss_add_symbol     0000000180044110 f   sfc_debug:sfdb_symbol_scope.obj
 0001:00043280       sf_debug_ss_add_symbol_eml 0000000180044280 f   sfc_debug:sfdb_symbol_scope.obj
 0001:00044180       sf_debug_ss_set_data_value 0000000180045180 f   sfc_debug:sfdb_symbol_scope.obj
 0001:000445d0       getInstanceNumber          00000001800455d0 f   sfc_debug:sfdb_symbol_scope.obj
 0001:000446a0       sf_debug_ss_watch_data     00000001800456a0 f   sfc_debug:sfdb_symbol_scope.obj
 0001:00044890       sf_debug_ss_assign_data    0000000180045890 f   sfc_debug:sfdb_symbol_scope.obj
 0001:000452a0       get_data_entry_name        00000001800462a0 f   sfc_debug:sfdb_symbol_scope.obj
 0001:000452f0       sf_debug_ss_whos           00000001800462f0 f   sfc_debug:sfdb_symbol_scope.obj
 0001:00045940       sf_debug_cc_initialize_chart 0000000180046940 f   sfc_debug:sfdb_coverage.obj
 0001:00046330       sf_debug_cc_initialize_instance 0000000180047330 f   sfc_debug:sfdb_coverage.obj
 0001:00047070       sf_debug_cc_terminate      0000000180048070 f   sfc_debug:sfdb_coverage.obj
 0001:00047160       sf_debug_cc_set_transition_maps 0000000180048160 f   sfc_debug:sfdb_coverage.obj
 0001:00047290       sf_debug_cc_set_state_maps 0000000180048290 f   sfc_debug:sfdb_coverage.obj
 0001:00047370       sf_debug_cc_set_transition_weights 0000000180048370 f   sfc_debug:sfdb_coverage.obj
 0001:00047630       sf_debug_cc_set_state_weights 0000000180048630 f   sfc_debug:sfdb_coverage.obj
 0001:00047900       sf_debug_cc_mark_transition_guard 0000000180048900 f   sfc_debug:sfdb_coverage.obj
 0001:00047990       sf_debug_cc_mark_transition_trigger 0000000180048990 f   sfc_debug:sfdb_coverage.obj
 0001:00047a20       sf_debug_cc_mark_transition_decision 0000000180048a20 f   sfc_debug:sfdb_coverage.obj
 0001:00047a90       sf_debug_cc_mark_transition_condition_action 0000000180048a90 f   sfc_debug:sfdb_coverage.obj
 0001:00047ae0       sf_debug_cc_mark_transition_transition_action 0000000180048ae0 f   sfc_debug:sfdb_coverage.obj
 0001:00047b30       sf_debug_cc_mark_state_entry 0000000180048b30 f   sfc_debug:sfdb_coverage.obj
 0001:00047b80       sf_debug_cc_mark_state_during 0000000180048b80 f   sfc_debug:sfdb_coverage.obj
 0001:00047bd0       sf_debug_cc_mark_state_exit 0000000180048bd0 f   sfc_debug:sfdb_coverage.obj
 0001:00047c20       sf_debug_bm_clear_script_breakpoints 0000000180048c20 f   sfc_debug:sfdb_breakpoints.obj
 0001:00047c50       sf_debug_bm_set_script_breakpoint 0000000180048c50 f   sfc_debug:sfdb_breakpoints.obj
 0001:00047cd0       sf_debug_bm_clear_single_script_breakpoint 0000000180048cd0 f   sfc_debug:sfdb_breakpoints.obj
 0001:00047d50       sf_debug_bm_query_script_breakpoint 0000000180048d50 f   sfc_debug:sfdb_breakpoints.obj
 0001:00047da0       sf_debug_bm_initialize_scripts 0000000180048da0 f   sfc_debug:sfdb_breakpoints.obj
 0001:00048430       sf_debug_bm_terminate      0000000180049430 f   sfc_debug:sfdb_breakpoints.obj
 0001:00048710       sf_debug_bm_remove_all_breakpoints_in_machine 0000000180049710 f   sfc_debug:sfdb_breakpoints.obj
 0001:00048770       sf_debug_bm_remove_all_breakpoints_in_chart 0000000180049770 f   sfc_debug:sfdb_breakpoints.obj
 0001:000488c0       sf_debug_bm_initialize_global_breakpoints 00000001800498c0 f   sfc_debug:sfdb_breakpoints.obj
 0001:00048a40       sf_debug_bm_set_breakpoint 0000000180049a40 f   sfc_debug:sfdb_breakpoints.obj
 0001:00049000       sf_debug_bm_set_eml_breakpoint 000000018004a000 f   sfc_debug:sfdb_breakpoints.obj
 0001:00049090       sf_debug_bm_initialize_machine_breakpoint_map 000000018004a090 f   sfc_debug:sfdb_breakpoints.obj
 0001:000494b0       sf_debug_bm_is_a_breakpoint 000000018004a4b0 f   sfc_debug:sfdb_breakpoints.obj
 0001:000499d0       sf_debug_bm_get_all_breakpoints_in_machine 000000018004a9d0 f   sfc_debug:sfdb_breakpoints.obj
 0001:00049cd0       sf_debug_bm_get_all_breakpoints_in_chart 000000018004acd0 f   sfc_debug:sfdb_breakpoints.obj
 0001:0004a860       sf_debug_bm_initialize_machine 000000018004b860 f   sfc_debug:sfdb_breakpoints.obj
 0001:0004a930       sf_debug_bm_initialize_chart 000000018004b930 f   sfc_debug:sfdb_breakpoints.obj
 0001:0004ad20       sf_debug_sc_terminate      000000018004bd20 f   sfc_debug:sfdb_state_consistency.obj
 0001:0004b040       sf_debug_sc_is_chart_consistent 000000018004c040 f   sfc_debug:sfdb_state_consistency.obj
 0001:0004b2f0       sf_debug_sc_get_consistency_error_info 000000018004c2f0 f   sfc_debug:sfdb_state_consistency.obj
 0001:0004b700       sf_debug_tm_terminate      000000018004c700 f   sfc_debug:sfdb_call_stack.obj
 0001:0004b7b0       sf_debug_tm_push_chart_instance 000000018004c7b0 f   sfc_debug:sfdb_call_stack.obj
 0001:0004b8f0       sf_debug_tm_pop_chart_instance 000000018004c8f0 f   sfc_debug:sfdb_call_stack.obj
 0001:0004b950       sf_debug_tm_push_trace_node 000000018004c950 f   sfc_debug:sfdb_call_stack.obj
 0001:0004bad0       sf_debug_tm_pop_trace_node 000000018004cad0 f   sfc_debug:sfdb_call_stack.obj
 0001:0004bb50       sf_debug_tm_get_current_global_trace_index 000000018004cb50 f   sfc_debug:sfdb_call_stack.obj
 0001:0004bb60       sf_debug_tm_get_current_local_trace_index 000000018004cb60 f   sfc_debug:sfdb_call_stack.obj
 0001:0004bb90       sf_debug_tm_set_cycle_detected_flag 000000018004cb90 f   sfc_debug:sfdb_call_stack.obj
 0001:0004bbd0       sf_debug_tm_set_cycle_started_flag 000000018004cbd0 f   sfc_debug:sfdb_call_stack.obj
 0001:0004bc10       sf_debug_tm_get_chart_number_from_stack 000000018004cc10 f   sfc_debug:sfdb_call_stack.obj
 0001:0004be10       sf_debug_tm_browse_trace   000000018004ce10 f   sfc_debug:sfdb_call_stack.obj
 0001:0004c120       sf_debug_cd_initialize_instance 000000018004d120 f   sfc_debug:sfdb_cycle_detection.obj
 0001:0004c3d0       sf_debug_cd_mark_processed_transition_in_instance 000000018004d3d0 f   sfc_debug:sfdb_cycle_detection.obj
 0001:0004c470       sf_debug_cd_checksum_push  000000018004d470 f   sfc_debug:sfdb_cycle_detection.obj
 0001:0004c720       sf_debug_cd_checksum_pop   000000018004d720 f   sfc_debug:sfdb_cycle_detection.obj
 0001:0004c790       sf_debug_cd_turn_off_cycle_detection 000000018004d790 f   sfc_debug:sfdb_cycle_detection.obj
 0001:0004c7e0       sf_debug_cd_terminate      000000018004d7e0 f   sfc_debug:sfdb_cycle_detection.obj
 0001:0004ca10       md5_initialize_state       000000018004da10 f   sfc_debug:ckmd5.obj
 0001:0004d4a0       md5_update_state           000000018004e4a0 f   sfc_debug:ckmd5.obj
 0001:0004d4c0       md5_get_hash               000000018004e4c0 f   sfc_debug:ckmd5.obj
 0001:0004d4f0       md5_get_hash_for_a_single_string 000000018004e4f0 f   sfc_debug:ckmd5.obj
 0001:0004d550       mxGetPr                    000000018004e550 f   libmx:libmx.dll
 0001:0004d556       mxCreateDoubleScalar       000000018004e556 f   libmx:libmx.dll
 0001:0004d55c       mxCreateDoubleMatrix_730   000000018004e55c f   libmx:libmx.dll
 0001:0004d562       mxSetField_730             000000018004e562 f   libmx:libmx.dll
 0001:0004d568       mxCreateString             000000018004e568 f   libmx:libmx.dll
 0001:0004d56e       mxCreateStructMatrix_730   000000018004e56e f   libmx:libmx.dll
 0001:0004d574       mxCreateCellMatrix_730     000000018004e574 f   libmx:libmx.dll
 0001:0004d57a       mxDestroyArray             000000018004e57a f   libmx:libmx.dll
 0001:0004d580       mxDuplicateArray           000000018004e580 f   libmx:libmx.dll
 0001:0004d586       mxGetString_730            000000018004e586 f   libmx:libmx.dll
 0001:0004d58c       mxIsChar                   000000018004e58c f   libmx:libmx.dll
 0001:0004d592       mxGetClassID               000000018004e592 f   libmx:libmx.dll
 0001:0004d598       mxIsNumeric                000000018004e598 f   libmx:libmx.dll
 0001:0004d59e       mxIsComplex                000000018004e59e f   libmx:libmx.dll
 0001:0004d5a4       mxGetN                     000000018004e5a4 f   libmx:libmx.dll
 0001:0004d5aa       mxGetM                     000000018004e5aa f   libmx:libmx.dll
 0001:0004d5b0       mxCalloc                   000000018004e5b0 f   libmx:libmx.dll
 0001:0004d5b6       mxGetScalar                000000018004e5b6 f   libmx:libmx.dll
 0001:0004d5bc       mxIsLogical                000000018004e5bc f   libmx:libmx.dll
 0001:0004d5c2       mxCreateDoubleMatrix_700   000000018004e5c2 f   libmx:libmx.dll
 0001:0004d5c8       mxFree                     000000018004e5c8 f   libmx:libmx.dll
 0001:0004d5ce       mxArrayToString            000000018004e5ce f   libmx:libmx.dll
 0001:0004d5d4       mxCreateCellMatrix_700     000000018004e5d4 f   libmx:libmx.dll
 0001:0004d5da       mxSetCell_700              000000018004e5da f   libmx:libmx.dll
 0001:0004d5e0       mxGetCell_700              000000018004e5e0 f   libmx:libmx.dll
 0001:0004d5e6       mxGetClassName             000000018004e5e6 f   libmx:libmx.dll
 0001:0004d5ec       mxSetField_700             000000018004e5ec f   libmx:libmx.dll
 0001:0004d5f2       mxAddField                 000000018004e5f2 f   libmx:libmx.dll
 0001:0004d5f8       mxGetField_700             000000018004e5f8 f   libmx:libmx.dll
 0001:0004d5fe       mxGetNumberOfElements      000000018004e5fe f   libmx:libmx.dll
 0001:0004d604       mxIsStruct                 000000018004e604 f   libmx:libmx.dll
 0001:0004d60a       mxIsA                      000000018004e60a f   libmx:libmx.dll
 0001:0004d610       mxIsClass                  000000018004e610 f   libmx:libmx.dll
 0001:0004d616       mxGetLogicals              000000018004e616 f   libmx:libmx.dll
 0001:0004d61c       mxIsSparse                 000000018004e61c f   libmx:libmx.dll
 0001:0004d622       mxSetFieldByNumber_700     000000018004e622 f   libmx:libmx.dll
 0001:0004d628       mxGetFieldByNumber_700     000000018004e628 f   libmx:libmx.dll
 0001:0004d62e       mxGetFieldNameByNumber     000000018004e62e f   libmx:libmx.dll
 0001:0004d634       mxGetNumberOfFields        000000018004e634 f   libmx:libmx.dll
 0001:0004d63a       mxCreateStructMatrix_700   000000018004e63a f   libmx:libmx.dll
 0001:0004d640       mxGetFieldNumber           000000018004e640 f   libmx:libmx.dll
 0001:0004d646       mxIsNaN                    000000018004e646 f   libmx:libmx.dll
 0001:0004d64c       mxIsEmpty                  000000018004e64c f   libmx:libmx.dll
 0001:0004d652       mxGetData                  000000018004e652 f   libmx:libmx.dll
 0001:0004d658       mxGetImagData              000000018004e658 f   libmx:libmx.dll
 0001:0004d65e       mxArrayClassIDName         000000018004e65e f   libmx:libmx.dll
 0001:0004d664       mxCreateNumericMatrix_700  000000018004e664 f   libmx:libmx.dll
 0001:0004d66a       mxCreateStructArray_700    000000018004e66a f   libmx:libmx.dll
 0001:0004d670       mxCalcSingleSubscript_700  000000018004e670 f   libmx:libmx.dll
 0001:0004d676       mxGetDimensions_700        000000018004e676 f   libmx:libmx.dll
 0001:0004d67c       mxGetNumberOfDimensions_700 000000018004e67c f   libmx:libmx.dll
 0001:0004d682       mxCreateNumericArray_700   000000018004e682 f   libmx:libmx.dll
 0001:0004d688       mxGetElementSize           000000018004e688 f   libmx:libmx.dll
 0001:0004d68e       mxCreateStringFromNChars_700 000000018004e68e f   libmx:libmx.dll
 0001:0004d694       mxGetString_700            000000018004e694 f   libmx:libmx.dll
 0001:0004d69a       mxIsLogicalScalarTrue      000000018004e69a f   libmx:libmx.dll
 0001:0004d6a0       mxCreateLogicalScalar      000000018004e6a0 f   libmx:libmx.dll
 0001:0004d6a6       mexUnlock                  000000018004e6a6 f   libmex:libmex.dll
 0001:0004d6ac       mexIsLocked                000000018004e6ac f   libmex:libmex.dll
 0001:0004d6b2       mexWarnMsgTxt              000000018004e6b2 f   libmex:libmex.dll
 0001:0004d6b8       mexCallMATLAB              000000018004e6b8 f   libmex:libmex.dll
 0001:0004d6be       mexErrMsgTxt               000000018004e6be f   libmex:libmex.dll
 0001:0004d6c4       mexMakeArrayPersistent     000000018004e6c4 f   libmex:libmex.dll
 0001:0004d6ca       mexSetTrapFlag             000000018004e6ca f   libmex:libmex.dll
 0001:0004d6d0       mexPutVariable             000000018004e6d0 f   libmex:libmex.dll
 0001:0004d6d6       mexGetVariable             000000018004e6d6 f   libmex:libmex.dll
 0001:0004d6dc       mexLock                    000000018004e6dc f   libmex:libmex.dll
 0001:0004d6e2       mexMakeMemoryPersistent    000000018004e6e2 f   libmex:libmex.dll
 0001:0004d6e8       mexFunctionName            000000018004e6e8 f   libmex:libmex.dll
 0001:0004d6ee       ssRegisterDataTypeFxpFSlopeFixExpBias 000000018004e6ee f   libfixedpoint:libfixedpoint.dll
 0001:0004d6f4       ssRegisterDataTypeFxpScaledDouble 000000018004e6f4 f   libfixedpoint:libfixedpoint.dll
 0001:0004d6fa       utMalloc                   000000018004e6fa f   libut:libut.dll
 0001:0004d700       utFree                     000000018004e700 f   libut:libut.dll
 0001:0004d706       utVSNprintf                000000018004e706 f   libut:libut.dll
 0001:0004d70c       utCPUtime                  000000018004e70c f   libut:libut.dll
 0001:0004d712       utCalloc                   000000018004e712 f   libut:libut.dll
 0001:0004d718       utRealloc                  000000018004e718 f   libut:libut.dll
 0001:0004d71e       muDoubleScalarFloor        000000018004e71e f   libmwmathutil:libmwmathutil.dll
 0001:0004d724       muDoubleScalarAbs          000000018004e724 f   libmwmathutil:libmwmathutil.dll
 0001:0004d72a       muDoubleScalarRound        000000018004e72a f   libmwmathutil:libmwmathutil.dll
 0001:0004d730       muDoubleScalarSin          000000018004e730 f   libmwmathutil:libmwmathutil.dll
 0001:0004d736       muDoubleScalarCos          000000018004e736 f   libmwmathutil:libmwmathutil.dll
 0001:0004d73c       muDoubleScalarPower        000000018004e73c f   libmwmathutil:libmwmathutil.dll
 0001:0004d742       emlrtCreateRootTLS         000000018004e742 f   libemlrt:libemlrt.dll
 0001:0004d748       emlrtDestroyRootTLS        000000018004e748 f   libemlrt:libemlrt.dll
 0001:0004d74e       emlrtCheckBuiltInR2012b    000000018004e74e f   libemlrt:libemlrt.dll
 0001:0004d754       emlrtCheckVsBuiltInR2012b  000000018004e754 f   libemlrt:libemlrt.dll
 0001:0004d75a       emlrtCheckEnumR2012b       000000018004e75a f   libemlrt:libemlrt.dll
 0001:0004d760       emlrtCreateEnumR2012b      000000018004e760 f   libemlrt:libemlrt.dll
 0001:0004d766       emlrtGetEnumElementR2009a  000000018004e766 f   libemlrt:libemlrt.dll
 0001:0004d76c       emlrtCreateReference       000000018004e76c f   libemlrt:libemlrt.dll
 0001:0004d772       emlrtImportVsFiArrayR2009b 000000018004e772 f   libemlrt:libemlrt.dll
 0001:0004d778       emlrtNameCapturePostProcessR2012a 000000018004e778 f   libemlrt:libemlrt.dll
 0001:0004d77e       emlrtExtractMessageId      000000018004e77e f   libemlrt:libemlrt.dll
 0001:0004d784       emlrtTranslateMessageIDtoLCPstring 000000018004e784 f   libemlrt:libemlrt.dll
 0001:0004d78a       emlrtForLoopVectorIsValidR2011b 000000018004e78a f   libemlrt:libemlrt.dll
 0001:0004d790       emlrtTranslateUTF16MessagetoLCPstring 000000018004e790 f   libemlrt:libemlrt.dll
 0001:0004d796       emlrtGetEnumUnderlyingArrayR2009a 000000018004e796 f   libemlrt:libemlrt.dll
 0001:0004d79c       emlrtIsEnumR2009a          000000018004e79c f   libemlrt:libemlrt.dll
 0001:0004d7a4       __GSHandlerCheckCommon     000000018004e7a4 f   MSVCRT:gshandler.obj
 0001:0004d808       __GSHandlerCheck           000000018004e808 f   MSVCRT:gshandler.obj
 0001:0004d826       strlen                     000000018004e826 f   MSVCRT:MSVCR100.dll
 0001:0004d840       __security_check_cookie    000000018004e840 f   MSVCRT:amdsecgs.obj
 0001:0004d860       memset                     000000018004e860 f   MSVCRT:MSVCR100.dll
 0001:0004d880       __chkstk                   000000018004e880 f   MSVCRT:chkstk.obj
 0001:0004d880       _alloca_probe              000000018004e880     MSVCRT:chkstk.obj
 0001:0004d8ce       strcmp                     000000018004e8ce f   MSVCRT:MSVCR100.dll
 0001:0004d8d4       free                       000000018004e8d4 f   MSVCRT:MSVCR100.dll
 0001:0004d8da       sprintf                    000000018004e8da f   MSVCRT:MSVCR100.dll
 0001:0004d8e0       malloc                     000000018004e8e0 f   MSVCRT:MSVCR100.dll
 0001:0004d8e6       strcat                     000000018004e8e6 f   MSVCRT:MSVCR100.dll
 0001:0004d8ec       memcpy                     000000018004e8ec f   MSVCRT:MSVCR100.dll
 0001:0004d8f4       NtCurrentTeb               000000018004e8f4 f i MSVCRT:crtdll.obj
 0001:0004d960       _CRT_INIT                  000000018004e960 f   MSVCRT:crtdll.obj
 0001:0004dcf8       _DllMainCRTStartup         000000018004ecf8 f   MSVCRT:crtdll.obj
 0001:0004dd36       strncpy                    000000018004ed36 f   MSVCRT:MSVCR100.dll
 0001:0004dd3c       longjmp                    000000018004ed3c f   MSVCRT:MSVCR100.dll
 0001:0004dd42       strncmp                    000000018004ed42 f   MSVCRT:MSVCR100.dll
 0001:0004dd48       ceil                       000000018004ed48 f   MSVCRT:MSVCR100.dll
 0001:0004dd4e       strrchr                    000000018004ed4e f   MSVCRT:MSVCR100.dll
 0001:0004dd54       _setjmp                    000000018004ed54 f   MSVCRT:MSVCR100.dll
 0001:0004dd5a       ldexp                      000000018004ed5a f   MSVCRT:MSVCR100.dll
 0001:0004dd60       __report_gsfailure         000000018004ed60 f   MSVCRT:gs_report.obj
 0001:0004deac       __clean_type_info_names    000000018004eeac f   MSVCRT:tncleanup.obj
 0001:0004deb8       _onexit                    000000018004eeb8 f   MSVCRT:atonexit.obj
 0001:0004df68       atexit                     000000018004ef68 f   MSVCRT:atonexit.obj
 0001:0004df80       _RTC_Initialize            000000018004ef80 f   MSVCRT:_initsect_.obj
 0001:0004dfb8       _RTC_Terminate             000000018004efb8 f   MSVCRT:_initsect_.obj
 0001:0004dff0       _malloc_crt                000000018004eff0 f   MSVCRT:MSVCR100.dll
 0001:0004e000       _ValidateImageBase         000000018004f000 f   MSVCRT:pesect.obj
 0001:0004e030       _FindPESection             000000018004f030 f   MSVCRT:pesect.obj
 0001:0004e080       _IsNonwritableInCurrentImage 000000018004f080 f   MSVCRT:pesect.obj
 0001:0004e0c2       _initterm                  000000018004f0c2 f   MSVCRT:MSVCR100.dll
 0001:0004e0c8       _initterm_e                000000018004f0c8 f   MSVCRT:MSVCR100.dll
 0001:0004e0ce       _encoded_null              000000018004f0ce f   MSVCRT:MSVCR100.dll
 0001:0004e0d4       _amsg_exit                 000000018004f0d4 f   MSVCRT:MSVCR100.dll
 0001:0004e0da       __C_specific_handler       000000018004f0da f   MSVCRT:MSVCR100.dll
 0001:0004e0e0       __CppXcptFilter            000000018004f0e0 f   MSVCRT:MSVCR100.dll
 0001:0004e0e8       DllMain                    000000018004f0e8 f   MSVCRT:dllmain.obj
 0001:0004e10c       __security_init_cookie     000000018004f10c f   MSVCRT:gs_support.obj
 0001:0004e1c0       __crt_debugger_hook        000000018004f1c0 f   MSVCRT:MSVCR100.dll
 0001:0004e1c6       __clean_type_info_names_internal 000000018004f1c6 f   MSVCRT:MSVCR100.dll
 0001:0004e1cc       _unlock                    000000018004f1cc f   MSVCRT:MSVCR100.dll
 0001:0004e1d2       __dllonexit                000000018004f1d2 f   MSVCRT:MSVCR100.dll
 0001:0004e1d8       _lock                      000000018004f1d8 f   MSVCRT:MSVCR100.dll
 0001:0004e1de       EncodePointer              000000018004f1de f   kernel32:KERNEL32.dll
 0001:0004e1e4       DecodePointer              000000018004f1e4 f   kernel32:KERNEL32.dll
 0001:0004e1ea       Sleep                      000000018004f1ea f   kernel32:KERNEL32.dll
 0001:0004e1f0       TerminateProcess           000000018004f1f0 f   kernel32:KERNEL32.dll
 0001:0004e1f6       GetCurrentProcess          000000018004f1f6 f   kernel32:KERNEL32.dll
 0001:0004e1fc       UnhandledExceptionFilter   000000018004f1fc f   kernel32:KERNEL32.dll
 0001:0004e202       SetUnhandledExceptionFilter 000000018004f202 f   kernel32:KERNEL32.dll
 0001:0004e208       IsDebuggerPresent          000000018004f208 f   kernel32:KERNEL32.dll
 0001:0004e20e       RtlVirtualUnwind           000000018004f20e f   kernel32:KERNEL32.dll
 0001:0004e214       RtlLookupFunctionEntry     000000018004f214 f   kernel32:KERNEL32.dll
 0001:0004e21a       RtlCaptureContext          000000018004f21a f   kernel32:KERNEL32.dll
 0001:0004e220       DisableThreadLibraryCalls  000000018004f220 f   kernel32:KERNEL32.dll
 0001:0004e226       QueryPerformanceCounter    000000018004f226 f   kernel32:KERNEL32.dll
 0001:0004e22c       GetTickCount               000000018004f22c f   kernel32:KERNEL32.dll
 0001:0004e232       GetCurrentThreadId         000000018004f232 f   kernel32:KERNEL32.dll
 0001:0004e238       GetCurrentProcessId        000000018004f238 f   kernel32:KERNEL32.dll
 0001:0004e23e       GetSystemTimeAsFileTime    000000018004f23e f   kernel32:KERNEL32.dll
 0002:00000000       __imp_RtlLookupFunctionEntry 0000000180050000     kernel32:KERNEL32.dll
 0002:00000008       __imp_RtlVirtualUnwind     0000000180050008     kernel32:KERNEL32.dll
 0002:00000010       __imp_IsDebuggerPresent    0000000180050010     kernel32:KERNEL32.dll
 0002:00000018       __imp_SetUnhandledExceptionFilter 0000000180050018     kernel32:KERNEL32.dll
 0002:00000020       __imp_UnhandledExceptionFilter 0000000180050020     kernel32:KERNEL32.dll
 0002:00000028       __imp_GetCurrentProcess    0000000180050028     kernel32:KERNEL32.dll
 0002:00000030       __imp_TerminateProcess     0000000180050030     kernel32:KERNEL32.dll
 0002:00000038       __imp_Sleep                0000000180050038     kernel32:KERNEL32.dll
 0002:00000040       __imp_DecodePointer        0000000180050040     kernel32:KERNEL32.dll
 0002:00000048       __imp_EncodePointer        0000000180050048     kernel32:KERNEL32.dll
 0002:00000050       __imp_DisableThreadLibraryCalls 0000000180050050     kernel32:KERNEL32.dll
 0002:00000058       __imp_QueryPerformanceCounter 0000000180050058     kernel32:KERNEL32.dll
 0002:00000060       __imp_GetTickCount         0000000180050060     kernel32:KERNEL32.dll
 0002:00000068       __imp_GetCurrentThreadId   0000000180050068     kernel32:KERNEL32.dll
 0002:00000070       __imp_GetCurrentProcessId  0000000180050070     kernel32:KERNEL32.dll
 0002:00000078       __imp_GetSystemTimeAsFileTime 0000000180050078     kernel32:KERNEL32.dll
 0002:00000080       __imp_RtlCaptureContext    0000000180050080     kernel32:KERNEL32.dll
 0002:00000088       \177KERNEL32_NULL_THUNK_DATA 0000000180050088     kernel32:KERNEL32.dll
 0002:00000090       __imp_ldexp                0000000180050090     MSVCRT:MSVCR100.dll
 0002:00000098       __imp__onexit              0000000180050098     MSVCRT:MSVCR100.dll
 0002:000000a0       __imp__lock                00000001800500a0     MSVCRT:MSVCR100.dll
 0002:000000a8       __imp___dllonexit          00000001800500a8     MSVCRT:MSVCR100.dll
 0002:000000b0       __imp__unlock              00000001800500b0     MSVCRT:MSVCR100.dll
 0002:000000b8       __imp___clean_type_info_names_internal 00000001800500b8     MSVCRT:MSVCR100.dll
 0002:000000c0       __imp___crt_debugger_hook  00000001800500c0     MSVCRT:MSVCR100.dll
 0002:000000c8       __imp___CppXcptFilter      00000001800500c8     MSVCRT:MSVCR100.dll
 0002:000000d0       __imp___C_specific_handler 00000001800500d0     MSVCRT:MSVCR100.dll
 0002:000000d8       __imp__amsg_exit           00000001800500d8     MSVCRT:MSVCR100.dll
 0002:000000e0       __imp__encoded_null        00000001800500e0     MSVCRT:MSVCR100.dll
 0002:000000e8       __imp__initterm_e          00000001800500e8     MSVCRT:MSVCR100.dll
 0002:000000f0       __imp__initterm            00000001800500f0     MSVCRT:MSVCR100.dll
 0002:000000f8       __imp__malloc_crt          00000001800500f8     MSVCRT:MSVCR100.dll
 0002:00000100       __imp_strlen               0000000180050100     MSVCRT:MSVCR100.dll
 0002:00000108       __imp__setjmp              0000000180050108     MSVCRT:MSVCR100.dll
 0002:00000110       __imp_strrchr              0000000180050110     MSVCRT:MSVCR100.dll
 0002:00000118       __imp_ceil                 0000000180050118     MSVCRT:MSVCR100.dll
 0002:00000120       __imp_strncmp              0000000180050120     MSVCRT:MSVCR100.dll
 0002:00000128       __imp_longjmp              0000000180050128     MSVCRT:MSVCR100.dll
 0002:00000130       __imp_strncpy              0000000180050130     MSVCRT:MSVCR100.dll
 0002:00000138       __imp_memcpy               0000000180050138     MSVCRT:MSVCR100.dll
 0002:00000140       __imp_strcat               0000000180050140     MSVCRT:MSVCR100.dll
 0002:00000148       __imp_malloc               0000000180050148     MSVCRT:MSVCR100.dll
 0002:00000150       __imp_sprintf              0000000180050150     MSVCRT:MSVCR100.dll
 0002:00000158       __imp_free                 0000000180050158     MSVCRT:MSVCR100.dll
 0002:00000160       __imp_strcmp               0000000180050160     MSVCRT:MSVCR100.dll
 0002:00000168       __imp_memset               0000000180050168     MSVCRT:MSVCR100.dll
 0002:00000170       \177MSVCR100_NULL_THUNK_DATA 0000000180050170     MSVCRT:MSVCR100.dll
 0002:00000178       __imp_emlrtIsEnumR2009a    0000000180050178     libemlrt:libemlrt.dll
 0002:00000180       __imp_emlrtCreateRootTLS   0000000180050180     libemlrt:libemlrt.dll
 0002:00000188       __imp_emlrtGetEnumUnderlyingArrayR2009a 0000000180050188     libemlrt:libemlrt.dll
 0002:00000190       __imp_emlrtTranslateUTF16MessagetoLCPstring 0000000180050190     libemlrt:libemlrt.dll
[...]
 0001:00023ee0       sf_mex_check_complex       0000000180024ee0 f   sfc_mex:sfc_mex.obj
 0001:00023f70       sf_mex_check_sparse        0000000180024f70 f   sfc_mex:sfc_mex.obj
 0001:00023fd0       sf_mex_check_numerictype   0000000180024fd0 f   sfc_mex:sfc_mex.obj
 0001:00024160       sf_mex_check_fimath        0000000180025160 f   sfc_mex:sfc_mex.obj
 0001:00024cc0       size_mismatch_error        0000000180025cc0 f   sfc_mex:sfc_mex.obj
 0001:00025730       check_array_dimensions     0000000180026730 f   sfc_mex:sfc_mex.obj
 0001:000257a0       check_input_mxarray        00000001800267a0 f   sfc_mex:sfc_mex.obj
 0001:00025ee0       sf_numeric_value_to_double 0000000180026ee0 f   sfc_mex:sfc_mex.obj
 0001:00025f30       ml_generic_out_of_bounds_check 0000000180026f30 f   sfc_mex:sfc_mex.obj
 0001:000260f0       ml_get_element_value_from_array 00000001800270f0 f   sfc_mex:sfc_mex.obj
 0001:00026490       _ml_generic_castability_check 0000000180027490 f   sfc_mex:sfc_mex.obj
 0001:00026be0       ml_generic_castability_check 0000000180027be0 f   sfc_mex:sfc_mex.obj
 0001:00026c80       ml_check_mx_array_for_single_castability 0000000180027c80 f   sfc_mex:sfc_mex.obj
 0001:00026d20       ml_check_mx_array_for_logical_castability 0000000180027d20 f   sfc_mex:sfc_mex.obj
 0001:00026dc0       ml_check_mx_array_for_int8_castability 0000000180027dc0 f   sfc_mex:sfc_mex.obj
 0001:00026e70       ml_check_mx_array_for_uint8_castability 0000000180027e70 f   sfc_mex:sfc_mex.obj
 0001:00026ed0       ml_check_mx_array_for_int16_castability 0000000180027ed0 f   sfc_mex:sfc_mex.obj
 0001:00026f30       ml_check_mx_array_for_uint16_castability 0000000180027f30 f   sfc_mex:sfc_mex.obj
 0001:00026f90       ml_check_mx_array_for_int32_castability 0000000180027f90 f   sfc_mex:sfc_mex.obj
 0001:00026ff0       ml_check_mx_array_for_uint32_castability 0000000180027ff0 f   sfc_mex:sfc_mex.obj
 0001:00027050       ml_check_mx_array_for_castability 0000000180028050 f   sfc_mex:sfc_mex.obj
 0001:00027870       set_data_value             0000000180028870 f   sfc_mex:sfc_mex.obj
 0001:00027be0       get_data_value             0000000180028be0 f   sfc_mex:sfc_mex.obj
 0001:00027cf0       get_next_element_address   0000000180028cf0 f   sfc_mex:sfc_mex.obj
 0001:00027dc0       sf_normalize_index         0000000180028dc0 f   sfc_mex:sfc_mex.obj
 0001:00028170       ml_array_index_bound_check 0000000180029170 f   sfc_mex:sfc_mex.obj
 0001:00028cf0       mx_value                   0000000180029cf0 f   sfc_mex:sfc_mex.obj
 0001:00028d40       sf_create_numeric_array    0000000180029d40 f   sfc_mex:sfc_mex.obj
 0001:00028de0       sf_mex_assign_to_mx_array  0000000180029de0 f   sfc_mex:sfc_mex.obj
 0001:00029150       assign_from_mx_array       000000018002a150 f   sfc_mex:sfc_mex.obj
 0001:000298b0       sf_mex_import_v            000000018002a8b0 f   sfc_mex:sfc_mex.obj
 0001:00029fc0       get_machine_and_chart_file_number 000000018002afc0 f   sfc_mex:sfc_sf.obj
 0001:0002a0b0       get_sfun_block_specialization 000000018002b0b0 f   sfc_mex:sfc_sf.obj
 0001:0002a160       call_sf_machine_global_method_dispatcher 000000018002b160 f   sfc_mex:sfc_sf.obj
 0001:0002a3b0       mdl_zeroCrossings_processing 000000018002b3b0 f   sfc_mex:sfc_sf.obj
 0001:0002a490       mdl_derivatives_processing 000000018002b490 f   sfc_mex:sfc_sf.obj
 0001:0002a770       mdl_outputs_continuous_legacy 000000018002b770 f   sfc_mex:sfc_sf.obj
 0001:0002a7f0       mdl_outputs_processing     000000018002b7f0 f   sfc_mex:sfc_sf.obj
 0001:0002aa60       mdl_enable_processing      000000018002ba60 f   sfc_mex:sfc_sf.obj
 0001:0002ab40       mdl_disable_processing     000000018002bb40 f   sfc_mex:sfc_sf.obj
 0001:0002b9d0       sf_call_output_fcn_enable_disable 000000018002c9d0 f   sfc_mex:sfc_sf.obj
 0001:0002bc50       set_dwork_information_from_mx_array 000000018002cc50 f   sfc_mex:sfc_sf.obj
 0001:0002c540       ptr2mxStruct               000000018002d540 f   sfc_mex:sfc_sf.obj
 0001:0002c850       SNPRINTF_WRAPPER           000000018002d850 f   sfc_debug:sfcdebug.obj
 0001:0002c880       sf_debug_chart_instance_initialized 000000018002d880 f   sfc_debug:sfcdebug.obj
 0001:0002ca20       sfrtAddSize                000000018002da20 f   sfc_debug:sfcdebug.obj
 0001:0002cae0       sfrtGenSizeString          000000018002dae0 f   sfc_debug:sfcdebug.obj
 0001:0002d230       fill_single_message_info   000000018002e230 f   sfc_debug:sfcdebug.obj
 0001:0002d4b0       sf_debug_sim_status_listener 000000018002e4b0 f   sfc_debug:sfcdebug.obj
 0001:0002da40       sf_debug_form_mask_bits    000000018002ea40 f   sfc_debug:sfcdebug.obj
 0001:0002da60       sf_debug_form_sf_data_type_offsets 000000018002ea60 f   sfc_debug:sfcdebug.obj
 0001:0002db20       sf_debug_free_all          000000018002eb20 f   sfc_debug:sfcdebug.obj
 0001:0002dcb0       sf_debug_append_debugger_context 000000018002ecb0 f   sfc_debug:sfcdebug.obj
 0001:0002e020       local_strdup               000000018002f020 f   sfc_debug:sfcdebug.obj
 0001:0002efa0       sf_debug_em_terminate      000000018002ffa0 f   sfc_debug:sfcdebug.obj
 0001:0002efe0       sf_debug_push_eml_function 000000018002ffe0 f   sfc_debug:sfcdebug.obj
 0001:0002f080       sf_debug_pop_eml_function  0000000180030080 f   sfc_debug:sfcdebug.obj
 0001:0002fd20       sf_debug_get_machine_number_from_id_or_name 0000000180030d20 f   sfc_debug:sfcdebug.obj
 0001:0002fe70       sf_debug_get_chart_number_from_id 0000000180030e70 f   sfc_debug:sfcdebug.obj
 0001:00030c50       sf_debug_transfer_control_to_debugger_GUI 0000000180031c50 f   sfc_debug:sfcdebug.obj
 0001:00031bc0       sf_debug_scripts_rehash    0000000180032bc0 f   sfc_debug:sfcdebug.obj
 0001:00031dd0       sf_debug_get_script_line_count 0000000180032dd0 f   sfc_debug:sfcdebug.obj
 0001:00032820       cv_eml_state_cvId          0000000180033820 f   sfc_debug:sfcdebug.obj
 0001:00032890       cv_eml_trans_cvId          0000000180033890 f   sfc_debug:sfcdebug.obj
 0001:00033d10       sf_debug_data_array_bounds_error 0000000180034d10 f   sfc_debug:sfcdebug.obj
 0001:000340c0       eml_debug_runtime_error_doclink 00000001800350c0 f   sfc_debug:sfcdebug.obj
 0001:00034230       sf_debug_runtime_error     0000000180035230 f   sfc_debug:sfcdebug.obj
 0001:000342a0       sf_debug_matlab_error      00000001800352a0 f   sfc_debug:sfcdebug.obj
 0001:00034c10       sf_debug_data_value_error  0000000180035c10 f   sfc_debug:sfcdebug.obj
 0001:000354e0       sf_debug_data_loss_error   00000001800364e0 f   sfc_debug:sfcdebug.obj
 0001:00036400       call_cv_range_check        0000000180037400 f   sfc_debug:sfcdebug.obj
 0001:00036c60       sf_debug_invoke_cycle_detection_code 0000000180037c60 f   sfc_debug:sfcdebug.obj
 0001:000377d0       sf_reset_debug_info_struct 00000001800387d0 f   sfc_debug:sfcdebug.obj
 0001:00037fc0       cv_script_cvId             0000000180038fc0 f   sfc_debug:sfcdebug.obj
 0001:00039180       sfc_api_chart_visible      000000018003a180 f   sfc_debug:sfc_api.obj
 0001:00039210       sfc_api_active_instance    000000018003a210 f   sfc_debug:sfc_api.obj
 0001:000392a0       sfc_api_machine_load       000000018003a2a0 f   sfc_debug:sfc_api.obj
 0001:00039390       sfc_api_debugger_alive     000000018003a390 f   sfc_debug:sfc_api.obj
 0001:000393a0       sfc_api_go                 000000018003a3a0 f   sfc_debug:sfc_api.obj
 0001:000393b0       sfc_api_step_over          000000018003a3b0 f   sfc_debug:sfc_api.obj
 0001:000393c0       sfc_api_step_out           000000018003a3c0 f   sfc_debug:sfc_api.obj
 0001:000393d0       sfc_api_resume             000000018003a3d0 f   sfc_debug:sfc_api.obj
 0001:000393e0       sfc_api_break              000000018003a3e0 f   sfc_debug:sfc_api.obj
 0001:000393f0       sfc_api_stop_debugging     000000018003a3f0 f   sfc_debug:sfc_api.obj
 0001:00039450       sfc_api_is_cycle_detected  000000018003a450 f   sfc_debug:sfc_api.obj
 0001:000394b0       sfc_api_is_array_bounds_detected 000000018003a4b0 f   sfc_debug:sfc_api.obj
 0001:00039510       sfc_api_set_disable_all_breakpoints 000000018003a510 f   sfc_debug:sfc_api.obj
 0001:00039590       sfc_api_disable_all_breakpoints_and_go 000000018003a590 f   sfc_debug:sfc_api.obj
 0001:000395a0       sfc_api_close              000000018003a5a0 f   sfc_debug:sfc_api.obj
 0001:000395b0       sfc_api_browse_data        000000018003a5b0 f   sfc_debug:sfc_api.obj
 0001:00039630       sfc_api_watch_data         000000018003a630 f   sfc_debug:sfc_api.obj
 0001:00039740       sfc_api_extract_message_post_receive_info 000000018003a740 f   sfc_debug:sfc_api.obj
 0001:00039760       sfc_api_assign_data        000000018003a760 f   sfc_debug:sfc_api.obj
 0001:00039810       sfc_api_whos               000000018003a810 f   sfc_debug:sfc_api.obj
 0001:000398a0       sfc_api_get_consistency_info 000000018003a8a0 f   sfc_debug:sfc_api.obj
 0001:000398b0       sfc_api_browse_trace       000000018003a8b0 f   sfc_debug:sfc_api.obj
 0001:000398c0       sfc_api_break_on_chart_entry 000000018003a8c0 f   sfc_debug:sfc_api.obj
 0001:000398f0       sfc_api_break_on_event_broadcast 000000018003a8f0 f   sfc_debug:sfc_api.obj
 0001:00039920       sfc_api_break_on_state_entry 000000018003a920 f   sfc_debug:sfc_api.obj
 0001:00039950       sfc_api_set_watch          000000018003a950 f   sfc_debug:sfc_api.obj
 0001:00039a00       sfc_api_set_breakpoints    000000018003aa00 f   sfc_debug:sfc_api.obj
 0001:00039ac0       sfc_api_set_eml_breakpoints 000000018003aac0 f   sfc_debug:sfc_api.obj
 0001:00039b60       sfc_api_set_script_breakpoints 000000018003ab60 f   sfc_debug:sfc_api.obj
 0001:00039bc0       sfc_api_add_script_breakpoints 000000018003abc0 f   sfc_debug:sfc_api.obj
 0001:00039c20       sfc_api_clear_script_breakpoints 000000018003ac20 f   sfc_debug:sfc_api.obj
 0001:00039c80       sfc_api_query_script_breakpoints 000000018003ac80 f   sfc_debug:sfc_api.obj
 0001:00039cf0       sfc_api_get_script_id      000000018003acf0 f   sfc_debug:sfc_api.obj
 0001:00039db0       sfc_api_get_active_states  000000018003adb0 f   sfc_debug:sfc_api.obj
 0001:00039e40       sfc_api_break_between_times 000000018003ae40 f   sfc_debug:sfc_api.obj
 0001:00039eb0       sfc_api_get_instance_handle 000000018003aeb0 f   sfc_debug:sfc_api.obj
 0001:00039f80       sfc_api_set_animation      000000018003af80 f   sfc_debug:sfc_api.obj
 0001:00039fd0       sfc_api_select_chart       000000018003afd0 f   sfc_debug:sfc_api.obj
 0001:0003a040       sfc_api_select_charts      000000018003b040 f   sfc_debug:sfc_api.obj
 0001:0003a070       sfc_api_cycle_detection_check 000000018003b070 f   sfc_debug:sfc_api.obj
 0001:0003a0c0       sfc_api_data_range_check   000000018003b0c0 f   sfc_debug:sfc_api.obj
 0001:0003a110       sfc_api_transition_conflict_check 000000018003b110 f   sfc_debug:sfc_api.obj
 0001:0003a160       sfc_api_state_consistency_check 000000018003b160 f   sfc_debug:sfc_api.obj
 0001:0003a1b0       sfc_api_set_instance_cv_ids 000000018003b1b0 f   sfc_debug:sfc_api.obj
 0001:0003a2e0       sfc_api_set_script_cv_ids  000000018003b2e0 f   sfc_debug:sfc_api.obj
 0001:0003a3b0       sfc_api_get_current_machine_id 000000018003b3b0 f   sfc_debug:sfc_api.obj
 0001:0003a3e0       sfc_api_get_current_machine_number 000000018003b3e0 f   sfc_debug:sfc_api.obj
 0001:0003a410       sfc_api_get_current_chart_number 000000018003b410 f   sfc_debug:sfc_api.obj
 0001:0003a440       sfc_api_get_current_instance_number 000000018003b440 f   sfc_debug:sfc_api.obj
 0001:0003a470       sfc_api_get_current_instance_handle 000000018003b470 f   sfc_debug:sfc_api.obj
 0001:0003a490       sfc_api_get_current_is_minor_time_step 000000018003b490 f   sfc_debug:sfc_api.obj
 0001:0003a4c0       sfc_api_get_current_machine_name 000000018003b4c0 f   sfc_debug:sfc_api.obj
 0001:0003a4e0       sfc_api_get_current_chart_id 000000018003b4e0 f   sfc_debug:sfc_api.obj
 0001:0003a510       sfc_api_get_current_object_type 000000018003b510 f   sfc_debug:sfc_api.obj
 0001:0003a540       sfc_api_get_current_event_type 000000018003b540 f   sfc_debug:sfc_api.obj
 0001:0003a570       sfc_api_get_current_object_id 000000018003b570 f   sfc_debug:sfc_api.obj
 0001:0003a5a0       sfc_get_current_active_event_type 000000018003b5a0 f   sfc_debug:sfc_api.obj
 0001:0003a5d0       sfc_api_get_current_active_event_id 000000018003b5d0 f   sfc_debug:sfc_api.obj
 0001:0003a600       sfc_api_get_current_simulation_time 000000018003b600 f   sfc_debug:sfc_api.obj
 0001:0003a620       sfc_get_current_tag_type   000000018003b620 f   sfc_debug:sfc_api.obj
 0001:0003a650       sfc_get_current_coverage_percentage 000000018003b650 f   sfc_debug:sfc_api.obj
 0001:0003a670       sfc_get_current_statement_context 000000018003b670 f   sfc_debug:sfc_api.obj
 0001:0003a690       sfc_get_current_optional_integer 000000018003b690 f   sfc_debug:sfc_api.obj
 0001:0003a6c0       sfc_get_current_statement_info 000000018003b6c0 f   sfc_debug:sfc_api.obj
 0001:0003a760       sfc_api_get                000000018003b760 f   sfc_debug:sfc_api.obj
 0001:0003b3c0       sf_debug_sm_fill_state_activity_data 000000018003c3c0 f   sfc_debug:sfdb_animation.obj
 0001:0003dc00       void_ptr_stack_vector_free_total 000000018003ec00 f   sfc_debug:sfdb_data_browse.obj
 0001:0003dc80       sf_debug_st_terminate_machine 000000018003ec80 f   sfc_debug:sfdb_data_browse.obj
 0001:0003dcc0       sf_debug_st_terminate_instance 000000018003ecc0 f   sfc_debug:sfdb_data_browse.obj
 0001:0003e070       push_on_to_void_ptr_stack  000000018003f070 f   sfc_debug:sfdb_data_browse.obj
 0001:0003e200       pop_from_void_ptr_stack    000000018003f200 f   sfc_debug:sfdb_data_browse.obj
 0001:0003e330       sf_debug_st_get_data_value 000000018003f330 f   sfc_debug:sfdb_data_browse.obj
 0001:0003e860       mx_value                   000000018003f860 f   sfc_debug:sfdb_data_browse.obj
 0001:0003e8a0       sf_debug_st_fill_data_struct 000000018003f8a0 f   sfc_debug:sfdb_data_browse.obj
 0001:0003ebe0       data_type_format_strings   000000018003fbe0 f   sfc_debug:sfdb_data_browse.obj
 0001:0003ec90       sf_debug_st_fill_data      000000018003fc90 f   sfc_debug:sfdb_data_browse.obj
 0001:0003f980       sf_debug_hm_get_simulink_handle 0000000180040980 f   sfc_debug:sfdb_handle_management.obj
 0001:00040430       sf_debug_hm_initialize_globals 0000000180041430 f   sfc_debug:sfdb_handle_management.obj
 0001:00040530       sf_debug_hm_get_machine_debug_flag 0000000180041530 f   sfc_debug:sfdb_handle_management.obj
 0001:000406a0       sf_debug_hm_get_machine_id 00000001800416a0 f   sfc_debug:sfdb_handle_management.obj
 0001:000407c0       sf_debug_hm_get_chart_id   00000001800417c0 f   sfc_debug:sfdb_handle_management.obj
 0001:00040960       sf_debug_hm_register_executing_SFunction 0000000180041960 f   sfc_debug:sfdb_handle_management.obj
 0001:00040cf0       sf_debug_hm_form_object_boolean_properties 0000000180041cf0 f   sfc_debug:sfdb_handle_management.obj
 0001:00040fc0       sf_debug_hm_form_object_properties 0000000180041fc0 f   sfc_debug:sfdb_handle_management.obj
 0001:00041200       sf_debug_hm_terminate_charts 0000000180042200 f   sfc_debug:sfdb_handle_management.obj
 0001:000418e0       sf_debug_hm_terminate_machines 00000001800428e0 f   sfc_debug:sfdb_handle_management.obj
 0001:00043350       sf_debug_ss_copy_dimension 0000000180044350 f   sfc_debug:sfdb_symbol_scope.obj
 0001:00043410       sf_debug_ss_get_number_elements 0000000180044410 f   sfc_debug:sfdb_symbol_scope.obj
 0001:00043430       sf_debug_ss_fill_data_struct 0000000180044430 f   sfc_debug:sfdb_symbol_scope.obj
 0001:00043780       sf_debug_ss_reset_data_info 0000000180044780 f   sfc_debug:sfdb_symbol_scope.obj
 0001:000437e0       sf_debug_fill_data_info_by_symbol_scope_entry 00000001800447e0 f   sfc_debug:sfdb_symbol_scope.obj
 0001:000438a0       sf_debug_fill_data_info_by_data_vector 00000001800448a0 f   sfc_debug:sfdb_symbol_scope.obj
 0001:00043af0       get_data_info_helper       0000000180044af0 f   sfc_debug:sfdb_symbol_scope.obj
 0001:00043de0       sf_debug_ss_get_data_info  0000000180044de0 f   sfc_debug:sfdb_symbol_scope.obj
 0001:00044000       sf_debug_select_mex_function 0000000180045000 f   sfc_debug:sfdb_symbol_scope.obj
 0001:00044030       sf_debug_is_dyn_matrix_initialized 0000000180045030 f   sfc_debug:sfdb_symbol_scope.obj
 0001:00044050       sf_debug_ss_set_data_value_try 0000000180045050 f   sfc_debug:sfdb_symbol_scope.obj
 0001:00044240       sf_debug_ss_get_data_value 0000000180045240 f   sfc_debug:sfdb_symbol_scope.obj
 0001:000449a0       sf_debug_ss_data_bytes_string 00000001800459a0 f   sfc_debug:sfdb_symbol_scope.obj
 0001:00044a30       sf_debug_ss_data_class_string 0000000180045a30 f   sfc_debug:sfdb_symbol_scope.obj
 0001:00044db0       sf_debug_ss_data_size_string 0000000180045db0 f   sfc_debug:sfdb_symbol_scope.obj
 0001:00044e90       sf_debug_ss_data_create_data_info_struct 0000000180045e90 f   sfc_debug:sfdb_symbol_scope.obj
 0001:00045140       sf_debug_ss_data_create_name_value_pair 0000000180046140 f   sfc_debug:sfdb_symbol_scope.obj
 0001:000451e0       sf_debug_ss_data_get_whos_info 00000001800461e0 f   sfc_debug:sfdb_symbol_scope.obj
 0001:000451f0       same_named_data_in_data_array 00000001800461f0 f   sfc_debug:sfdb_symbol_scope.obj
 0001:00046980       sf_debug_cc_terminate_chart 0000000180047980 f   sfc_debug:sfdb_coverage.obj
 0001:00046c90       sf_debug_cc_terminate_instance 0000000180047c90 f   sfc_debug:sfdb_coverage.obj
 0001:00047860       sf_debug_cc_mark_object_if_needed 0000000180048860 f   sfc_debug:sfdb_coverage.obj
 0001:000480e0       sf_debug_bm_initialize_eml 00000001800490e0 f   sfc_debug:sfdb_breakpoints.obj
 0001:000491a0       sf_debug_bm_map_debug_tag_to_breakpoint_tag 000000018004a1a0 f   sfc_debug:sfdb_breakpoints.obj
 0001:00049280       sf_debug_bm_is_a_eml_breakpoint_impl 000000018004a280 f   sfc_debug:sfdb_breakpoints.obj
 0001:0004abb0       sf_debug_sc_push_on_error_stack 000000018004bbb0 f   sfc_debug:sfdb_state_consistency.obj
 0001:0004acd0       sf_debug_sc_reset_error_stack 000000018004bcd0 f   sfc_debug:sfdb_state_consistency.obj
 0001:0004ae60       sf_debug_sc_is_state_inconsistent 000000018004be60 f   sfc_debug:sfdb_state_consistency.obj
 0001:0004b150       sf_debug_sc_fill_consistency_info 000000018004c150 f   sfc_debug:sfdb_state_consistency.obj
 0001:0004b6f0       void_assertion_fcn         000000018004c6f0 f   sfc_debug:sfdb_call_stack.obj
 0001:0004bc40       sf_debug_tm_fill_local_trace 000000018004cc40 f   sfc_debug:sfdb_call_stack.obj
 0001:0004c1e0       sf_debug_cd_terminate_instance 000000018004d1e0 f   sfc_debug:sfdb_cycle_detection.obj
 0001:0004c240       sf_debug_cd_free_checksum_stack 000000018004d240 f   sfc_debug:sfdb_cycle_detection.obj
 0001:0004c290       sf_debug_cd_reset_pack_strings 000000018004d290 f   sfc_debug:sfdb_cycle_detection.obj
 0001:0004c930       md5file_clear              000000018004d930 f   sfc_debug:ckmd5.obj
 0001:0004c960       Encode                     000000018004d960 f   sfc_debug:ckmd5.obj
 0001:0004c9b0       Decode                     000000018004d9b0 f   sfc_debug:ckmd5.obj
 0001:0004ca50       MD5Transform               000000018004da50 f   sfc_debug:ckmd5.obj
 0001:0004d2b0       md5file_addn               000000018004e2b0 f   sfc_debug:ckmd5.obj
 0001:0004d380       md5file_hash               000000018004e380 f   sfc_debug:ckmd5.obj
 0001:0004d900       pre_c_init                 000000018004e900 f   MSVCRT:crtdll.obj
 0001:0004dbbc       __DllMainCRTStartup        000000018004ebbc f   MSVCRT:crtdll.obj
 0001:0004e250       __DllMainCRTStartup$filt$0 000000018004f250 f   MSVCRT:crtdll.obj
 0001:0004e280       __DllMainCRTStartup$fin$1  000000018004f280 f   MSVCRT:crtdll.obj
 0001:0004e29a       _onexit$fin$0              000000018004f29a f   MSVCRT:atonexit.obj
 0001:0004e2c0       _IsNonwritableInCurrentImage$filt$0 000000018004f2c0 f   MSVCRT:pesect.obj
