 compassGaitSim_sfun

 Timestamp is 540574fa (Tue Sep 02 17:42:50 2014)

 Preferred load address is 0000000180000000

 Start         Length     Name                   Class
 0001:00000000 0004de94H .text                   CODE
 0001:0004dea0 00000092H .text$x                 CODE
 0002:00000000 000004c0H .idata$5                DATA
 0002:000004c0 00000008H .CRT$XCA                DATA
 0002:000004c8 00000008H .CRT$XCZ                DATA
 0002:000004d0 00000008H .CRT$XIA                DATA
 0002:000004d8 00000008H .CRT$XIAA               DATA
 0002:000004e0 00000008H .CRT$XIZ                DATA
 0002:000004f0 00004bccH .rdata                  DATA
 0002:000050c0 00000008H .rtc$IAA                DATA
 0002:000050c8 00000008H .rtc$IZZ                DATA
 0002:000050d0 00000008H .rtc$TAA                DATA
 0002:000050d8 00000008H .rtc$TZZ                DATA
 0002:000050e0 00004434H .xdata                  DATA
 0002:00009514 000000a0H .idata$2                DATA
 0002:000095b4 00000014H .idata$3                DATA
 0002:000095c8 000004c0H .idata$4                DATA
 0002:00009a88 00000b2eH .idata$6                DATA
 0002:0000a5c0 00000059H .edata                  DATA
 0003:00000000 000062b8H .data                   DATA
 0003:000062c0 00002438H .bss                    DATA
 0004:00000000 000034e0H .pdata                  DATA

  Address         Publics by Value              Rva+Base               Lib:Object

 0000:00000000       ___safe_se_handler_table   0000000000000000     <absolute>
 0000:00000000       ___safe_se_handler_count   0000000000000000     <absolute>
 0000:00000000       __ImageBase                0000000180000000     <linker-defined>
 0001:00000000       sf_c1_compassGaitSim_get_eml_resolved_functions_info 0000000180001000 f   c1_compassGaitSim.obj
 0001:00002040       sf_c1_compassGaitSim_get_check_sum 0000000180003040 f   c1_compassGaitSim.obj
 0001:000020c0       sf_c1_compassGaitSim_get_autoinheritance_info 00000001800030c0 f   c1_compassGaitSim.obj
 0001:000032e0       sf_c1_compassGaitSim_third_party_uses_info 00000001800042e0 f   c1_compassGaitSim.obj
 0001:00003310       sf_internal_get_sim_state_c1_compassGaitSim 0000000180004310 f   c1_compassGaitSim.obj
 0001:00003730       sf_internal_set_sim_state_c1_compassGaitSim 0000000180004730 f   c1_compassGaitSim.obj
 0001:00003b70       c1_compassGaitSim_method_dispatcher 0000000180004b70 f   c1_compassGaitSim.obj
 0001:0000a7b0       sf_c2_compassGaitSim_get_eml_resolved_functions_info 000000018000b7b0 f   c2_compassGaitSim.obj
 0001:0000b540       sf_c2_compassGaitSim_get_check_sum 000000018000c540 f   c2_compassGaitSim.obj
 0001:0000b5c0       sf_c2_compassGaitSim_get_autoinheritance_info 000000018000c5c0 f   c2_compassGaitSim.obj
 0001:0000ca60       sf_c2_compassGaitSim_third_party_uses_info 000000018000da60 f   c2_compassGaitSim.obj
 0001:0000ca90       sf_internal_get_sim_state_c2_compassGaitSim 000000018000da90 f   c2_compassGaitSim.obj
 0001:0000ceb0       sf_internal_set_sim_state_c2_compassGaitSim 000000018000deb0 f   c2_compassGaitSim.obj
 0001:0000d2f0       c2_compassGaitSim_method_dispatcher 000000018000e2f0 f   c2_compassGaitSim.obj
 0001:00014f90       sf_c4_compassGaitSim_get_eml_resolved_functions_info 0000000180015f90 f   c4_compassGaitSim.obj
 0001:00015e60       sf_c4_compassGaitSim_get_check_sum 0000000180016e60 f   c4_compassGaitSim.obj
 0001:00015ee0       sf_c4_compassGaitSim_get_autoinheritance_info 0000000180016ee0 f   c4_compassGaitSim.obj
 0001:00016d30       sf_c4_compassGaitSim_third_party_uses_info 0000000180017d30 f   c4_compassGaitSim.obj
 0001:00016d60       sf_internal_get_sim_state_c4_compassGaitSim 0000000180017d60 f   c4_compassGaitSim.obj
 0001:00017170       sf_internal_set_sim_state_c4_compassGaitSim 0000000180018170 f   c4_compassGaitSim.obj
 0001:000176a0       c4_compassGaitSim_method_dispatcher 00000001800186a0 f   c4_compassGaitSim.obj
 0001:0001bb10       sf_process_check_sum_call  000000018001cb10 f   compassGaitSim_sfun_registry.obj
 0001:0001bb60       sf_process_autoinheritance_call 000000018001cb60 f   compassGaitSim_sfun_registry.obj
 0001:0001bd00       sf_process_get_third_party_uses_info_call 000000018001cd00 f   compassGaitSim_sfun_registry.obj
 0001:0001bea0       sf_process_get_eml_resolved_functions_info_call 000000018001cea0 f   compassGaitSim_sfun_registry.obj
 0001:0001c020       sf_mex_unlock_call         000000018001d020 f   compassGaitSim_sfun_registry.obj
 0001:0001c0d0       sf_machine_global_initializer_called 000000018001d0d0 f   compassGaitSim_sfun_registry.obj
 0001:0001c100       sf_machine_global_method_dispatcher 000000018001d100 f   compassGaitSim_sfun_registry.obj
 0001:0001c160       sf_machine_global_terminator 000000018001d160 f   compassGaitSim_sfun_registry.obj
 0001:0001c1b0       sf_register_machine_exported_symbols 000000018001d1b0 f   compassGaitSim_sfun_registry.obj
 0001:0001c1d0       callCustomFcn              000000018001d1d0 f   compassGaitSim_sfun_registry.obj
 0001:0001c1e0       sf_machine_global_initializer 000000018001d1e0 f   compassGaitSim_sfun_registry.obj
 0001:0001c260       _ssSetStateAbsTol          000000018001d260 f   compassGaitSim_sfun_registry.obj
 0001:0001c340       _ssGetAbsTol               000000018001d340 f   compassGaitSim_sfun_registry.obj
 0001:0001c3b0       _ssSetInputPortMatrixDimensions 000000018001d3b0 f   compassGaitSim_sfun_registry.obj
 0001:0001c4c0       _ssSetOutputPortMatrixDimensions 000000018001d4c0 f   compassGaitSim_sfun_registry.obj
 0001:0001c5d0       _ssSetInputPortVectorDimension 000000018001d5d0 f   compassGaitSim_sfun_registry.obj
 0001:0001c6a0       _ssSetOutputPortVectorDimension 000000018001d6a0 f   compassGaitSim_sfun_registry.obj
 0001:0001c770       ssIsRunTimeParamTunable    000000018001d770 f   compassGaitSim_sfun_registry.obj
 0001:0001c7e0       ssGetSFuncBlockHandle      000000018001d7e0 f   compassGaitSim_sfun_registry.obj
 0001:0001c850       _ssGetCurrentInputPortWidth 000000018001d850 f   compassGaitSim_sfun_registry.obj
 0001:0001c970       _ssGetCurrentOutputPortWidth 000000018001d970 f   compassGaitSim_sfun_registry.obj
 0001:0001ca90       _ssGetCallSystemNumFcnCallDestinations 000000018001da90 f   compassGaitSim_sfun_registry.obj
 0001:0001cb00       ssWarning                  000000018001db00 f   compassGaitSim_sfun_registry.obj
 0001:0001cc10       ssGetIsZeroCrossControlDisabled 000000018001dc10 f   compassGaitSim_sfun_registry.obj
 0001:0001cc80       ssSetIsInputPortUsedForContZcSignal 000000018001dc80 f   compassGaitSim_sfun_registry.obj
 0001:0001ccf0       ssSetZcSignalIsZcElementDisc 000000018001dcf0 f   compassGaitSim_sfun_registry.obj
 0001:0001cda0       ssSetZcSignalName          000000018001dda0 f   compassGaitSim_sfun_registry.obj
 0001:0001ce10       ssSetZcSignalWidth         000000018001de10 f   compassGaitSim_sfun_registry.obj
 0001:0001ce80       ssSetZcSignalZcEventType   000000018001de80 f   compassGaitSim_sfun_registry.obj
 0001:0001cef0       ssSetZcSignalType          000000018001def0 f   compassGaitSim_sfun_registry.obj
 0001:0001cf60       ssSetZcSignalZcTol         000000018001df60 f   compassGaitSim_sfun_registry.obj
 0001:0001cfd0       ssSetZcSignalNeedsEventNotification 000000018001dfd0 f   compassGaitSim_sfun_registry.obj
 0001:0001d040       ssCreateAndAddZcSignalInfo 000000018001e040 f   compassGaitSim_sfun_registry.obj
 0001:0001d0b0       ssCloneAndAddZcSignalInfo  000000018001e0b0 f   compassGaitSim_sfun_registry.obj
 0001:0001d120       ssGetNumZcSignals          000000018001e120 f   compassGaitSim_sfun_registry.obj
 0001:0001d190       ssGetZcSignalVector        000000018001e190 f   compassGaitSim_sfun_registry.obj
 0001:0001d200       ssGetZcSignalZcEvents      000000018001e200 f   compassGaitSim_sfun_registry.obj
 0001:0001d270       ssGetZcSignalName          000000018001e270 f   compassGaitSim_sfun_registry.obj
 0001:0001d2e0       ssGetZcSignalWidth         000000018001e2e0 f   compassGaitSim_sfun_registry.obj
 0001:0001d350       ssGetZcSignalZcEventType   000000018001e350 f   compassGaitSim_sfun_registry.obj
 0001:0001d3c0       ssGetZcSignalType          000000018001e3c0 f   compassGaitSim_sfun_registry.obj
 0001:0001d430       ssGetZcSignalZcTol         000000018001e430 f   compassGaitSim_sfun_registry.obj
 0001:0001d4b0       ssGetZcSignalNeedsEventNotification 000000018001e4b0 f   compassGaitSim_sfun_registry.obj
 0001:0001d520       ssGetZcSignalIsZcElementDisc 000000018001e520 f   compassGaitSim_sfun_registry.obj
 0001:0001d5c0       ssGetIsInputPortElementContinuous 000000018001e5c0 f   compassGaitSim_sfun_registry.obj
 0001:0001d660       _ssGetInputPortSignalPtrsFcn 000000018001e660 f   compassGaitSim_sfun_registry.obj
 0001:0001d920       _ssGetInputPortSignalFcn   000000018001e920 f   compassGaitSim_sfun_registry.obj
 0001:0001db40       _ssSetInputPortDirectFeedThroughFcn 000000018001eb40 f   compassGaitSim_sfun_registry.obj
 0001:0001dca0       _ssSetInputPortReusableFcn 000000018001eca0 f   compassGaitSim_sfun_registry.obj
 0001:0001dd90       _ssSetOutputPortReusableFcn 000000018001ed90 f   compassGaitSim_sfun_registry.obj
 0001:0001de70       ssGetDTypeIdFromMxArray    000000018001ee70 f   compassGaitSim_sfun_registry.obj
 0001:0001df90       ssWriteRTWStr              000000018001ef90 f   compassGaitSim_sfun_registry.obj
 0001:0001dff0       ssWriteRTWMxVectParam      000000018001eff0 f   compassGaitSim_sfun_registry.obj
 0001:0001e050       ssWriteRTWMx2dMatParam     000000018001f050 f   compassGaitSim_sfun_registry.obj
 0001:0001e0d0       ssWriteRTWNameValuePair    000000018001f0d0 f   compassGaitSim_sfun_registry.obj
 0001:0001e5c0       ssWriteRTWParameters       000000018001f5c0 f   compassGaitSim_sfun_registry.obj
 0001:0001ebc0       ssWriteRTWParamSettings    000000018001fbc0 f   compassGaitSim_sfun_registry.obj
 0001:0001f290       ssWriteRTWWorkVect         0000000180020290 f   compassGaitSim_sfun_registry.obj
 0001:0001f790       mexFunction                0000000180020790 f   compassGaitSim_sfun_registry.obj
 0001:000214c0       ProcessMexSfunctionEveryCall 00000001800224c0 f   compassGaitSim_sfun_registry.obj
 0001:00021630       compassGaitSim_initializer 0000000180022630 f   compassGaitSim_sfun.obj
 0001:00021640       compassGaitSim_terminator  0000000180022640 f   compassGaitSim_sfun.obj
 0001:00021650       sf_compassGaitSim_method_dispatcher 0000000180022650 f   compassGaitSim_sfun.obj
 0001:000216e0       sf_compassGaitSim_process_check_sum_call 00000001800226e0 f   compassGaitSim_sfun.obj
 0001:00021b20       sf_compassGaitSim_autoinheritance_info 0000000180022b20 f   compassGaitSim_sfun.obj
 0001:00021d30       sf_compassGaitSim_get_eml_resolved_functions_info 0000000180022d30 f   compassGaitSim_sfun.obj
 0001:00021ee0       sf_compassGaitSim_third_party_uses_info 0000000180022ee0 f   compassGaitSim_sfun.obj
 0001:00022090       compassGaitSim_debug_initialize 0000000180023090 f   compassGaitSim_sfun.obj
 0001:00022110       compassGaitSim_register_exported_symbols 0000000180023110 f   compassGaitSim_sfun.obj
 0001:00022120       load_compassGaitSim_optimization_info 0000000180023120 f   compassGaitSim_sfun.obj
 0001:00022170       unload_compassGaitSim_optimization_info 0000000180023170 f   compassGaitSim_sfun.obj
 0001:00022290       sf_mex_mx_is_numeric       0000000180023290 f   sfc_mex:sfc_mex.obj
 0001:000222d0       strcmp_ignore_ws           00000001800232d0 f   sfc_mex:sfc_mex.obj
 0001:00022410       sf_mex_duplicatearraysafe  0000000180023410 f   sfc_mex:sfc_mex.obj
 0001:00022570       sf_set_error_debugger_context_message_fcn 0000000180023570 f   sfc_mex:sfc_mex.obj
 0001:00022580       sf_set_debugger_matlab_error_fcn 0000000180023580 f   sfc_mex:sfc_mex.obj
 0001:000225c0       sf_set_error_prefix_string 00000001800235c0 f   sfc_mex:sfc_mex.obj
 0001:000225f0       sf_get_error_prefix_string 00000001800235f0 f   sfc_mex:sfc_mex.obj
 0001:00022600       sf_mex_enter_parallel_region 0000000180023600 f   sfc_mex:sfc_mex.obj
 0001:00022610       sf_mex_exit_parallel_region 0000000180023610 f   sfc_mex:sfc_mex.obj
 0001:00022620       sf_get_current_jmp_buf_ptr 0000000180023620 f   sfc_mex:sfc_mex.obj
 0001:00022630       sf_set_current_jmp_buf_ptr 0000000180023630 f   sfc_mex:sfc_mex.obj
 0001:00022640       sf_mex_set_halt_simulation 0000000180023640 f   sfc_mex:sfc_mex.obj
 0001:00022650       sf_mex_get_halt_simulation 0000000180023650 f   sfc_mex:sfc_mex.obj
 0001:00022660       sf_mex_clear_error_message 0000000180023660 f   sfc_mex:sfc_mex.obj
 0001:00022680       sf_mex_get_error_message_for_read 0000000180023680 f   sfc_mex:sfc_mex.obj
 0001:00022690       sf_mex_get_error_message_buffer_length 0000000180023690 f   sfc_mex:sfc_mex.obj
 0001:00022770       sf_mex_warning_message     0000000180023770 f   sfc_mex:sfc_mex.obj
 0001:000227e0       sf_mex_v_errbuf_createf    00000001800237e0 f   sfc_mex:sfc_mex.obj
 0001:000227f0       sf_mex_errbuf_createf      00000001800237f0 f   sfc_mex:sfc_mex.obj
 0001:00022820       sf_mex_v_errbuf_catf       0000000180023820 f   sfc_mex:sfc_mex.obj
 0001:00022860       sf_mex_errbuf_catf         0000000180023860 f   sfc_mex:sfc_mex.obj
 0001:000228b0       sf_mex_errbuf_copy         00000001800238b0 f   sfc_mex:sfc_mex.obj
 0001:000228c0       sf_mex_errbuf_clear        00000001800238c0 f   sfc_mex:sfc_mex.obj
 0001:000228d0       sf_mex_errbuf_isempty      00000001800238d0 f   sfc_mex:sfc_mex.obj
 0001:000229d0       sf_mex_set_error_status    00000001800239d0 f   sfc_mex:sfc_mex.obj
 0001:00022a20       sf_mex_error_direct_call   0000000180023a20 f   sfc_mex:sfc_mex.obj
 0001:00022a40       sf_mex_error_message_no_long_jump 0000000180023a40 f   sfc_mex:sfc_mex.obj
 0001:00022a60       sf_mex_long_jump_on_error  0000000180023a60 f   sfc_mex:sfc_mex.obj
 0001:00022a90       sf_mex_call_matlab         0000000180023a90 f   sfc_mex:sfc_mex.obj
 0001:00022bb0       sf_mex_check_builtin       0000000180023bb0 f   sfc_mex:sfc_mex.obj
 0001:00022c50       sf_mex_check_builtin_vs    0000000180023c50 f   sfc_mex:sfc_mex.obj
 0001:00022d10       sf_mex_check_enum          0000000180023d10 f   sfc_mex:sfc_mex.obj
 0001:00022d90       sf_mex_create_enum         0000000180023d90 f   sfc_mex:sfc_mex.obj
 0001:00022e00       sf_mex_get_enum_element    0000000180023e00 f   sfc_mex:sfc_mex.obj
 0001:00022e10       sf_mex_createcellarray     0000000180023e10 f   sfc_mex:sfc_mex.obj
 0001:00022e20       sf_mex_setcell             0000000180023e20 f   sfc_mex:sfc_mex.obj
 0001:00022e30       sf_mex_getcell             0000000180023e30 f   sfc_mex:sfc_mex.obj
 0001:00022e40       sf_mex_dup                 0000000180023e40 f   sfc_mex:sfc_mex.obj
 0001:00022e60       sf_mex_assign              0000000180023e60 f   sfc_mex:sfc_mex.obj
 0001:00022ee0       sf_mex_destroy             0000000180023ee0 f   sfc_mex:sfc_mex.obj
 0001:00022f10       mx_array_has_fi_type       0000000180023f10 f   sfc_mex:sfc_mex.obj
 0001:00022f40       sf_mex_convert_from_fi     0000000180023f40 f   sfc_mex:sfc_mex.obj
 0001:00023070       sf_mex_convert_to_double   0000000180024070 f   sfc_mex:sfc_mex.obj
 0001:00023190       sf_mex_import_fi_vs        0000000180024190 f   sfc_mex:sfc_mex.obj
 0001:000233c0       sf_matrix_matrix_index_ok  00000001800243c0 f   sfc_mex:sfc_mex.obj
 0001:00023450       sf_vector_vector_index_ok  0000000180024450 f   sfc_mex:sfc_mex.obj
 0001:00023480       ssGetCurrentInputPortDimensions_wrapper 0000000180024480 f   sfc_mex:sfc_mex.obj
 0001:000234a0       ssGetCurrentOutputPortDimensions_wrapper 00000001800244a0 f   sfc_mex:sfc_mex.obj
 0001:000234c0       sf_mex_emlrt_context_is_debug_mode 00000001800244c0 f   sfc_mex:sfc_mex.obj
 0001:000234d0       sf_mex_emlrt_context_set_debug_mode 00000001800244d0 f   sfc_mex:sfc_mex.obj
 0001:000234e0       sf_mex_emlrtNameCapturePostProcessR2012a 00000001800244e0 f   sfc_mex:sfc_mex.obj
 0001:00023550       sf_clear_error_manager_info 0000000180024550 f   sfc_mex:sfc_mex.obj
 0001:000235b0       sf_mex_stop_simulation_abruptly_wo_error 00000001800245b0 f   sfc_mex:sfc_mex.obj
 0001:000235f0       sf_mex_error_message       00000001800245f0 f   sfc_mex:sfc_mex.obj
 0001:00023660       sf_react_to_error_in_matlab_call 0000000180024660 f   sfc_mex:sfc_mex.obj
 0001:00023690       sf_mex_addfield            0000000180024690 f   sfc_mex:sfc_mex.obj
 0001:00023730       sf_mex_getfield            0000000180024730 f   sfc_mex:sfc_mex.obj
 0001:00023a30       sf_mex_check_class         0000000180024a30 f   sfc_mex:sfc_mex.obj
 0001:00023ad0       sf_mex_is_real             0000000180024ad0 f   sfc_mex:sfc_mex.obj
 0001:00023f40       sf_mex_decode_encoded_mx_struct_array 0000000180024f40 f   sfc_mex:sfc_mex.obj
 0001:00024230       sf_mex_lw_bounds_check     0000000180025230 f   sfc_mex:sfc_mex.obj
 0001:00024260       sf_mex_lw_size_eq_check_1d 0000000180025260 f   sfc_mex:sfc_mex.obj
 0001:00024280       sf_mex_lw_size_eq_check_nd 0000000180025280 f   sfc_mex:sfc_mex.obj
 0001:00024460       sf_mex_lw_dim_size_eq_check 0000000180025460 f   sfc_mex:sfc_mex.obj
 0001:00024490       sf_mex_lw_dim_size_geq_check 0000000180025490 f   sfc_mex:sfc_mex.obj
 0001:000244c0       sf_mex_lw_sub_assign_size_check_nd 00000001800254c0 f   sfc_mex:sfc_mex.obj
 0001:00024690       sf_mex_lw_runtime_error_msgid 0000000180025690 f   sfc_mex:sfc_mex.obj
 0001:00024780       sf_mex_lw_matrix_matrix_index_check 0000000180025780 f   sfc_mex:sfc_mex.obj
 0001:000247a0       sf_mex_lw_vector_vector_index_check 00000001800257a0 f   sfc_mex:sfc_mex.obj
 0001:000247e0       sf_mex_lw_for_loop_vector_check 00000001800257e0 f   sfc_mex:sfc_mex.obj
 0001:00024870       sf_mex_lw_non_negative_check 0000000180025870 f   sfc_mex:sfc_mex.obj
 0001:000248b0       sf_mex_overflow_error      00000001800258b0 f   sfc_mex:sfc_mex.obj
 0001:000248c0       sf_mex_dividebyzero_error  00000001800258c0 f   sfc_mex:sfc_mex.obj
 0001:000248d0       sf_mex_unsafe_enum_error   00000001800258d0 f   sfc_mex:sfc_mex.obj
 0001:000248e0       sf_emlrtErrHandler         00000001800258e0 f   sfc_mex:sfc_mex.obj
 0001:000249c0       sf_mex_size_one_check      00000001800259c0 f   sfc_mex:sfc_mex.obj
 0001:000249e0       sf_mex_printf              00000001800259e0 f   sfc_mex:sfc_mex.obj
 0001:00024bb0       sf_mex_check_size          0000000180025bb0 f   sfc_mex:sfc_mex.obj
 0001:00024e50       sf_mex_check_struct        0000000180025e50 f   sfc_mex:sfc_mex.obj
 0001:000250b0       sf_mex_check_struct_vs     00000001800260b0 f   sfc_mex:sfc_mex.obj
 0001:00025140       sf_mex_check_fi            0000000180026140 f   sfc_mex:sfc_mex.obj
 0001:00025240       sf_mex_check_fi_vs         0000000180026240 f   sfc_mex:sfc_mex.obj
 0001:000252e0       sf_echo_expression         00000001800262e0 f   sfc_mex:sfc_mex.obj
 0001:00025340       sf_assertion_failed        0000000180026340 f   sfc_mex:sfc_mex.obj
 0001:00025620       sf_mex_evalin              0000000180026620 f   sfc_mex:sfc_mex.obj
 0001:00025890       sf_mex_export              0000000180026890 f   sfc_mex:sfc_mex.obj
 0001:00025950       sf_mex_get_ml_var_no_error 0000000180026950 f   sfc_mex:sfc_mex.obj
 0001:00025af0       sf_mex_get_ml_var          0000000180026af0 f   sfc_mex:sfc_mex.obj
 0001:00025f80       ml_set_element_value_in_array 0000000180026f80 f   sfc_mex:sfc_mex.obj
 0001:00027040       sf_mex_call_impl           0000000180028040 f   sfc_mex:sfc_mex.obj
 0001:00027460       sf_mex_call_debug          0000000180028460 f   sfc_mex:sfc_mex.obj
 0001:00027490       sf_mex_call                0000000180028490 f   sfc_mex:sfc_mex.obj
 0001:00027ae0       sf_mex_createstruct        0000000180028ae0 f   sfc_mex:sfc_mex.obj
 0001:00027bf0       sf_mex_createstructarray   0000000180028bf0 f   sfc_mex:sfc_mex.obj
 0001:00027c70       sf_mex_get_mx_datatype_from_sf_datatype 0000000180028c70 f   sfc_mex:sfc_mex.obj
 0001:00027f80       sf_mex_ml_var_sub          0000000180028f80 f   sfc_mex:sfc_mex.obj
 0001:00028160       sf_mex_ml_var_subsasgn     0000000180029160 f   sfc_mex:sfc_mex.obj
 0001:00028560       sf_mex_sub                 0000000180029560 f   sfc_mex:sfc_mex.obj
 0001:00028770       sf_mex_subsasgn            0000000180029770 f   sfc_mex:sfc_mex.obj
 0001:00028c80       sf_mex_create              0000000180029c80 f   sfc_mex:sfc_mex.obj
 0001:00029620       sf_mex_import_named        000000018002a620 f   sfc_mex:sfc_mex.obj
 0001:00029680       sf_mex_import              000000018002a680 f   sfc_mex:sfc_mex.obj
 0001:000296d0       sf_mex_import_vs           000000018002a6d0 f   sfc_mex:sfc_mex.obj
 0001:000297e0       sf_mex_lower_fixpt_mx_array 000000018002a7e0 f   sfc_mex:sfc_mex.obj
 0001:00029ae0       sf_send_message_wrapper    000000018002aae0 f   sfc_mex:sfc_sf.obj
 0001:00029b10       sf_receive_message_wrapper 000000018002ab10 f   sfc_mex:sfc_sf.obj
 0001:00029b50       sf_check_out_message_wrapper 000000018002ab50 f   sfc_mex:sfc_sf.obj
 0001:00029b90       sf_check_in_message_wrapper 000000018002ab90 f   sfc_mex:sfc_sf.obj
 0001:00029bd0       sf_no_message_wrapper      000000018002abd0 f   sfc_mex:sfc_sf.obj
 0001:00029f60       sim_mode_is_rtw_gen        000000018002af60 f   sfc_mex:sfc_sf.obj
 0001:00029f90       sim_mode_is_external       000000018002af90 f   sfc_mex:sfc_sf.obj
 0001:00029fa0       sim_mode_is_modelref_sim   000000018002afa0 f   sfc_mex:sfc_sf.obj
 0001:00029fc0       mdlInitializeSizes         000000018002afc0 f   sfc_mex:sfc_sf.obj
 0001:00029fe0       mdlInitializeSampleTimes   000000018002afe0 f   sfc_mex:sfc_sf.obj
 0001:0002a020       mdlZeroCrossings           000000018002b020 f   sfc_mex:sfc_sf.obj
 0001:0002a110       mdlDerivatives             000000018002b110 f   sfc_mex:sfc_sf.obj
 0001:0002a1d0       mdl_initialize_conditions_processing 000000018002b1d0 f   sfc_mex:sfc_sf.obj
 0001:0002a200       mdlInitializeConditions    000000018002b200 f   sfc_mex:sfc_sf.obj
 0001:0002a2c0       mdlGetSimState             000000018002b2c0 f   sfc_mex:sfc_sf.obj
 0001:0002a2d0       mdlSetSimState             000000018002b2d0 f   sfc_mex:sfc_sf.obj
 0001:0002a2e0       mdl_ext_mode_exec_processing 000000018002b2e0 f   sfc_mex:sfc_sf.obj
 0001:0002a300       mdlExtModeExec             000000018002b300 f   sfc_mex:sfc_sf.obj
 0001:0002a4a0       mdlTerminate               000000018002b4a0 f   sfc_mex:sfc_sf.obj
 0001:0002a510       mdlRTW                     000000018002b510 f   sfc_mex:sfc_sf.obj
 0001:0002a540       mdlSetWorkWidths           000000018002b540 f   sfc_mex:sfc_sf.obj
 0001:0002a550       mdlProcessParameters       000000018002b550 f   sfc_mex:sfc_sf.obj
 0001:0002a560       mdl_start_processing       000000018002b560 f   sfc_mex:sfc_sf.obj
 0001:0002a5c0       mdlStart                   000000018002b5c0 f   sfc_mex:sfc_sf.obj
 0001:0002a6d0       mdlEnable                  000000018002b6d0 f   sfc_mex:sfc_sf.obj
 0001:0002a7b0       mdlDisable                 000000018002b7b0 f   sfc_mex:sfc_sf.obj
 0001:0002a870       sf_get_chart_instance_ptr  000000018002b870 f   sfc_mex:sfc_sf.obj
 0001:0002a890       sf_load_rtw_optimization_info 000000018002b890 f   sfc_mex:sfc_sf.obj
 0001:0002a960       sf_update_buildInfo        000000018002b960 f   sfc_mex:sfc_sf.obj
 0001:0002aa60       sf_rtw_info_uint_prop      000000018002ba60 f   sfc_mex:sfc_sf.obj
 0001:0002aba0       sf_is_chart_inlinable      000000018002bba0 f   sfc_mex:sfc_sf.obj
 0001:0002abc0       sf_mark_output_events_with_multiple_callers 000000018002bbc0 f   sfc_mex:sfc_sf.obj
 0001:0002ad50       sf_mark_chart_reusable_outputs 000000018002bd50 f   sfc_mex:sfc_sf.obj
 0001:0002afb0       sf_mark_chart_expressionable_inputs 000000018002bfb0 f   sfc_mex:sfc_sf.obj
 0001:0002b210       sf_get_subchart_simstruct  000000018002c210 f   sfc_mex:sfc_sf.obj
 0001:0002b260       sf_get_fixpt_data_type_id  000000018002c260 f   sfc_mex:sfc_sf.obj
 0001:0002b2a0       sf_get_enum_data_type_id   000000018002c2a0 f   sfc_mex:sfc_sf.obj
 0001:0002b2e0       sf_get_param_data_type_id  000000018002c2e0 f   sfc_mex:sfc_sf.obj
 0001:0002b310       sf_mex_listen_for_ctrl_c_force 000000018002c310 f   sfc_mex:sfc_sf.obj
 0001:0002b420       sf_mex_draw_now            000000018002c420 f   sfc_mex:sfc_sf.obj
 0001:0002b460       sf_mex_set_debugger_sim_status_listener_fcn 000000018002c460 f   sfc_mex:sfc_sf.obj
 0001:0002b470       sf_mex_listen_for_ctrl_c   000000018002c470 f   sfc_mex:sfc_sf.obj
 0001:0002b510       sf_mex_get_sfun_param      000000018002c510 f   sfc_mex:sfc_sf.obj
 0001:0002b560       sf_get_runtime_param_data  000000018002c560 f   sfc_mex:sfc_sf.obj
 0001:0002b5a0       sf_call_output_fcn_call    000000018002c5a0 f   sfc_mex:sfc_sf.obj
 0001:0002b6e0       sf_call_output_fcn_enable  000000018002c6e0 f   sfc_mex:sfc_sf.obj
 0001:0002b770       sf_call_output_fcn_disable 000000018002c770 f   sfc_mex:sfc_sf.obj
 0001:0002b800       sf_clear_rtw_identifier    000000018002c800 f   sfc_mex:sfc_sf.obj
 0001:0002c020       sf_set_encoded_dwork_info  000000018002d020 f   sfc_mex:sfc_sf.obj
 0001:0002c070       sf_get_dwork_info_from_mat_file 000000018002d070 f   sfc_mex:sfc_sf.obj
 0001:0002c230       sf_set_rtw_dwork_info      000000018002d230 f   sfc_mex:sfc_sf.obj
 0001:0002c3a0       mdlOutputs                 000000018002d3a0 f   sfc_mex:sfc_sf.obj
 0001:0002c4c0       sf_debug_chart_instance_initialized_quick 000000018002d4c0 f   sfc_debug:sfcdebug.obj
 0001:0002c540       sf_debug_disp              000000018002d540 f   sfc_debug:sfcdebug.obj
 0001:0002c810       sf_debug_data_runtime_size_mismatch_error_check 000000018002d810 f   sfc_debug:sfcdebug.obj
 0001:0002c8c0       sf_debug_try_loading_machine 000000018002d8c0 f   sfc_debug:sfcdebug.obj
 0001:0002c9c0       sf_debug_reset_current_state_configuration 000000018002d9c0 f   sfc_debug:sfcdebug.obj
 0001:0002ca40       sf_debug_store_current_state_configuration 000000018002da40 f   sfc_debug:sfcdebug.obj
 0001:0002cac0       sf_debug_restore_previous_state_configuration 000000018002dac0 f   sfc_debug:sfcdebug.obj
 0001:0002cb40       sf_debug_restore_previous_state_configuration2 000000018002db40 f   sfc_debug:sfcdebug.obj
 0001:0002cbc0       sf_debug_get_event_scope   000000018002dbc0 f   sfc_debug:sfcdebug.obj
 0001:0002cd30       use_debugger_step_animation 000000018002dd30 f   sfc_debug:sfcdebug.obj
 0001:0002cd50       sf_debug_get_script_id     000000018002dd50 f   sfc_debug:sfcdebug.obj
 0001:0002cde0       sf_debug_set_script_translation 000000018002dde0 f   sfc_debug:sfcdebug.obj
 0001:0002cf60       sf_debug_extract_message_post_receive_info 000000018002df60 f   sfc_debug:sfcdebug.obj
 0001:0002d120       sf_debug_get_current_machine_id 000000018002e120 f   sfc_debug:sfcdebug.obj
 0001:0002d140       sf_debug_get_current_optional_integer 000000018002e140 f   sfc_debug:sfcdebug.obj
 0001:0002d150       sf_debug_get_current_machine_number 000000018002e150 f   sfc_debug:sfcdebug.obj
 0001:0002d170       sf_debug_get_current_machine_name 000000018002e170 f   sfc_debug:sfcdebug.obj
 0001:0002d190       sf_debug_get_current_chart_id 000000018002e190 f   sfc_debug:sfcdebug.obj
 0001:0002d1d0       sf_debug_get_current_chart_number 000000018002e1d0 f   sfc_debug:sfcdebug.obj
 0001:0002d1e0       sf_debug_get_current_instance_number 000000018002e1e0 f   sfc_debug:sfcdebug.obj
 0001:0002d1f0       sf_debug_get_current_is_minor_time_step 000000018002e1f0 f   sfc_debug:sfcdebug.obj
 0001:0002d270       sf_debug_get_current_object_type 000000018002e270 f   sfc_debug:sfcdebug.obj
 0001:0002d280       sf_debug_get_current_instance_handle 000000018002e280 f   sfc_debug:sfcdebug.obj
 0001:0002d2e0       sf_debug_get_current_event_type 000000018002e2e0 f   sfc_debug:sfcdebug.obj
 0001:0002d2f0       sf_debug_get_current_object_id 000000018002e2f0 f   sfc_debug:sfcdebug.obj
 0001:0002d330       sf_debug_get_current_active_event_type 000000018002e330 f   sfc_debug:sfcdebug.obj
 0001:0002d340       sf_debug_get_current_active_event_id 000000018002e340 f   sfc_debug:sfcdebug.obj
 0001:0002d380       sf_debug_get_current_tag_type 000000018002e380 f   sfc_debug:sfcdebug.obj
 0001:0002d390       sf_debug_get_current_simulation_time 000000018002e390 f   sfc_debug:sfcdebug.obj
 0001:0002d3a0       sf_debug_get_current_coverage_percentage 000000018002e3a0 f   sfc_debug:sfcdebug.obj
 0001:0002d3b0       sf_debug_current_statement_context 000000018002e3b0 f   sfc_debug:sfcdebug.obj
 0001:0002d430       sf_debug_get_current_statement_info 000000018002e430 f   sfc_debug:sfcdebug.obj
 0001:0002d5d0       sf_debug_terminate_instance 000000018002e5d0 f   sfc_debug:sfcdebug.obj
 0001:0002d8f0       sf_debug_assertion_failed  000000018002e8f0 f   sfc_debug:sfcdebug.obj
 0001:0002dac0       sf_debug_create_debug_instance_struct 000000018002eac0 f   sfc_debug:sfcdebug.obj
 0001:0002db10       sf_debug_set_number_of_data_with_change_event_for_machine 000000018002eb10 f   sfc_debug:sfcdebug.obj
 0001:0002db60       sf_debug_set_machine_event_thresholds 000000018002eb60 f   sfc_debug:sfcdebug.obj
 0001:0002db80       sf_debug_set_machine_event_scope 000000018002eb80 f   sfc_debug:sfcdebug.obj
 0001:0002dbd0       sf_debug_set_machine_data_thresholds 000000018002ebd0 f   sfc_debug:sfcdebug.obj
 0001:0002dc20       sf_debug_set_machine_data_scope 000000018002ec20 f   sfc_debug:sfcdebug.obj
 0001:0002dcc0       sf_debug_set_machine_data_name 000000018002ecc0 f   sfc_debug:sfcdebug.obj
 0001:0002dd70       sf_debug_set_machine_data_size 000000018002ed70 f   sfc_debug:sfcdebug.obj
 0001:0002dec0       sf_debug_set_machine_data_type 000000018002eec0 f   sfc_debug:sfcdebug.obj
 0001:0002e030       sf_debug_get_chart_data_number 000000018002f030 f   sfc_debug:sfcdebug.obj
 0001:0002e050       sf_debug_get_chart_event_number 000000018002f050 f   sfc_debug:sfcdebug.obj
 0001:0002e070       sf_debug_set_chart_state_info 000000018002f070 f   sfc_debug:sfcdebug.obj
 0001:0002e100       sf_debug_set_chart_decomposition 000000018002f100 f   sfc_debug:sfcdebug.obj
 0001:0002e170       sf_debug_set_chart_substate_count 000000018002f170 f   sfc_debug:sfcdebug.obj
 0001:0002e250       sf_debug_set_chart_substate_index 000000018002f250 f   sfc_debug:sfcdebug.obj
 0001:0002e2d0       sf_debug_set_chart_state_substate_count 000000018002f2d0 f   sfc_debug:sfcdebug.obj
 0001:0002e3f0       sf_debug_set_chart_state_substate_index 000000018002f3f0 f   sfc_debug:sfcdebug.obj
 0001:0002e480       sf_debug_set_number_of_data_with_change_event_for_chart 000000018002f480 f   sfc_debug:sfcdebug.obj
 0001:0002e510       sf_debug_set_number_of_states_with_entry_event_for_chart 000000018002f510 f   sfc_debug:sfcdebug.obj
 0001:0002e590       sf_debug_set_number_of_states_with_exit_event_for_chart 000000018002f590 f   sfc_debug:sfcdebug.obj
 0001:0002e610       sf_debug_set_chart_disable_implicit_casting 000000018002f610 f   sfc_debug:sfcdebug.obj
 0001:0002e680       sf_debug_set_chart_event_thresholds 000000018002f680 f   sfc_debug:sfcdebug.obj
 0001:0002e700       sf_debug_set_chart_data_compiled_props 000000018002f700 f   sfc_debug:sfcdebug.obj
 0001:0002ea40       sf_debug_set_chart_data_props 000000018002fa40 f   sfc_debug:sfcdebug.obj
 0001:0002ed60       sf_debug_check_fi_license  000000018002fd60 f   sfc_debug:sfcdebug.obj
 0001:0002ef20       sf_debug_symbol_scope_push 000000018002ff20 f   sfc_debug:sfcdebug.obj
 0001:0002ef60       sf_debug_symbol_scope_push_eml 000000018002ff60 f   sfc_debug:sfcdebug.obj
 0001:0002efb0       sf_debug_symbol_scope_pop  000000018002ffb0 f   sfc_debug:sfcdebug.obj
 0001:0002eff0       sf_debug_symbol_scope_add_importable 000000018002fff0 f   sfc_debug:sfcdebug.obj
 0001:0002f070       sf_debug_symbol_scope_add  0000000180030070 f   sfc_debug:sfcdebug.obj
 0001:0002f0f0       sf_debug_symbol_scope_add_dyn_importable 00000001800300f0 f   sfc_debug:sfcdebug.obj
 0001:0002f1b0       sf_debug_symbol_scope_add_dyn 00000001800301b0 f   sfc_debug:sfcdebug.obj
 0001:0002f1f0       sf_debug_symbol_scope_add_eml_importable 00000001800301f0 f   sfc_debug:sfcdebug.obj
 0001:0002f230       sf_debug_symbol_scope_add_eml 0000000180030230 f   sfc_debug:sfcdebug.obj
 0001:0002f270       sf_debug_symbol_scope_add_eml_dyn_importable 0000000180030270 f   sfc_debug:sfcdebug.obj
 0001:0002f2d0       sf_debug_symbol_scope_add_eml_dyn 00000001800302d0 f   sfc_debug:sfcdebug.obj
 0001:0002f330       sf_debug_symbol_switch     0000000180030330 f   sfc_debug:sfcdebug.obj
 0001:0002f350       sf_debug_symbol_scope_add_verbose 0000000180030350 f   sfc_debug:sfcdebug.obj
 0001:0002f420       sf_debug_set_machine_data_value_ptr 0000000180030420 f   sfc_debug:sfcdebug.obj
 0001:0002f460       sf_debug_set_instance_data_value_ptr 0000000180030460 f   sfc_debug:sfcdebug.obj
 0001:0002f530       sf_debug_unset_instance_data_value_ptr 0000000180030530 f   sfc_debug:sfcdebug.obj
 0001:0002f5e0       sf_debug_set_chart_event_scope 00000001800305e0 f   sfc_debug:sfcdebug.obj
 0001:0002f660       sf_debug_set_chart_transition_coverage_maps 0000000180030660 f   sfc_debug:sfcdebug.obj
 0001:0002f760       sf_debug_set_chart_state_coverage_maps 0000000180030760 f   sfc_debug:sfcdebug.obj
 0001:0002f830       sf_debug_set_instance_transition_coverage_weights 0000000180030830 f   sfc_debug:sfcdebug.obj
 0001:0002f8c0       sf_debug_set_instance_state_coverage_weights 00000001800308c0 f   sfc_debug:sfcdebug.obj
 0001:0002fb10       sf_debug_unload_machine    0000000180030b10 f   sfc_debug:sfcdebug.obj
 0001:0002fb60       sf_debug_load_machine      0000000180030b60 f   sfc_debug:sfcdebug.obj
 0001:0002fc70       sf_debug_set_active_instance_in_data_dictionary 0000000180030c70 f   sfc_debug:sfcdebug.obj
 0001:0002fe50       sf_debug_set_active_instance 0000000180030e50 f   sfc_debug:sfcdebug.obj
 0001:0002ffb0       sf_debug_chart_visiblity_change 0000000180030fb0 f   sfc_debug:sfcdebug.obj
 0001:000300a0       sf_debug_select_chart      00000001800310a0 f   sfc_debug:sfcdebug.obj
 0001:00030200       sf_debug_set_instance_cv_ids 0000000180031200 f   sfc_debug:sfcdebug.obj
 0001:00030530       sf_debug_select_charts     0000000180031530 f   sfc_debug:sfcdebug.obj
 0001:000306e0       sf_debug_initialized       00000001800316e0 f   sfc_debug:sfcdebug.obj
 0001:00030700       sf_debug_is_uninterruptible 0000000180031700 f   sfc_debug:sfcdebug.obj
 0001:00030730       sf_debug_initialize_debugger_gui 0000000180031730 f   sfc_debug:sfcdebug.obj
 0001:00030b10       sf_debug_resume            0000000180031b10 f   sfc_debug:sfcdebug.obj
 0001:00030b30       sf_debug_go                0000000180031b30 f   sfc_debug:sfcdebug.obj
 0001:00030b40       sf_debug_break             0000000180031b40 f   sfc_debug:sfcdebug.obj
 0001:00030b50       sf_debug_step_over         0000000180031b50 f   sfc_debug:sfcdebug.obj
 0001:00030b60       sf_debug_step_out          0000000180031b60 f   sfc_debug:sfcdebug.obj
 0001:00030b70       sf_debug_set_disable_all_breakpoints 0000000180031b70 f   sfc_debug:sfcdebug.obj
 0001:00030b80       sf_debug_disable_all_breakpoints_and_go 0000000180031b80 f   sfc_debug:sfcdebug.obj
 0001:00030b90       sf_debug_break_on_chart_entry 0000000180031b90 f   sfc_debug:sfcdebug.obj
 0001:00030ba0       sf_debug_break_on_event_broadcast 0000000180031ba0 f   sfc_debug:sfcdebug.obj
 0001:00030bb0       sf_debug_break_on_state_entry 0000000180031bb0 f   sfc_debug:sfcdebug.obj
 0001:00030bc0       sf_debug_break_between_times 0000000180031bc0 f   sfc_debug:sfcdebug.obj
 0001:00030be0       sf_debug_browse_data       0000000180031be0 f   sfc_debug:sfcdebug.obj
 0001:00030bf0       sf_debug_watch_data        0000000180031bf0 f   sfc_debug:sfcdebug.obj
 0001:00030c20       sf_debug_assign_data       0000000180031c20 f   sfc_debug:sfcdebug.obj
 0001:00030c30       sf_debug_whos              0000000180031c30 f   sfc_debug:sfcdebug.obj
 0001:00030c50       sf_debug_get_consistency_info 0000000180031c50 f   sfc_debug:sfcdebug.obj
 0001:00030c60       sf_debug_browse_trace      0000000180031c60 f   sfc_debug:sfcdebug.obj
 0001:00030c70       sf_debug_set_breakpoints   0000000180031c70 f   sfc_debug:sfcdebug.obj
 0001:00030de0       sf_debug_set_eml_breakpoints 0000000180031de0 f   sfc_debug:sfcdebug.obj
 0001:00030f40       sf_debug_set_script_breakpoints 0000000180031f40 f   sfc_debug:sfcdebug.obj
 0001:00030fc0       sf_debug_add_script_breakpoints 0000000180031fc0 f   sfc_debug:sfcdebug.obj
 0001:00031030       sf_debug_clear_script_breakpoints 0000000180032030 f   sfc_debug:sfcdebug.obj
 0001:000310a0       sf_debug_query_script_breakpoints 00000001800320a0 f   sfc_debug:sfcdebug.obj
 0001:00031150       sf_debug_get_eml_script_id 0000000180032150 f   sfc_debug:sfcdebug.obj
 0001:000311a0       sf_debug_set_watch         00000001800321a0 f   sfc_debug:sfcdebug.obj
 0001:000313c0       sf_debug_get_instance_handle 00000001800323c0 f   sfc_debug:sfcdebug.obj
 0001:00031450       sf_debug_get_active_states 0000000180032450 f   sfc_debug:sfcdebug.obj
 0001:00031460       sf_debug_set_honor_breakpoints 0000000180032460 f   sfc_debug:sfcdebug.obj
 0001:00031470       sf_debug_get_animation     0000000180032470 f   sfc_debug:sfcdebug.obj
 0001:00031480       sf_debug_set_animation     0000000180032480 f   sfc_debug:sfcdebug.obj
 0001:00031490       sf_debug_animate           0000000180032490 f   sfc_debug:sfcdebug.obj
 0001:000314b0       sf_debug_cycle_detection_check 00000001800324b0 f   sfc_debug:sfcdebug.obj
 0001:000314c0       sf_debug_data_range_check  00000001800324c0 f   sfc_debug:sfcdebug.obj
 0001:000314d0       sf_debug_transition_conflict_check 00000001800324d0 f   sfc_debug:sfcdebug.obj
 0001:000314e0       sf_debug_state_consistency_check 00000001800324e0 f   sfc_debug:sfcdebug.obj
 0001:000314f0       sf_debug_data_range_check_enabled 00000001800324f0 f   sfc_debug:sfcdebug.obj
 0001:00031510       sf_debug_transition_conflict_check_enabled 0000000180032510 f   sfc_debug:sfcdebug.obj
 0001:00031530       sf_debug_transition_conflict_check_begin 0000000180032530 f   sfc_debug:sfcdebug.obj
 0001:00031550       sf_debug_transition_conflict_check_end 0000000180032550 f   sfc_debug:sfcdebug.obj
 0001:00031570       sf_debug_stop_debugging    0000000180032570 f   sfc_debug:sfcdebug.obj
 0001:000315a0       sf_debug_is_cycle_detected 00000001800325a0 f   sfc_debug:sfcdebug.obj
 0001:000315b0       sf_debug_is_array_bounds_detected 00000001800325b0 f   sfc_debug:sfcdebug.obj
 0001:000315c0       sf_debug_get_state_vectors_data_size 00000001800325c0 f   sfc_debug:sfcdebug.obj
 0001:00031600       sf_debug_get_state_vectors_data 0000000180032600 f   sfc_debug:sfcdebug.obj
 0001:00031710       sf_debug_set_state_vectors_data 0000000180032710 f   sfc_debug:sfcdebug.obj
 0001:000319a0       sf_debug_get_script_index  00000001800329a0 f   sfc_debug:sfcdebug.obj
 0001:00031b30       sf_debug_add_script        0000000180032b30 f   sfc_debug:sfcdebug.obj
 0001:00031cc0       cv_eval_point              0000000180032cc0 f   sfc_debug:sfcdebug.obj
 0001:00031e30       cv_eval_testobjective      0000000180032e30 f   sfc_debug:sfcdebug.obj
 0001:00031f40       sf_debug_cv_init_state     0000000180032f40 f   sfc_debug:sfcdebug.obj
 0001:00032070       sf_debug_cv_init_chart     0000000180033070 f   sfc_debug:sfcdebug.obj
 0001:00032160       sf_debug_cv_init_trans     0000000180033160 f   sfc_debug:sfcdebug.obj
 0001:00032270       sf_debug_cv_init_saturation 0000000180033270 f   sfc_debug:sfcdebug.obj
 0001:00032370       sf_debug_cv_init_testobjectives 0000000180033370 f   sfc_debug:sfcdebug.obj
 0001:00032550       cv_eml_init_script         0000000180033550 f   sfc_debug:sfcdebug.obj
 0001:00032670       cv_eml_init_fcn            0000000180033670 f   sfc_debug:sfcdebug.obj
 0001:00032780       cv_eml_init_testobjective  0000000180033780 f   sfc_debug:sfcdebug.obj
 0001:00032860       cv_eml_init_saturation     0000000180033860 f   sfc_debug:sfcdebug.obj
 0001:00032930       cv_eml_init_if             0000000180033930 f   sfc_debug:sfcdebug.obj
 0001:00032a10       cv_eml_init_for            0000000180033a10 f   sfc_debug:sfcdebug.obj
 0001:00032ae0       cv_eml_init_while          0000000180033ae0 f   sfc_debug:sfcdebug.obj
 0001:00032bb0       cv_eml_init_mcdc           0000000180033bb0 f   sfc_debug:sfcdebug.obj
 0001:00032cd0       cv_eml_init_switch         0000000180033cd0 f   sfc_debug:sfcdebug.obj
 0001:00032dd0       cv_eml_eval                0000000180033dd0 f   sfc_debug:sfcdebug.obj
 0001:00032ec0       sf_debug_bm_is_a_eml_breakpoint 0000000180033ec0 f   sfc_debug:sfcdebug.obj
 0001:00033010       sf_debug_temporal_threshold 0000000180034010 f   sfc_debug:sfcdebug.obj
 0001:00033380       sf_debug_transition_conflict_error 0000000180034380 f   sfc_debug:sfcdebug.obj
 0001:000336e0       sf_debug_state_inconsistency_error 00000001800346e0 f   sfc_debug:sfcdebug.obj
 0001:00033800       sf_debug_check_for_state_inconsistency 0000000180034800 f   sfc_debug:sfcdebug.obj
 0001:00033840       sf_debug_cycle_detecton_error 0000000180034840 f   sfc_debug:sfcdebug.obj
 0001:00033f90       sf_debug_size_eq_check_1d  0000000180034f90 f   sfc_debug:sfcdebug.obj
 0001:00033fb0       sf_debug_size_eq_check_nd  0000000180034fb0 f   sfc_debug:sfcdebug.obj
 0001:000341b0       sf_debug_dim_size_eq_check 00000001800351b0 f   sfc_debug:sfcdebug.obj
 0001:000341e0       sf_debug_dim_size_geq_check 00000001800351e0 f   sfc_debug:sfcdebug.obj
 0001:00034210       sf_debug_sub_assign_size_check_nd 0000000180035210 f   sfc_debug:sfcdebug.obj
 0001:000343f0       sf_debug_matrix_matrix_index_check 00000001800353f0 f   sfc_debug:sfcdebug.obj
 0001:00034440       sf_debug_vector_vector_index_check 0000000180035440 f   sfc_debug:sfcdebug.obj
 0001:00034490       sf_debug_for_loop_vector_check 0000000180035490 f   sfc_debug:sfcdebug.obj
 0001:00034530       sf_debug_runtime_error_msgid 0000000180035530 f   sfc_debug:sfcdebug.obj
 0001:000345d0       sf_debug_data_array_bounds_error_check 00000001800355d0 f   sfc_debug:sfcdebug.obj
 0001:000346e0       sf_debug_eml_data_array_bounds_error_check 00000001800356e0 f   sfc_debug:sfcdebug.obj
 0001:00034ba0       sf_debug_integer_check     0000000180035ba0 f   sfc_debug:sfcdebug.obj
 0001:00034c90       sf_debug_not_nan_check     0000000180035c90 f   sfc_debug:sfcdebug.obj
 0001:00034d60       sf_debug_non_negative_check 0000000180035d60 f   sfc_debug:sfcdebug.obj
 0001:00034e30       sf_debug_overflow_detection 0000000180035e30 f   sfc_debug:sfcdebug.obj
 0001:00035490       sf_debug_cast_to_real32_T  0000000180036490 f   sfc_debug:sfcdebug.obj
 0001:00035560       sf_debug_cast_to_int8_T    0000000180036560 f   sfc_debug:sfcdebug.obj
 0001:00035630       sf_debug_cast_to_uint8_T   0000000180036630 f   sfc_debug:sfcdebug.obj
 0001:00035700       sf_debug_cast_to_int16_T   0000000180036700 f   sfc_debug:sfcdebug.obj
 0001:000357d0       sf_debug_cast_to_uint16_T  00000001800367d0 f   sfc_debug:sfcdebug.obj
 0001:000358a0       sf_debug_cast_to_int32_T   00000001800368a0 f   sfc_debug:sfcdebug.obj
 0001:00035970       sf_debug_cast_to_uint32_T  0000000180036970 f   sfc_debug:sfcdebug.obj
 0001:00035a40       sf_debug_data_range_error  0000000180036a40 f   sfc_debug:sfcdebug.obj
 0001:00035d50       sf_debug_read_before_write_check 0000000180036d50 f   sfc_debug:sfcdebug.obj
 0001:00036180       sf_debug_data_range_error_wrapper_min_max 0000000180037180 f   sfc_debug:sfcdebug.obj
 0001:000362a0       sf_debug_data_range_error_wrapper_min 00000001800372a0 f   sfc_debug:sfcdebug.obj
 0001:000363b0       sf_debug_data_range_error_wrapper_max 00000001800373b0 f   sfc_debug:sfcdebug.obj
 0001:000364c0       sf_debug_data_range_wrapper 00000001800374c0 f   sfc_debug:sfcdebug.obj
 0001:00036580       sf_debug_set_current_status_info 0000000180037580 f   sfc_debug:sfcdebug.obj
 0001:00036920       sf_debug_register_message_post_receive_info 0000000180037920 f   sfc_debug:sfcdebug.obj
 0001:00036b70       sf_debug_call              0000000180037b70 f   sfc_debug:sfcdebug.obj
 0001:000374d0       sf_debug_initialize_machine 00000001800384d0 f   sfc_debug:sfcdebug.obj
 0001:00037780       sf_debug_initialize_chart  0000000180038780 f   sfc_debug:sfcdebug.obj
 0001:00037bd0       sf_debug_ensure_script     0000000180038bd0 f   sfc_debug:sfcdebug.obj
 0001:00037c80       cv_eval_saturation         0000000180038c80 f   sfc_debug:sfcdebug.obj
 0001:00037e00       cv_saturation_accum        0000000180038e00 f   sfc_debug:sfcdebug.obj
 0001:00037f40       cv_script_init_script      0000000180038f40 f   sfc_debug:sfcdebug.obj
 0001:00038030       cv_script_init_fcn         0000000180039030 f   sfc_debug:sfcdebug.obj
 0001:000380f0       cv_script_init_testobjective 00000001800390f0 f   sfc_debug:sfcdebug.obj
 0001:000381b0       cv_script_init_saturation  00000001800391b0 f   sfc_debug:sfcdebug.obj
 0001:00038260       cv_script_init_if          0000000180039260 f   sfc_debug:sfcdebug.obj
 0001:00038320       cv_script_init_for         0000000180039320 f   sfc_debug:sfcdebug.obj
 0001:000383d0       cv_script_init_while       00000001800393d0 f   sfc_debug:sfcdebug.obj
 0001:00038480       cv_script_init_mcdc        0000000180039480 f   sfc_debug:sfcdebug.obj
 0001:00038580       cv_script_init_switch      0000000180039580 f   sfc_debug:sfcdebug.obj
 0001:00038660       cv_script_eval             0000000180039660 f   sfc_debug:sfcdebug.obj
 0001:00038730       eml_debug_line_call        0000000180039730 f   sfc_debug:sfcdebug.obj
 0001:00038900       sf_debug_terminate         0000000180039900 f   sfc_debug:sfcdebug.obj
 0001:00038b10       sf_debug_set_script_cv_ids 0000000180039b10 f   sfc_debug:sfcdebug.obj
 0001:00038c40       sf_debug_api               0000000180039c40 f   sfc_debug:sfc_api.obj
 0001:0003a530       sf_debug_sm_terminate      000000018003b530 f   sfc_debug:sfdb_animation.obj
 0001:0003a6e0       sf_debug_reset_path_objects 000000018003b6e0 f   sfc_debug:sfdb_animation.obj
 0001:0003a760       sf_debug_sm_reset_object_selection_status 000000018003b760 f   sfc_debug:sfdb_animation.obj
 0001:0003a800       sf_debug_sm_reset_state_buffer 000000018003b800 f   sfc_debug:sfdb_animation.obj
 0001:0003a8d0       sf_debug_sm_store_state_buffer 000000018003b8d0 f   sfc_debug:sfdb_animation.obj
 0001:0003a950       sf_debug_sm_restore_state_buffer1 000000018003b950 f   sfc_debug:sfdb_animation.obj
 0001:0003a9c0       sf_debug_sm_restore_state_buffer2 000000018003b9c0 f   sfc_debug:sfdb_animation.obj
 0001:0003aa30       sf_debug_sm_chart_active   000000018003ba30 f   sfc_debug:sfdb_animation.obj
 0001:0003aa80       sf_debug_sm_select_active_objects 000000018003ba80 f   sfc_debug:sfdb_animation.obj
 0001:0003af50       sf_debug_sm_is_chart_active 000000018003bf50 f   sfc_debug:sfdb_animation.obj
 0001:0003af90       sf_debug_sm_is_state_active 000000018003bf90 f   sfc_debug:sfdb_animation.obj
 0001:0003b1d0       sf_debug_sm_get_active_states 000000018003c1d0 f   sfc_debug:sfdb_animation.obj
 0001:0003b780       sf_debug_sm_initialize_instance 000000018003c780 f   sfc_debug:sfdb_animation.obj
 0001:0003b990       sf_debug_sm_change_object_selection_status 000000018003c990 f   sfc_debug:sfdb_animation.obj
 0001:0003bc60       cv_create_interface        000000018003cc60 f   sfc_debug:cv_sfinterface.obj
 0001:0003bf70       cv_init_trans              000000018003cf70 f   sfc_debug:cv_sfinterface.obj
 0001:0003bfc0       cv_init_saturation         000000018003cfc0 f   sfc_debug:cv_sfinterface.obj
 0001:0003c000       cv_init_testobjective      000000018003d000 f   sfc_debug:cv_sfinterface.obj
 0001:0003c040       cv_init_state              000000018003d040 f   sfc_debug:cv_sfinterface.obj
 0001:0003c0b0       cv_init_chart              000000018003d0b0 f   sfc_debug:cv_sfinterface.obj
 0001:0003c100       cv_dec_update_call         000000018003d100 f   sfc_debug:cv_sfinterface.obj
 0001:0003c140       cv_cond_update_call        000000018003d140 f   sfc_debug:cv_sfinterface.obj
 0001:0003c180       cv_saturation_update_call  000000018003d180 f   sfc_debug:cv_sfinterface.obj
 0001:0003c1c0       cv_saturation_update_accum 000000018003d1c0 f   sfc_debug:cv_sfinterface.obj
 0001:0003c200       cv_testobjective_update_call 000000018003d200 f   sfc_debug:cv_sfinterface.obj
 0001:0003c240       cv_sigrange_update         000000018003d240 f   sfc_debug:cv_sfinterface.obj
 0001:0003c280       cvsf_eml_eval              000000018003d280 f   sfc_debug:cv_sfinterface.obj
 0001:0003c360       cvsf_eml_init_script       000000018003d360 f   sfc_debug:cv_sfinterface.obj
 0001:0003c3f0       cvsf_eml_init_fcn          000000018003d3f0 f   sfc_debug:cv_sfinterface.obj
 0001:0003c450       cvsf_eml_init_testobjective 000000018003d450 f   sfc_debug:cv_sfinterface.obj
 0001:0003c4b0       cvsf_eml_init_saturation   000000018003d4b0 f   sfc_debug:cv_sfinterface.obj
 0001:0003c500       cvsf_eml_init_if           000000018003d500 f   sfc_debug:cv_sfinterface.obj
 0001:0003c560       cvsf_eml_init_for          000000018003d560 f   sfc_debug:cv_sfinterface.obj
 0001:0003c5b0       cvsf_eml_init_while        000000018003d5b0 f   sfc_debug:cv_sfinterface.obj
 0001:0003c600       cvsf_eml_init_mcdc         000000018003d600 f   sfc_debug:cv_sfinterface.obj
 0001:0003c690       cvsf_eml_init_switch       000000018003d690 f   sfc_debug:cv_sfinterface.obj
 0001:0003c700       cvsf_script_eval           000000018003d700 f   sfc_debug:cv_sfinterface.obj
 0001:0003c7e0       cvsf_script_init_script    000000018003d7e0 f   sfc_debug:cv_sfinterface.obj
 0001:0003c870       cvsf_script_init_fcn       000000018003d870 f   sfc_debug:cv_sfinterface.obj
 0001:0003c8d0       cvsf_script_init_testobjective 000000018003d8d0 f   sfc_debug:cv_sfinterface.obj
 0001:0003c930       cvsf_script_init_saturation 000000018003d930 f   sfc_debug:cv_sfinterface.obj
 0001:0003c980       cvsf_script_init_if        000000018003d980 f   sfc_debug:cv_sfinterface.obj
 0001:0003c9e0       cvsf_script_init_for       000000018003d9e0 f   sfc_debug:cv_sfinterface.obj
 0001:0003ca30       cvsf_script_init_while     000000018003da30 f   sfc_debug:cv_sfinterface.obj
 0001:0003ca80       cvsf_script_init_mcdc      000000018003da80 f   sfc_debug:cv_sfinterface.obj
 0001:0003cb10       cvsf_script_init_switch    000000018003db10 f   sfc_debug:cv_sfinterface.obj
 0001:0003cb80       cv_destroy_interface       000000018003db80 f   sfc_debug:cv_sfinterface.obj
 0001:0003cba0       cv_create_instance_objects 000000018003dba0 f   sfc_debug:cv_sfinterface.obj
 0001:0003d010       cv_is_enabled              000000018003e010 f   sfc_debug:cv_sfinterface.obj
 0001:0003d020       sf_debug_cv_initialize_script 000000018003e020 f   sfc_debug:cv_sfinterface.obj
 0001:0003d1b0       sf_debug_cv_initialize_instance 000000018003e1b0 f   sfc_debug:cv_sfinterface.obj
 0001:0003d540       sf_debug_cv_terminate_chart 000000018003e540 f   sfc_debug:cv_sfinterface.obj
 0001:0003d660       cv_call_trans_test         000000018003e660 f   sfc_debug:cv_sfinterface.obj
 0001:0003d670       cv_call_sub_cond_test      000000018003e670 f   sfc_debug:cv_sfinterface.obj
 0001:0003d6b0       sf_debug_st_initialize_machine 000000018003e6b0 f   sfc_debug:sfdb_data_browse.obj
 0001:0003d760       sf_debug_st_initialize_instance 000000018003e760 f   sfc_debug:sfdb_data_browse.obj
 0001:0003d970       sf_debug_st_terminate      000000018003e970 f   sfc_debug:sfdb_data_browse.obj
 0001:0003dd10       sf_debug_st_set_data_value_ptr_in_machine 000000018003ed10 f   sfc_debug:sfdb_data_browse.obj
 0001:0003dda0       sf_debug_st_set_data_value_ptr_in_instance 000000018003eda0 f   sfc_debug:sfdb_data_browse.obj
 0001:0003de80       sf_debug_st_unset_data_value_ptr_in_machine 000000018003ee80 f   sfc_debug:sfdb_data_browse.obj
 0001:0003def0       sf_debug_st_unset_data_value_ptr_in_instance 000000018003eef0 f   sfc_debug:sfdb_data_browse.obj
 0001:0003e1b0       sf_debug_mx_value          000000018003f1b0 f   sfc_debug:sfdb_data_browse.obj
 0001:0003e210       sf_debug_mx_packed_vector  000000018003f210 f   sfc_debug:sfdb_data_browse.obj
 0001:0003e2f0       sf_debug_mx_uint_vector    000000018003f2f0 f   sfc_debug:sfdb_data_browse.obj
 0001:0003e3a0       sf_debug_st_get_double_value_from_void_ptr_vector 000000018003f3a0 f   sfc_debug:sfdb_data_browse.obj
 0001:0003ee80       sf_debug_st_browse_data    000000018003fe80 f   sfc_debug:sfdb_data_browse.obj
 0001:0003f6c0       sf_debug_hm_initialize_instance 00000001800406c0 f   sfc_debug:sfdb_handle_management.obj
 0001:0003fba0       sf_debug_hm_get_object_id  0000000180040ba0 f   sfc_debug:sfdb_handle_management.obj
 0001:00040750       sf_debug_hm_update_chart_visibility 0000000180041750 f   sfc_debug:sfdb_handle_management.obj
 0001:00041940       sf_debug_object_is_eml_function 0000000180042940 f   sfc_debug:sfdb_handle_management.obj
 0001:000419b0       sf_debug_hm_initialize_ids_in_machine 00000001800429b0 f   sfc_debug:sfdb_handle_management.obj
 0001:00041b20       sf_debug_hm_initialize_ids_in_chart 0000000180042b20 f   sfc_debug:sfdb_handle_management.obj
 0001:00041c20       sf_debug_hm_initialize_chart 0000000180042c20 f   sfc_debug:sfdb_handle_management.obj
 0001:00042320       sf_debug_hm_terminate      0000000180043320 f   sfc_debug:sfdb_handle_management.obj
 0001:00042380       sf_debug_hm_initialize_machine 0000000180043380 f   sfc_debug:sfdb_handle_management.obj
 0001:00042aa0       sf_debug_ss_initialize     0000000180043aa0 f   sfc_debug:sfdb_symbol_scope.obj
 0001:00042ac0       sf_debug_ss_terminate      0000000180043ac0 f   sfc_debug:sfdb_symbol_scope.obj
 0001:00042b50       sf_debug_ss_push_symbol_scope 0000000180043b50 f   sfc_debug:sfdb_symbol_scope.obj
 0001:00042c50       sf_debug_ss_push_symbol_scope_eml 0000000180043c50 f   sfc_debug:sfdb_symbol_scope.obj
 0001:00042cb0       sf_debug_ss_pop_symbol_scope 0000000180043cb0 f   sfc_debug:sfdb_symbol_scope.obj
 0001:00042d60       sf_debug_ss_add_symbol     0000000180043d60 f   sfc_debug:sfdb_symbol_scope.obj
 0001:00042ed0       sf_debug_ss_add_symbol_eml 0000000180043ed0 f   sfc_debug:sfdb_symbol_scope.obj
 0001:00043dd0       sf_debug_ss_set_data_value 0000000180044dd0 f   sfc_debug:sfdb_symbol_scope.obj
 0001:00044220       getInstanceNumber          0000000180045220 f   sfc_debug:sfdb_symbol_scope.obj
 0001:000442f0       sf_debug_ss_watch_data     00000001800452f0 f   sfc_debug:sfdb_symbol_scope.obj
 0001:000444e0       sf_debug_ss_assign_data    00000001800454e0 f   sfc_debug:sfdb_symbol_scope.obj
 0001:00044ef0       get_data_entry_name        0000000180045ef0 f   sfc_debug:sfdb_symbol_scope.obj
 0001:00044f40       sf_debug_ss_whos           0000000180045f40 f   sfc_debug:sfdb_symbol_scope.obj
 0001:00045590       sf_debug_cc_initialize_chart 0000000180046590 f   sfc_debug:sfdb_coverage.obj
 0001:00045f80       sf_debug_cc_initialize_instance 0000000180046f80 f   sfc_debug:sfdb_coverage.obj
 0001:00046cc0       sf_debug_cc_terminate      0000000180047cc0 f   sfc_debug:sfdb_coverage.obj
 0001:00046db0       sf_debug_cc_set_transition_maps 0000000180047db0 f   sfc_debug:sfdb_coverage.obj
 0001:00046ee0       sf_debug_cc_set_state_maps 0000000180047ee0 f   sfc_debug:sfdb_coverage.obj
 0001:00046fc0       sf_debug_cc_set_transition_weights 0000000180047fc0 f   sfc_debug:sfdb_coverage.obj
 0001:00047280       sf_debug_cc_set_state_weights 0000000180048280 f   sfc_debug:sfdb_coverage.obj
 0001:00047550       sf_debug_cc_mark_transition_guard 0000000180048550 f   sfc_debug:sfdb_coverage.obj
 0001:000475e0       sf_debug_cc_mark_transition_trigger 00000001800485e0 f   sfc_debug:sfdb_coverage.obj
 0001:00047670       sf_debug_cc_mark_transition_decision 0000000180048670 f   sfc_debug:sfdb_coverage.obj
 0001:000476e0       sf_debug_cc_mark_transition_condition_action 00000001800486e0 f   sfc_debug:sfdb_coverage.obj
 0001:00047730       sf_debug_cc_mark_transition_transition_action 0000000180048730 f   sfc_debug:sfdb_coverage.obj
 0001:00047780       sf_debug_cc_mark_state_entry 0000000180048780 f   sfc_debug:sfdb_coverage.obj
 0001:000477d0       sf_debug_cc_mark_state_during 00000001800487d0 f   sfc_debug:sfdb_coverage.obj
 0001:00047820       sf_debug_cc_mark_state_exit 0000000180048820 f   sfc_debug:sfdb_coverage.obj
 0001:00047870       sf_debug_bm_clear_script_breakpoints 0000000180048870 f   sfc_debug:sfdb_breakpoints.obj
 0001:000478a0       sf_debug_bm_set_script_breakpoint 00000001800488a0 f   sfc_debug:sfdb_breakpoints.obj
 0001:00047920       sf_debug_bm_clear_single_script_breakpoint 0000000180048920 f   sfc_debug:sfdb_breakpoints.obj
 0001:000479a0       sf_debug_bm_query_script_breakpoint 00000001800489a0 f   sfc_debug:sfdb_breakpoints.obj
 0001:000479f0       sf_debug_bm_initialize_scripts 00000001800489f0 f   sfc_debug:sfdb_breakpoints.obj
 0001:00048080       sf_debug_bm_terminate      0000000180049080 f   sfc_debug:sfdb_breakpoints.obj
 0001:00048360       sf_debug_bm_remove_all_breakpoints_in_machine 0000000180049360 f   sfc_debug:sfdb_breakpoints.obj
 0001:000483c0       sf_debug_bm_remove_all_breakpoints_in_chart 00000001800493c0 f   sfc_debug:sfdb_breakpoints.obj
 0001:00048510       sf_debug_bm_initialize_global_breakpoints 0000000180049510 f   sfc_debug:sfdb_breakpoints.obj
 0001:00048690       sf_debug_bm_set_breakpoint 0000000180049690 f   sfc_debug:sfdb_breakpoints.obj
 0001:00048c50       sf_debug_bm_set_eml_breakpoint 0000000180049c50 f   sfc_debug:sfdb_breakpoints.obj
 0001:00048ce0       sf_debug_bm_initialize_machine_breakpoint_map 0000000180049ce0 f   sfc_debug:sfdb_breakpoints.obj
 0001:00049100       sf_debug_bm_is_a_breakpoint 000000018004a100 f   sfc_debug:sfdb_breakpoints.obj
 0001:00049620       sf_debug_bm_get_all_breakpoints_in_machine 000000018004a620 f   sfc_debug:sfdb_breakpoints.obj
 0001:00049920       sf_debug_bm_get_all_breakpoints_in_chart 000000018004a920 f   sfc_debug:sfdb_breakpoints.obj
 0001:0004a4b0       sf_debug_bm_initialize_machine 000000018004b4b0 f   sfc_debug:sfdb_breakpoints.obj
 0001:0004a580       sf_debug_bm_initialize_chart 000000018004b580 f   sfc_debug:sfdb_breakpoints.obj
 0001:0004a970       sf_debug_sc_terminate      000000018004b970 f   sfc_debug:sfdb_state_consistency.obj
 0001:0004ac90       sf_debug_sc_is_chart_consistent 000000018004bc90 f   sfc_debug:sfdb_state_consistency.obj
 0001:0004af40       sf_debug_sc_get_consistency_error_info 000000018004bf40 f   sfc_debug:sfdb_state_consistency.obj
 0001:0004b350       sf_debug_tm_terminate      000000018004c350 f   sfc_debug:sfdb_call_stack.obj
 0001:0004b400       sf_debug_tm_push_chart_instance 000000018004c400 f   sfc_debug:sfdb_call_stack.obj
 0001:0004b540       sf_debug_tm_pop_chart_instance 000000018004c540 f   sfc_debug:sfdb_call_stack.obj
 0001:0004b5a0       sf_debug_tm_push_trace_node 000000018004c5a0 f   sfc_debug:sfdb_call_stack.obj
 0001:0004b720       sf_debug_tm_pop_trace_node 000000018004c720 f   sfc_debug:sfdb_call_stack.obj
 0001:0004b7a0       sf_debug_tm_get_current_global_trace_index 000000018004c7a0 f   sfc_debug:sfdb_call_stack.obj
 0001:0004b7b0       sf_debug_tm_get_current_local_trace_index 000000018004c7b0 f   sfc_debug:sfdb_call_stack.obj
 0001:0004b7e0       sf_debug_tm_set_cycle_detected_flag 000000018004c7e0 f   sfc_debug:sfdb_call_stack.obj
 0001:0004b820       sf_debug_tm_set_cycle_started_flag 000000018004c820 f   sfc_debug:sfdb_call_stack.obj
 0001:0004b860       sf_debug_tm_get_chart_number_from_stack 000000018004c860 f   sfc_debug:sfdb_call_stack.obj
 0001:0004ba60       sf_debug_tm_browse_trace   000000018004ca60 f   sfc_debug:sfdb_call_stack.obj
 0001:0004bd70       sf_debug_cd_initialize_instance 000000018004cd70 f   sfc_debug:sfdb_cycle_detection.obj
 0001:0004c020       sf_debug_cd_mark_processed_transition_in_instance 000000018004d020 f   sfc_debug:sfdb_cycle_detection.obj
 0001:0004c0c0       sf_debug_cd_checksum_push  000000018004d0c0 f   sfc_debug:sfdb_cycle_detection.obj
 0001:0004c370       sf_debug_cd_checksum_pop   000000018004d370 f   sfc_debug:sfdb_cycle_detection.obj
 0001:0004c3e0       sf_debug_cd_turn_off_cycle_detection 000000018004d3e0 f   sfc_debug:sfdb_cycle_detection.obj
 0001:0004c430       sf_debug_cd_terminate      000000018004d430 f   sfc_debug:sfdb_cycle_detection.obj
 0001:0004c660       md5_initialize_state       000000018004d660 f   sfc_debug:ckmd5.obj
 0001:0004d0f0       md5_update_state           000000018004e0f0 f   sfc_debug:ckmd5.obj
 0001:0004d110       md5_get_hash               000000018004e110 f   sfc_debug:ckmd5.obj
 0001:0004d140       md5_get_hash_for_a_single_string 000000018004e140 f   sfc_debug:ckmd5.obj
 0001:0004d1a0       mxGetPr                    000000018004e1a0 f   libmx:libmx.dll
 0001:0004d1a6       mxCreateDoubleScalar       000000018004e1a6 f   libmx:libmx.dll
 0001:0004d1ac       mxCreateDoubleMatrix_730   000000018004e1ac f   libmx:libmx.dll
 0001:0004d1b2       mxSetField_730             000000018004e1b2 f   libmx:libmx.dll
 0001:0004d1b8       mxCreateString             000000018004e1b8 f   libmx:libmx.dll
 0001:0004d1be       mxCreateStructMatrix_730   000000018004e1be f   libmx:libmx.dll
 0001:0004d1c4       mxCreateCellMatrix_730     000000018004e1c4 f   libmx:libmx.dll
 0001:0004d1ca       mxDestroyArray             000000018004e1ca f   libmx:libmx.dll
 0001:0004d1d0       mxDuplicateArray           000000018004e1d0 f   libmx:libmx.dll
 0001:0004d1d6       mxGetString_730            000000018004e1d6 f   libmx:libmx.dll
 0001:0004d1dc       mxIsChar                   000000018004e1dc f   libmx:libmx.dll
 0001:0004d1e2       mxGetClassID               000000018004e1e2 f   libmx:libmx.dll
 0001:0004d1e8       mxIsNumeric                000000018004e1e8 f   libmx:libmx.dll
 0001:0004d1ee       mxIsComplex                000000018004e1ee f   libmx:libmx.dll
 0001:0004d1f4       mxGetN                     000000018004e1f4 f   libmx:libmx.dll
 0001:0004d1fa       mxGetM                     000000018004e1fa f   libmx:libmx.dll
 0001:0004d200       mxCalloc                   000000018004e200 f   libmx:libmx.dll
 0001:0004d206       mxGetScalar                000000018004e206 f   libmx:libmx.dll
 0001:0004d20c       mxIsLogical                000000018004e20c f   libmx:libmx.dll
 0001:0004d212       mxCreateDoubleMatrix_700   000000018004e212 f   libmx:libmx.dll
 0001:0004d218       mxFree                     000000018004e218 f   libmx:libmx.dll
 0001:0004d21e       mxArrayToString            000000018004e21e f   libmx:libmx.dll
 0001:0004d224       mxCreateCellMatrix_700     000000018004e224 f   libmx:libmx.dll
 0001:0004d22a       mxSetCell_700              000000018004e22a f   libmx:libmx.dll
 0001:0004d230       mxGetCell_700              000000018004e230 f   libmx:libmx.dll
 0001:0004d236       mxGetClassName             000000018004e236 f   libmx:libmx.dll
 0001:0004d23c       mxSetField_700             000000018004e23c f   libmx:libmx.dll
 0001:0004d242       mxAddField                 000000018004e242 f   libmx:libmx.dll
 0001:0004d248       mxGetField_700             000000018004e248 f   libmx:libmx.dll
 0001:0004d24e       mxGetNumberOfElements      000000018004e24e f   libmx:libmx.dll
 0001:0004d254       mxIsStruct                 000000018004e254 f   libmx:libmx.dll
 0001:0004d25a       mxIsA                      000000018004e25a f   libmx:libmx.dll
 0001:0004d260       mxIsClass                  000000018004e260 f   libmx:libmx.dll
 0001:0004d266       mxGetLogicals              000000018004e266 f   libmx:libmx.dll
 0001:0004d26c       mxIsSparse                 000000018004e26c f   libmx:libmx.dll
 0001:0004d272       mxSetFieldByNumber_700     000000018004e272 f   libmx:libmx.dll
 0001:0004d278       mxGetFieldByNumber_700     000000018004e278 f   libmx:libmx.dll
 0001:0004d27e       mxGetFieldNameByNumber     000000018004e27e f   libmx:libmx.dll
 0001:0004d284       mxGetNumberOfFields        000000018004e284 f   libmx:libmx.dll
 0001:0004d28a       mxCreateStructMatrix_700   000000018004e28a f   libmx:libmx.dll
 0001:0004d290       mxGetFieldNumber           000000018004e290 f   libmx:libmx.dll
 0001:0004d296       mxIsNaN                    000000018004e296 f   libmx:libmx.dll
 0001:0004d29c       mxIsEmpty                  000000018004e29c f   libmx:libmx.dll
 0001:0004d2a2       mxGetData                  000000018004e2a2 f   libmx:libmx.dll
 0001:0004d2a8       mxGetImagData              000000018004e2a8 f   libmx:libmx.dll
 0001:0004d2ae       mxArrayClassIDName         000000018004e2ae f   libmx:libmx.dll
 0001:0004d2b4       mxCreateNumericMatrix_700  000000018004e2b4 f   libmx:libmx.dll
 0001:0004d2ba       mxCreateStructArray_700    000000018004e2ba f   libmx:libmx.dll
 0001:0004d2c0       mxCalcSingleSubscript_700  000000018004e2c0 f   libmx:libmx.dll
 0001:0004d2c6       mxGetDimensions_700        000000018004e2c6 f   libmx:libmx.dll
 0001:0004d2cc       mxGetNumberOfDimensions_700 000000018004e2cc f   libmx:libmx.dll
 0001:0004d2d2       mxCreateNumericArray_700   000000018004e2d2 f   libmx:libmx.dll
 0001:0004d2d8       mxGetElementSize           000000018004e2d8 f   libmx:libmx.dll
 0001:0004d2de       mxCreateStringFromNChars_700 000000018004e2de f   libmx:libmx.dll
 0001:0004d2e4       mxGetString_700            000000018004e2e4 f   libmx:libmx.dll
 0001:0004d2ea       mxIsLogicalScalarTrue      000000018004e2ea f   libmx:libmx.dll
 0001:0004d2f0       mxCreateLogicalScalar      000000018004e2f0 f   libmx:libmx.dll
 0001:0004d2f6       mexUnlock                  000000018004e2f6 f   libmex:libmex.dll
 0001:0004d2fc       mexIsLocked                000000018004e2fc f   libmex:libmex.dll
 0001:0004d302       mexWarnMsgTxt              000000018004e302 f   libmex:libmex.dll
 0001:0004d308       mexCallMATLAB              000000018004e308 f   libmex:libmex.dll
 0001:0004d30e       mexErrMsgTxt               000000018004e30e f   libmex:libmex.dll
 0001:0004d314       mexMakeArrayPersistent     000000018004e314 f   libmex:libmex.dll
 0001:0004d31a       mexSetTrapFlag             000000018004e31a f   libmex:libmex.dll
 0001:0004d320       mexPutVariable             000000018004e320 f   libmex:libmex.dll
 0001:0004d326       mexGetVariable             000000018004e326 f   libmex:libmex.dll
 0001:0004d32c       mexLock                    000000018004e32c f   libmex:libmex.dll
 0001:0004d332       mexMakeMemoryPersistent    000000018004e332 f   libmex:libmex.dll
 0001:0004d338       mexFunctionName            000000018004e338 f   libmex:libmex.dll
 0001:0004d33e       ssRegisterDataTypeFxpFSlopeFixExpBias 000000018004e33e f   libfixedpoint:libfixedpoint.dll
 0001:0004d344       ssRegisterDataTypeFxpScaledDouble 000000018004e344 f   libfixedpoint:libfixedpoint.dll
 0001:0004d34a       utMalloc                   000000018004e34a f   libut:libut.dll
 0001:0004d350       utFree                     000000018004e350 f   libut:libut.dll
 0001:0004d356       utVSNprintf                000000018004e356 f   libut:libut.dll
 0001:0004d35c       utCPUtime                  000000018004e35c f   libut:libut.dll
 0001:0004d362       utCalloc                   000000018004e362 f   libut:libut.dll
 0001:0004d368       utRealloc                  000000018004e368 f   libut:libut.dll
 0001:0004d36e       muDoubleScalarFloor        000000018004e36e f   libmwmathutil:libmwmathutil.dll
 0001:0004d374       muDoubleScalarAbs          000000018004e374 f   libmwmathutil:libmwmathutil.dll
 0001:0004d37a       muDoubleScalarRound        000000018004e37a f   libmwmathutil:libmwmathutil.dll
 0001:0004d380       muDoubleScalarSin          000000018004e380 f   libmwmathutil:libmwmathutil.dll
 0001:0004d386       muDoubleScalarCos          000000018004e386 f   libmwmathutil:libmwmathutil.dll
 0001:0004d38c       muDoubleScalarPower        000000018004e38c f   libmwmathutil:libmwmathutil.dll
 0001:0004d392       emlrtCreateRootTLS         000000018004e392 f   libemlrt:libemlrt.dll
 0001:0004d398       emlrtDestroyRootTLS        000000018004e398 f   libemlrt:libemlrt.dll
 0001:0004d39e       emlrtCheckBuiltInR2012b    000000018004e39e f   libemlrt:libemlrt.dll
 0001:0004d3a4       emlrtCheckVsBuiltInR2012b  000000018004e3a4 f   libemlrt:libemlrt.dll
 0001:0004d3aa       emlrtCheckEnumR2012b       000000018004e3aa f   libemlrt:libemlrt.dll
 0001:0004d3b0       emlrtCreateEnumR2012b      000000018004e3b0 f   libemlrt:libemlrt.dll
 0001:0004d3b6       emlrtGetEnumElementR2009a  000000018004e3b6 f   libemlrt:libemlrt.dll
 0001:0004d3bc       emlrtCreateReference       000000018004e3bc f   libemlrt:libemlrt.dll
 0001:0004d3c2       emlrtImportVsFiArrayR2009b 000000018004e3c2 f   libemlrt:libemlrt.dll
 0001:0004d3c8       emlrtNameCapturePostProcessR2012a 000000018004e3c8 f   libemlrt:libemlrt.dll
 0001:0004d3ce       emlrtExtractMessageId      000000018004e3ce f   libemlrt:libemlrt.dll
 0001:0004d3d4       emlrtTranslateMessageIDtoLCPstring 000000018004e3d4 f   libemlrt:libemlrt.dll
 0001:0004d3da       emlrtForLoopVectorIsValidR2011b 000000018004e3da f   libemlrt:libemlrt.dll
 0001:0004d3e0       emlrtTranslateUTF16MessagetoLCPstring 000000018004e3e0 f   libemlrt:libemlrt.dll
 0001:0004d3e6       emlrtGetEnumUnderlyingArrayR2009a 000000018004e3e6 f   libemlrt:libemlrt.dll
 0001:0004d3ec       emlrtIsEnumR2009a          000000018004e3ec f   libemlrt:libemlrt.dll
 0001:0004d3f4       __GSHandlerCheckCommon     000000018004e3f4 f   MSVCRT:gshandler.obj
 0001:0004d458       __GSHandlerCheck           000000018004e458 f   MSVCRT:gshandler.obj
 0001:0004d476       strlen                     000000018004e476 f   MSVCRT:MSVCR100.dll
 0001:0004d490       __security_check_cookie    000000018004e490 f   MSVCRT:amdsecgs.obj
 0001:0004d4b0       memset                     000000018004e4b0 f   MSVCRT:MSVCR100.dll
 0001:0004d4d0       _alloca_probe              000000018004e4d0     MSVCRT:chkstk.obj
 0001:0004d4d0       __chkstk                   000000018004e4d0 f   MSVCRT:chkstk.obj
 0001:0004d51e       strcmp                     000000018004e51e f   MSVCRT:MSVCR100.dll
 0001:0004d524       free                       000000018004e524 f   MSVCRT:MSVCR100.dll
 0001:0004d52a       sprintf                    000000018004e52a f   MSVCRT:MSVCR100.dll
 0001:0004d530       malloc                     000000018004e530 f   MSVCRT:MSVCR100.dll
 0001:0004d536       strcat                     000000018004e536 f   MSVCRT:MSVCR100.dll
 0001:0004d53c       memcpy                     000000018004e53c f   MSVCRT:MSVCR100.dll
 0001:0004d544       NtCurrentTeb               000000018004e544 f i MSVCRT:crtdll.obj
 0001:0004d5b0       _CRT_INIT                  000000018004e5b0 f   MSVCRT:crtdll.obj
 0001:0004d948       _DllMainCRTStartup         000000018004e948 f   MSVCRT:crtdll.obj
 0001:0004d986       strncpy                    000000018004e986 f   MSVCRT:MSVCR100.dll
 0001:0004d98c       longjmp                    000000018004e98c f   MSVCRT:MSVCR100.dll
 0001:0004d992       strncmp                    000000018004e992 f   MSVCRT:MSVCR100.dll
 0001:0004d998       ceil                       000000018004e998 f   MSVCRT:MSVCR100.dll
 0001:0004d99e       strrchr                    000000018004e99e f   MSVCRT:MSVCR100.dll
 0001:0004d9a4       _setjmp                    000000018004e9a4 f   MSVCRT:MSVCR100.dll
 0001:0004d9aa       ldexp                      000000018004e9aa f   MSVCRT:MSVCR100.dll
 0001:0004d9b0       __report_gsfailure         000000018004e9b0 f   MSVCRT:gs_report.obj
 0001:0004dafc       __clean_type_info_names    000000018004eafc f   MSVCRT:tncleanup.obj
 0001:0004db08       _onexit                    000000018004eb08 f   MSVCRT:atonexit.obj
 0001:0004dbb8       atexit                     000000018004ebb8 f   MSVCRT:atonexit.obj
 0001:0004dbd0       _RTC_Initialize            000000018004ebd0 f   MSVCRT:_initsect_.obj
 0001:0004dc08       _RTC_Terminate             000000018004ec08 f   MSVCRT:_initsect_.obj
 0001:0004dc40       _malloc_crt                000000018004ec40 f   MSVCRT:MSVCR100.dll
 0001:0004dc50       _ValidateImageBase         000000018004ec50 f   MSVCRT:pesect.obj
 0001:0004dc80       _FindPESection             000000018004ec80 f   MSVCRT:pesect.obj
 0001:0004dcd0       _IsNonwritableInCurrentImage 000000018004ecd0 f   MSVCRT:pesect.obj
 0001:0004dd12       _initterm                  000000018004ed12 f   MSVCRT:MSVCR100.dll
 0001:0004dd18       _initterm_e                000000018004ed18 f   MSVCRT:MSVCR100.dll
 0001:0004dd1e       _encoded_null              000000018004ed1e f   MSVCRT:MSVCR100.dll
 0001:0004dd24       _amsg_exit                 000000018004ed24 f   MSVCRT:MSVCR100.dll
 0001:0004dd2a       __C_specific_handler       000000018004ed2a f   MSVCRT:MSVCR100.dll
 0001:0004dd30       __CppXcptFilter            000000018004ed30 f   MSVCRT:MSVCR100.dll
 0001:0004dd38       DllMain                    000000018004ed38 f   MSVCRT:dllmain.obj
 0001:0004dd5c       __security_init_cookie     000000018004ed5c f   MSVCRT:gs_support.obj
 0001:0004de10       __crt_debugger_hook        000000018004ee10 f   MSVCRT:MSVCR100.dll
 0001:0004de16       __clean_type_info_names_internal 000000018004ee16 f   MSVCRT:MSVCR100.dll
 0001:0004de1c       _unlock                    000000018004ee1c f   MSVCRT:MSVCR100.dll
 0001:0004de22       __dllonexit                000000018004ee22 f   MSVCRT:MSVCR100.dll
 0001:0004de28       _lock                      000000018004ee28 f   MSVCRT:MSVCR100.dll
 0001:0004de2e       EncodePointer              000000018004ee2e f   kernel32:KERNEL32.dll
 0001:0004de34       DecodePointer              000000018004ee34 f   kernel32:KERNEL32.dll
 0001:0004de3a       Sleep                      000000018004ee3a f   kernel32:KERNEL32.dll
 0001:0004de40       TerminateProcess           000000018004ee40 f   kernel32:KERNEL32.dll
 0001:0004de46       GetCurrentProcess          000000018004ee46 f   kernel32:KERNEL32.dll
 0001:0004de4c       UnhandledExceptionFilter   000000018004ee4c f   kernel32:KERNEL32.dll
 0001:0004de52       SetUnhandledExceptionFilter 000000018004ee52 f   kernel32:KERNEL32.dll
 0001:0004de58       IsDebuggerPresent          000000018004ee58 f   kernel32:KERNEL32.dll
 0001:0004de5e       RtlVirtualUnwind           000000018004ee5e f   kernel32:KERNEL32.dll
 0001:0004de64       RtlLookupFunctionEntry     000000018004ee64 f   kernel32:KERNEL32.dll
 0001:0004de6a       RtlCaptureContext          000000018004ee6a f   kernel32:KERNEL32.dll
 0001:0004de70       DisableThreadLibraryCalls  000000018004ee70 f   kernel32:KERNEL32.dll
 0001:0004de76       QueryPerformanceCounter    000000018004ee76 f   kernel32:KERNEL32.dll
 0001:0004de7c       GetTickCount               000000018004ee7c f   kernel32:KERNEL32.dll
 0001:0004de82       GetCurrentThreadId         000000018004ee82 f   kernel32:KERNEL32.dll
 0001:0004de88       GetCurrentProcessId        000000018004ee88 f   kernel32:KERNEL32.dll
 0001:0004de8e       GetSystemTimeAsFileTime    000000018004ee8e f   kernel32:KERNEL32.dll
 0002:00000000       __imp_RtlLookupFunctionEntry 000000018004f000     kernel32:KERNEL32.dll
 0002:00000008       __imp_RtlVirtualUnwind     000000018004f008     kernel32:KERNEL32.dll
 0002:00000010       __imp_IsDebuggerPresent    000000018004f010     kernel32:KERNEL32.dll
 0002:00000018       __imp_SetUnhandledExceptionFilter 000000018004f018     kernel32:KERNEL32.dll
 0002:00000020       __imp_UnhandledExceptionFilter 000000018004f020     kernel32:KERNEL32.dll
 0002:00000028       __imp_GetCurrentProcess    000000018004f028     kernel32:KERNEL32.dll
 0002:00000030       __imp_TerminateProcess     000000018004f030     kernel32:KERNEL32.dll
 0002:00000038       __imp_Sleep                000000018004f038     kernel32:KERNEL32.dll
 0002:00000040       __imp_DecodePointer        000000018004f040     kernel32:KERNEL32.dll
 0002:00000048       __imp_EncodePointer        000000018004f048     kernel32:KERNEL32.dll
 0002:00000050       __imp_DisableThreadLibraryCalls 000000018004f050     kernel32:KERNEL32.dll
 0002:00000058       __imp_QueryPerformanceCounter 000000018004f058     kernel32:KERNEL32.dll
 0002:00000060       __imp_GetTickCount         000000018004f060     kernel32:KERNEL32.dll
 0002:00000068       __imp_GetCurrentThreadId   000000018004f068     kernel32:KERNEL32.dll
 0002:00000070       __imp_GetCurrentProcessId  000000018004f070     kernel32:KERNEL32.dll
 0002:00000078       __imp_GetSystemTimeAsFileTime 000000018004f078     kernel32:KERNEL32.dll
 0002:00000080       __imp_RtlCaptureContext    000000018004f080     kernel32:KERNEL32.dll
 0002:00000088       \177KERNEL32_NULL_THUNK_DATA 000000018004f088     kernel32:KERNEL32.dll
 0002:00000090       __imp_ldexp                000000018004f090     MSVCRT:MSVCR100.dll
 0002:00000098       __imp__onexit              000000018004f098     MSVCRT:MSVCR100.dll
 0002:000000a0       __imp__lock                000000018004f0a0     MSVCRT:MSVCR100.dll
 0002:000000a8       __imp___dllonexit          000000018004f0a8     MSVCRT:MSVCR100.dll
 0002:000000b0       __imp__unlock              000000018004f0b0     MSVCRT:MSVCR100.dll
 0002:000000b8       __imp___clean_type_info_names_internal 000000018004f0b8     MSVCRT:MSVCR100.dll
 0002:000000c0       __imp___crt_debugger_hook  000000018004f0c0     MSVCRT:MSVCR100.dll
 0002:000000c8       __imp___CppXcptFilter      000000018004f0c8     MSVCRT:MSVCR100.dll
 0002:000000d0       __imp___C_specific_handler 000000018004f0d0     MSVCRT:MSVCR100.dll
 0002:000000d8       __imp__amsg_exit           000000018004f0d8     MSVCRT:MSVCR100.dll
 0002:000000e0       __imp__encoded_null        000000018004f0e0     MSVCRT:MSVCR100.dll
 0002:000000e8       __imp__initterm_e          000000018004f0e8     MSVCRT:MSVCR100.dll
 0002:000000f0       __imp__initterm            000000018004f0f0     MSVCRT:MSVCR100.dll
 0002:000000f8       __imp__malloc_crt          000000018004f0f8     MSVCRT:MSVCR100.dll
 0002:00000100       __imp_strlen               000000018004f100     MSVCRT:MSVCR100.dll
 0002:00000108       __imp__setjmp              000000018004f108     MSVCRT:MSVCR100.dll
 0002:00000110       __imp_strrchr              000000018004f110     MSVCRT:MSVCR100.dll
 0002:00000118       __imp_ceil                 000000018004f118     MSVCRT:MSVCR100.dll
 0002:00000120       __imp_strncmp              000000018004f120     MSVCRT:MSVCR100.dll
 0002:00000128       __imp_longjmp              000000018004f128     MSVCRT:MSVCR100.dll
 0002:00000130       __imp_strncpy              000000018004f130     MSVCRT:MSVCR100.dll
 0002:00000138       __imp_memcpy               000000018004f138     MSVCRT:MSVCR100.dll
 0002:00000140       __imp_strcat               000000018004f140     MSVCRT:MSVCR100.dll
 0002:00000148       __imp_malloc               000000018004f148     MSVCRT:MSVCR100.dll
 0002:00000150       __imp_sprintf              000000018004f150     MSVCRT:MSVCR100.dll
 0002:00000158       __imp_free                 000000018004f158     MSVCRT:MSVCR100.dll
 0002:00000160       __imp_strcmp               000000018004f160     MSVCRT:MSVCR100.dll
 0002:00000168       __imp_memset               000000018004f168     MSVCRT:MSVCR100.dll
 0002:00000170       \177MSVCR100_NULL_THUNK_DATA 000000018004f170     MSVCRT:MSVCR100.dll
 0002:00000178       __imp_emlrtIsEnumR2009a    000000018004f178     libemlrt:libemlrt.dll
 0002:00000180       __imp_emlrtCreateRootTLS   000000018004f180     libemlrt:libemlrt.dll
 0002:00000188       __imp_emlrtGetEnumUnderlyingArrayR2009a 000000018004f188     libemlrt:libemlrt.dll
 0002:00000190       __imp_emlrtTranslateUTF16MessagetoLCPstring 000000018004f190     libemlrt:libemlrt.dll
[...]
 0001:00023b30       sf_mex_check_complex       0000000180024b30 f   sfc_mex:sfc_mex.obj
 0001:00023bc0       sf_mex_check_sparse        0000000180024bc0 f   sfc_mex:sfc_mex.obj
 0001:00023c20       sf_mex_check_numerictype   0000000180024c20 f   sfc_mex:sfc_mex.obj
 0001:00023db0       sf_mex_check_fimath        0000000180024db0 f   sfc_mex:sfc_mex.obj
 0001:00024910       size_mismatch_error        0000000180025910 f   sfc_mex:sfc_mex.obj
 0001:00025380       check_array_dimensions     0000000180026380 f   sfc_mex:sfc_mex.obj
 0001:000253f0       check_input_mxarray        00000001800263f0 f   sfc_mex:sfc_mex.obj
 0001:00025b30       sf_numeric_value_to_double 0000000180026b30 f   sfc_mex:sfc_mex.obj
 0001:00025b80       ml_generic_out_of_bounds_check 0000000180026b80 f   sfc_mex:sfc_mex.obj
 0001:00025d40       ml_get_element_value_from_array 0000000180026d40 f   sfc_mex:sfc_mex.obj
 0001:000260e0       _ml_generic_castability_check 00000001800270e0 f   sfc_mex:sfc_mex.obj
 0001:00026830       ml_generic_castability_check 0000000180027830 f   sfc_mex:sfc_mex.obj
 0001:000268d0       ml_check_mx_array_for_single_castability 00000001800278d0 f   sfc_mex:sfc_mex.obj
 0001:00026970       ml_check_mx_array_for_logical_castability 0000000180027970 f   sfc_mex:sfc_mex.obj
 0001:00026a10       ml_check_mx_array_for_int8_castability 0000000180027a10 f   sfc_mex:sfc_mex.obj
 0001:00026ac0       ml_check_mx_array_for_uint8_castability 0000000180027ac0 f   sfc_mex:sfc_mex.obj
 0001:00026b20       ml_check_mx_array_for_int16_castability 0000000180027b20 f   sfc_mex:sfc_mex.obj
 0001:00026b80       ml_check_mx_array_for_uint16_castability 0000000180027b80 f   sfc_mex:sfc_mex.obj
 0001:00026be0       ml_check_mx_array_for_int32_castability 0000000180027be0 f   sfc_mex:sfc_mex.obj
 0001:00026c40       ml_check_mx_array_for_uint32_castability 0000000180027c40 f   sfc_mex:sfc_mex.obj
 0001:00026ca0       ml_check_mx_array_for_castability 0000000180027ca0 f   sfc_mex:sfc_mex.obj
 0001:000274c0       set_data_value             00000001800284c0 f   sfc_mex:sfc_mex.obj
 0001:00027830       get_data_value             0000000180028830 f   sfc_mex:sfc_mex.obj
 0001:00027940       get_next_element_address   0000000180028940 f   sfc_mex:sfc_mex.obj
 0001:00027a10       sf_normalize_index         0000000180028a10 f   sfc_mex:sfc_mex.obj
 0001:00027dc0       ml_array_index_bound_check 0000000180028dc0 f   sfc_mex:sfc_mex.obj
 0001:00028940       mx_value                   0000000180029940 f   sfc_mex:sfc_mex.obj
 0001:00028990       sf_create_numeric_array    0000000180029990 f   sfc_mex:sfc_mex.obj
 0001:00028a30       sf_mex_assign_to_mx_array  0000000180029a30 f   sfc_mex:sfc_mex.obj
 0001:00028da0       assign_from_mx_array       0000000180029da0 f   sfc_mex:sfc_mex.obj
 0001:00029500       sf_mex_import_v            000000018002a500 f   sfc_mex:sfc_mex.obj
 0001:00029c10       get_machine_and_chart_file_number 000000018002ac10 f   sfc_mex:sfc_sf.obj
 0001:00029d00       get_sfun_block_specialization 000000018002ad00 f   sfc_mex:sfc_sf.obj
 0001:00029db0       call_sf_machine_global_method_dispatcher 000000018002adb0 f   sfc_mex:sfc_sf.obj
 0001:0002a000       mdl_zeroCrossings_processing 000000018002b000 f   sfc_mex:sfc_sf.obj
 0001:0002a0e0       mdl_derivatives_processing 000000018002b0e0 f   sfc_mex:sfc_sf.obj
 0001:0002a3c0       mdl_outputs_continuous_legacy 000000018002b3c0 f   sfc_mex:sfc_sf.obj
 0001:0002a440       mdl_outputs_processing     000000018002b440 f   sfc_mex:sfc_sf.obj
 0001:0002a6b0       mdl_enable_processing      000000018002b6b0 f   sfc_mex:sfc_sf.obj
 0001:0002a790       mdl_disable_processing     000000018002b790 f   sfc_mex:sfc_sf.obj
 0001:0002b620       sf_call_output_fcn_enable_disable 000000018002c620 f   sfc_mex:sfc_sf.obj
 0001:0002b8a0       set_dwork_information_from_mx_array 000000018002c8a0 f   sfc_mex:sfc_sf.obj
 0001:0002c190       ptr2mxStruct               000000018002d190 f   sfc_mex:sfc_sf.obj
 0001:0002c4a0       SNPRINTF_WRAPPER           000000018002d4a0 f   sfc_debug:sfcdebug.obj
 0001:0002c4d0       sf_debug_chart_instance_initialized 000000018002d4d0 f   sfc_debug:sfcdebug.obj
 0001:0002c670       sfrtAddSize                000000018002d670 f   sfc_debug:sfcdebug.obj
 0001:0002c730       sfrtGenSizeString          000000018002d730 f   sfc_debug:sfcdebug.obj
 0001:0002ce80       fill_single_message_info   000000018002de80 f   sfc_debug:sfcdebug.obj
 0001:0002d100       sf_debug_sim_status_listener 000000018002e100 f   sfc_debug:sfcdebug.obj
 0001:0002d690       sf_debug_form_mask_bits    000000018002e690 f   sfc_debug:sfcdebug.obj
 0001:0002d6b0       sf_debug_form_sf_data_type_offsets 000000018002e6b0 f   sfc_debug:sfcdebug.obj
 0001:0002d770       sf_debug_free_all          000000018002e770 f   sfc_debug:sfcdebug.obj
 0001:0002d900       sf_debug_append_debugger_context 000000018002e900 f   sfc_debug:sfcdebug.obj
 0001:0002dc70       local_strdup               000000018002ec70 f   sfc_debug:sfcdebug.obj
 0001:0002ebf0       sf_debug_em_terminate      000000018002fbf0 f   sfc_debug:sfcdebug.obj
 0001:0002ec30       sf_debug_push_eml_function 000000018002fc30 f   sfc_debug:sfcdebug.obj
 0001:0002ecd0       sf_debug_pop_eml_function  000000018002fcd0 f   sfc_debug:sfcdebug.obj
 0001:0002f970       sf_debug_get_machine_number_from_id_or_name 0000000180030970 f   sfc_debug:sfcdebug.obj
 0001:0002fac0       sf_debug_get_chart_number_from_id 0000000180030ac0 f   sfc_debug:sfcdebug.obj
 0001:000308a0       sf_debug_transfer_control_to_debugger_GUI 00000001800318a0 f   sfc_debug:sfcdebug.obj
 0001:00031810       sf_debug_scripts_rehash    0000000180032810 f   sfc_debug:sfcdebug.obj
 0001:00031a20       sf_debug_get_script_line_count 0000000180032a20 f   sfc_debug:sfcdebug.obj
 0001:00032470       cv_eml_state_cvId          0000000180033470 f   sfc_debug:sfcdebug.obj
 0001:000324e0       cv_eml_trans_cvId          00000001800334e0 f   sfc_debug:sfcdebug.obj
 0001:00033960       sf_debug_data_array_bounds_error 0000000180034960 f   sfc_debug:sfcdebug.obj
 0001:00033d10       eml_debug_runtime_error_doclink 0000000180034d10 f   sfc_debug:sfcdebug.obj
 0001:00033e80       sf_debug_runtime_error     0000000180034e80 f   sfc_debug:sfcdebug.obj
 0001:00033ef0       sf_debug_matlab_error      0000000180034ef0 f   sfc_debug:sfcdebug.obj
 0001:00034860       sf_debug_data_value_error  0000000180035860 f   sfc_debug:sfcdebug.obj
 0001:00035130       sf_debug_data_loss_error   0000000180036130 f   sfc_debug:sfcdebug.obj
 0001:00036050       call_cv_range_check        0000000180037050 f   sfc_debug:sfcdebug.obj
 0001:000368b0       sf_debug_invoke_cycle_detection_code 00000001800378b0 f   sfc_debug:sfcdebug.obj
 0001:00037420       sf_reset_debug_info_struct 0000000180038420 f   sfc_debug:sfcdebug.obj
 0001:00037c10       cv_script_cvId             0000000180038c10 f   sfc_debug:sfcdebug.obj
 0001:00038dd0       sfc_api_chart_visible      0000000180039dd0 f   sfc_debug:sfc_api.obj
 0001:00038e60       sfc_api_active_instance    0000000180039e60 f   sfc_debug:sfc_api.obj
 0001:00038ef0       sfc_api_machine_load       0000000180039ef0 f   sfc_debug:sfc_api.obj
 0001:00038fe0       sfc_api_debugger_alive     0000000180039fe0 f   sfc_debug:sfc_api.obj
 0001:00038ff0       sfc_api_go                 0000000180039ff0 f   sfc_debug:sfc_api.obj
 0001:00039000       sfc_api_step_over          000000018003a000 f   sfc_debug:sfc_api.obj
 0001:00039010       sfc_api_step_out           000000018003a010 f   sfc_debug:sfc_api.obj
 0001:00039020       sfc_api_resume             000000018003a020 f   sfc_debug:sfc_api.obj
 0001:00039030       sfc_api_break              000000018003a030 f   sfc_debug:sfc_api.obj
 0001:00039040       sfc_api_stop_debugging     000000018003a040 f   sfc_debug:sfc_api.obj
 0001:000390a0       sfc_api_is_cycle_detected  000000018003a0a0 f   sfc_debug:sfc_api.obj
 0001:00039100       sfc_api_is_array_bounds_detected 000000018003a100 f   sfc_debug:sfc_api.obj
 0001:00039160       sfc_api_set_disable_all_breakpoints 000000018003a160 f   sfc_debug:sfc_api.obj
 0001:000391e0       sfc_api_disable_all_breakpoints_and_go 000000018003a1e0 f   sfc_debug:sfc_api.obj
 0001:000391f0       sfc_api_close              000000018003a1f0 f   sfc_debug:sfc_api.obj
 0001:00039200       sfc_api_browse_data        000000018003a200 f   sfc_debug:sfc_api.obj
 0001:00039280       sfc_api_watch_data         000000018003a280 f   sfc_debug:sfc_api.obj
 0001:00039390       sfc_api_extract_message_post_receive_info 000000018003a390 f   sfc_debug:sfc_api.obj
 0001:000393b0       sfc_api_assign_data        000000018003a3b0 f   sfc_debug:sfc_api.obj
 0001:00039460       sfc_api_whos               000000018003a460 f   sfc_debug:sfc_api.obj
 0001:000394f0       sfc_api_get_consistency_info 000000018003a4f0 f   sfc_debug:sfc_api.obj
 0001:00039500       sfc_api_browse_trace       000000018003a500 f   sfc_debug:sfc_api.obj
 0001:00039510       sfc_api_break_on_chart_entry 000000018003a510 f   sfc_debug:sfc_api.obj
 0001:00039540       sfc_api_break_on_event_broadcast 000000018003a540 f   sfc_debug:sfc_api.obj
 0001:00039570       sfc_api_break_on_state_entry 000000018003a570 f   sfc_debug:sfc_api.obj
 0001:000395a0       sfc_api_set_watch          000000018003a5a0 f   sfc_debug:sfc_api.obj
 0001:00039650       sfc_api_set_breakpoints    000000018003a650 f   sfc_debug:sfc_api.obj
 0001:00039710       sfc_api_set_eml_breakpoints 000000018003a710 f   sfc_debug:sfc_api.obj
 0001:000397b0       sfc_api_set_script_breakpoints 000000018003a7b0 f   sfc_debug:sfc_api.obj
 0001:00039810       sfc_api_add_script_breakpoints 000000018003a810 f   sfc_debug:sfc_api.obj
 0001:00039870       sfc_api_clear_script_breakpoints 000000018003a870 f   sfc_debug:sfc_api.obj
 0001:000398d0       sfc_api_query_script_breakpoints 000000018003a8d0 f   sfc_debug:sfc_api.obj
 0001:00039940       sfc_api_get_script_id      000000018003a940 f   sfc_debug:sfc_api.obj
 0001:00039a00       sfc_api_get_active_states  000000018003aa00 f   sfc_debug:sfc_api.obj
 0001:00039a90       sfc_api_break_between_times 000000018003aa90 f   sfc_debug:sfc_api.obj
 0001:00039b00       sfc_api_get_instance_handle 000000018003ab00 f   sfc_debug:sfc_api.obj
 0001:00039bd0       sfc_api_set_animation      000000018003abd0 f   sfc_debug:sfc_api.obj
 0001:00039c20       sfc_api_select_chart       000000018003ac20 f   sfc_debug:sfc_api.obj
 0001:00039c90       sfc_api_select_charts      000000018003ac90 f   sfc_debug:sfc_api.obj
 0001:00039cc0       sfc_api_cycle_detection_check 000000018003acc0 f   sfc_debug:sfc_api.obj
 0001:00039d10       sfc_api_data_range_check   000000018003ad10 f   sfc_debug:sfc_api.obj
 0001:00039d60       sfc_api_transition_conflict_check 000000018003ad60 f   sfc_debug:sfc_api.obj
 0001:00039db0       sfc_api_state_consistency_check 000000018003adb0 f   sfc_debug:sfc_api.obj
 0001:00039e00       sfc_api_set_instance_cv_ids 000000018003ae00 f   sfc_debug:sfc_api.obj
 0001:00039f30       sfc_api_set_script_cv_ids  000000018003af30 f   sfc_debug:sfc_api.obj
 0001:0003a000       sfc_api_get_current_machine_id 000000018003b000 f   sfc_debug:sfc_api.obj
 0001:0003a030       sfc_api_get_current_machine_number 000000018003b030 f   sfc_debug:sfc_api.obj
 0001:0003a060       sfc_api_get_current_chart_number 000000018003b060 f   sfc_debug:sfc_api.obj
 0001:0003a090       sfc_api_get_current_instance_number 000000018003b090 f   sfc_debug:sfc_api.obj
 0001:0003a0c0       sfc_api_get_current_instance_handle 000000018003b0c0 f   sfc_debug:sfc_api.obj
 0001:0003a0e0       sfc_api_get_current_is_minor_time_step 000000018003b0e0 f   sfc_debug:sfc_api.obj
 0001:0003a110       sfc_api_get_current_machine_name 000000018003b110 f   sfc_debug:sfc_api.obj
 0001:0003a130       sfc_api_get_current_chart_id 000000018003b130 f   sfc_debug:sfc_api.obj
 0001:0003a160       sfc_api_get_current_object_type 000000018003b160 f   sfc_debug:sfc_api.obj
 0001:0003a190       sfc_api_get_current_event_type 000000018003b190 f   sfc_debug:sfc_api.obj
 0001:0003a1c0       sfc_api_get_current_object_id 000000018003b1c0 f   sfc_debug:sfc_api.obj
 0001:0003a1f0       sfc_get_current_active_event_type 000000018003b1f0 f   sfc_debug:sfc_api.obj
 0001:0003a220       sfc_api_get_current_active_event_id 000000018003b220 f   sfc_debug:sfc_api.obj
 0001:0003a250       sfc_api_get_current_simulation_time 000000018003b250 f   sfc_debug:sfc_api.obj
 0001:0003a270       sfc_get_current_tag_type   000000018003b270 f   sfc_debug:sfc_api.obj
 0001:0003a2a0       sfc_get_current_coverage_percentage 000000018003b2a0 f   sfc_debug:sfc_api.obj
 0001:0003a2c0       sfc_get_current_statement_context 000000018003b2c0 f   sfc_debug:sfc_api.obj
 0001:0003a2e0       sfc_get_current_optional_integer 000000018003b2e0 f   sfc_debug:sfc_api.obj
 0001:0003a310       sfc_get_current_statement_info 000000018003b310 f   sfc_debug:sfc_api.obj
 0001:0003a3b0       sfc_api_get                000000018003b3b0 f   sfc_debug:sfc_api.obj
 0001:0003b010       sf_debug_sm_fill_state_activity_data 000000018003c010 f   sfc_debug:sfdb_animation.obj
 0001:0003d850       void_ptr_stack_vector_free_total 000000018003e850 f   sfc_debug:sfdb_data_browse.obj
 0001:0003d8d0       sf_debug_st_terminate_machine 000000018003e8d0 f   sfc_debug:sfdb_data_browse.obj
 0001:0003d910       sf_debug_st_terminate_instance 000000018003e910 f   sfc_debug:sfdb_data_browse.obj
 0001:0003dcc0       push_on_to_void_ptr_stack  000000018003ecc0 f   sfc_debug:sfdb_data_browse.obj
 0001:0003de50       pop_from_void_ptr_stack    000000018003ee50 f   sfc_debug:sfdb_data_browse.obj
 0001:0003df80       sf_debug_st_get_data_value 000000018003ef80 f   sfc_debug:sfdb_data_browse.obj
 0001:0003e4b0       mx_value                   000000018003f4b0 f   sfc_debug:sfdb_data_browse.obj
 0001:0003e4f0       sf_debug_st_fill_data_struct 000000018003f4f0 f   sfc_debug:sfdb_data_browse.obj
 0001:0003e830       data_type_format_strings   000000018003f830 f   sfc_debug:sfdb_data_browse.obj
 0001:0003e8e0       sf_debug_st_fill_data      000000018003f8e0 f   sfc_debug:sfdb_data_browse.obj
 0001:0003f5d0       sf_debug_hm_get_simulink_handle 00000001800405d0 f   sfc_debug:sfdb_handle_management.obj
 0001:00040080       sf_debug_hm_initialize_globals 0000000180041080 f   sfc_debug:sfdb_handle_management.obj
 0001:00040180       sf_debug_hm_get_machine_debug_flag 0000000180041180 f   sfc_debug:sfdb_handle_management.obj
 0001:000402f0       sf_debug_hm_get_machine_id 00000001800412f0 f   sfc_debug:sfdb_handle_management.obj
 0001:00040410       sf_debug_hm_get_chart_id   0000000180041410 f   sfc_debug:sfdb_handle_management.obj
 0001:000405b0       sf_debug_hm_register_executing_SFunction 00000001800415b0 f   sfc_debug:sfdb_handle_management.obj
 0001:00040940       sf_debug_hm_form_object_boolean_properties 0000000180041940 f   sfc_debug:sfdb_handle_management.obj
 0001:00040c10       sf_debug_hm_form_object_properties 0000000180041c10 f   sfc_debug:sfdb_handle_management.obj
 0001:00040e50       sf_debug_hm_terminate_charts 0000000180041e50 f   sfc_debug:sfdb_handle_management.obj
 0001:00041530       sf_debug_hm_terminate_machines 0000000180042530 f   sfc_debug:sfdb_handle_management.obj
 0001:00042fa0       sf_debug_ss_copy_dimension 0000000180043fa0 f   sfc_debug:sfdb_symbol_scope.obj
 0001:00043060       sf_debug_ss_get_number_elements 0000000180044060 f   sfc_debug:sfdb_symbol_scope.obj
 0001:00043080       sf_debug_ss_fill_data_struct 0000000180044080 f   sfc_debug:sfdb_symbol_scope.obj
 0001:000433d0       sf_debug_ss_reset_data_info 00000001800443d0 f   sfc_debug:sfdb_symbol_scope.obj
 0001:00043430       sf_debug_fill_data_info_by_symbol_scope_entry 0000000180044430 f   sfc_debug:sfdb_symbol_scope.obj
 0001:000434f0       sf_debug_fill_data_info_by_data_vector 00000001800444f0 f   sfc_debug:sfdb_symbol_scope.obj
 0001:00043740       get_data_info_helper       0000000180044740 f   sfc_debug:sfdb_symbol_scope.obj
 0001:00043a30       sf_debug_ss_get_data_info  0000000180044a30 f   sfc_debug:sfdb_symbol_scope.obj
 0001:00043c50       sf_debug_select_mex_function 0000000180044c50 f   sfc_debug:sfdb_symbol_scope.obj
 0001:00043c80       sf_debug_is_dyn_matrix_initialized 0000000180044c80 f   sfc_debug:sfdb_symbol_scope.obj
 0001:00043ca0       sf_debug_ss_set_data_value_try 0000000180044ca0 f   sfc_debug:sfdb_symbol_scope.obj
 0001:00043e90       sf_debug_ss_get_data_value 0000000180044e90 f   sfc_debug:sfdb_symbol_scope.obj
 0001:000445f0       sf_debug_ss_data_bytes_string 00000001800455f0 f   sfc_debug:sfdb_symbol_scope.obj
 0001:00044680       sf_debug_ss_data_class_string 0000000180045680 f   sfc_debug:sfdb_symbol_scope.obj
 0001:00044a00       sf_debug_ss_data_size_string 0000000180045a00 f   sfc_debug:sfdb_symbol_scope.obj
 0001:00044ae0       sf_debug_ss_data_create_data_info_struct 0000000180045ae0 f   sfc_debug:sfdb_symbol_scope.obj
 0001:00044d90       sf_debug_ss_data_create_name_value_pair 0000000180045d90 f   sfc_debug:sfdb_symbol_scope.obj
 0001:00044e30       sf_debug_ss_data_get_whos_info 0000000180045e30 f   sfc_debug:sfdb_symbol_scope.obj
 0001:00044e40       same_named_data_in_data_array 0000000180045e40 f   sfc_debug:sfdb_symbol_scope.obj
 0001:000465d0       sf_debug_cc_terminate_chart 00000001800475d0 f   sfc_debug:sfdb_coverage.obj
 0001:000468e0       sf_debug_cc_terminate_instance 00000001800478e0 f   sfc_debug:sfdb_coverage.obj
 0001:000474b0       sf_debug_cc_mark_object_if_needed 00000001800484b0 f   sfc_debug:sfdb_coverage.obj
 0001:00047d30       sf_debug_bm_initialize_eml 0000000180048d30 f   sfc_debug:sfdb_breakpoints.obj
 0001:00048df0       sf_debug_bm_map_debug_tag_to_breakpoint_tag 0000000180049df0 f   sfc_debug:sfdb_breakpoints.obj
 0001:00048ed0       sf_debug_bm_is_a_eml_breakpoint_impl 0000000180049ed0 f   sfc_debug:sfdb_breakpoints.obj
 0001:0004a800       sf_debug_sc_push_on_error_stack 000000018004b800 f   sfc_debug:sfdb_state_consistency.obj
 0001:0004a920       sf_debug_sc_reset_error_stack 000000018004b920 f   sfc_debug:sfdb_state_consistency.obj
 0001:0004aab0       sf_debug_sc_is_state_inconsistent 000000018004bab0 f   sfc_debug:sfdb_state_consistency.obj
 0001:0004ada0       sf_debug_sc_fill_consistency_info 000000018004bda0 f   sfc_debug:sfdb_state_consistency.obj
 0001:0004b340       void_assertion_fcn         000000018004c340 f   sfc_debug:sfdb_call_stack.obj
 0001:0004b890       sf_debug_tm_fill_local_trace 000000018004c890 f   sfc_debug:sfdb_call_stack.obj
 0001:0004be30       sf_debug_cd_terminate_instance 000000018004ce30 f   sfc_debug:sfdb_cycle_detection.obj
 0001:0004be90       sf_debug_cd_free_checksum_stack 000000018004ce90 f   sfc_debug:sfdb_cycle_detection.obj
 0001:0004bee0       sf_debug_cd_reset_pack_strings 000000018004cee0 f   sfc_debug:sfdb_cycle_detection.obj
 0001:0004c580       md5file_clear              000000018004d580 f   sfc_debug:ckmd5.obj
 0001:0004c5b0       Encode                     000000018004d5b0 f   sfc_debug:ckmd5.obj
 0001:0004c600       Decode                     000000018004d600 f   sfc_debug:ckmd5.obj
 0001:0004c6a0       MD5Transform               000000018004d6a0 f   sfc_debug:ckmd5.obj
 0001:0004cf00       md5file_addn               000000018004df00 f   sfc_debug:ckmd5.obj
 0001:0004cfd0       md5file_hash               000000018004dfd0 f   sfc_debug:ckmd5.obj
 0001:0004d550       pre_c_init                 000000018004e550 f   MSVCRT:crtdll.obj
 0001:0004d80c       __DllMainCRTStartup        000000018004e80c f   MSVCRT:crtdll.obj
 0001:0004dea0       __DllMainCRTStartup$filt$0 000000018004eea0 f   MSVCRT:crtdll.obj
 0001:0004ded0       __DllMainCRTStartup$fin$1  000000018004eed0 f   MSVCRT:crtdll.obj
 0001:0004deea       _onexit$fin$0              000000018004eeea f   MSVCRT:atonexit.obj
 0001:0004df10       _IsNonwritableInCurrentImage$filt$0 000000018004ef10 f   MSVCRT:pesect.obj
